Product: MDK-ARM Professional 5.10
Component: ARM Compiler 5.04 update 1 (build 49)
Tool: armlink [5040049]

==============================================================================

Section Cross References

    ammunition_feed_ctrl.o(.text) refers to ammunition_feed.o(.text) for Ammunition_Feed_Init
    ammunition_feed_ctrl.o(.text) refers to delay.o(.text) for delay_ms
    ammunition_feed_ctrl.o(.text) refers to dr16.o(.bss) for RC_CtrlData
    ammunition_feed_ctrl.o(.text) refers to ammunition_feed.o(.bss) for encoder_data
    chassis_ctrl.o(.text) refers to chassis.o(.text) for Chassis_Pid_Init
    chassis_ctrl.o(.text) refers to pid.o(.text) for pid_init
    chassis_ctrl.o(.text) refers to chassis_ctrl.o(.bss) for chassis_follow_pid
    chassis_ctrl.o(.text) refers to dr16.o(.bss) for RC_CtrlData
    chassis_ctrl.o(.text) refers to chassis_ctrl.o(.data) for vx
    chassis_ctrl.o(.text) refers to gimbal.o(.bss) for gimbal_motor_info
    chassis_power.o(.text) refers to beep.o(.text) for Beep_On
    chassis_power.o(.text) refers to judge_data.o(.bss) for game_info
    crc.o(.text) refers to crc.o(.constdata) for CRC8_TAB
    crc.o(.text) refers to crc.o(.data) for CRC_INIT
    gimbal_ctrl.o(.text) refers to _printf_percent.o(.ARM.Collect$$_printf_percent$$00000000) for _printf_percent
    gimbal_ctrl.o(.text) refers to _printf_d.o(.ARM.Collect$$_printf_percent$$00000009) for _printf_d
    gimbal_ctrl.o(.text) refers to _printf_f.o(.ARM.Collect$$_printf_percent$$00000003) for _printf_f
    gimbal_ctrl.o(.text) refers to _printf_dec.o(.text) for _printf_int_dec
    gimbal_ctrl.o(.text) refers to printf1.o(x$fpl$printf1) for _printf_fp_dec
    gimbal_ctrl.o(.text) refers to gimbal.o(.text) for Gimbal_Pid_Init
    gimbal_ctrl.o(.text) refers to pid.o(.text) for pid_init
    gimbal_ctrl.o(.text) refers to report.o(.text) for Report_Add
    gimbal_ctrl.o(.text) refers to f2d.o(x$fpl$f2d) for __aeabi_f2d
    gimbal_ctrl.o(.text) refers to noretval__2printf.o(.text) for __2printf
    gimbal_ctrl.o(.text) refers to gimbal_ctrl.o(.bss) for gimbal_follow_pid
    gimbal_ctrl.o(.text) refers to usart.o(.bss) for vision_get
    gimbal_ctrl.o(.text) refers to dr16.o(.bss) for RC_CtrlData
    gimbal_ctrl.o(.text) refers to gimbal.o(.bss) for gimbal_motor_info
    gimbal_ctrl.o(.text) refers to gimbal_ctrl.o(.data) for yaw_angle_set
    gimbal_ctrl.o(.text) refers to judge_data.o(.bss) for game_info
    pid.o(.text) refers to _printf_percent.o(.ARM.Collect$$_printf_percent$$00000000) for _printf_percent
    pid.o(.text) refers to _printf_f.o(.ARM.Collect$$_printf_percent$$00000003) for _printf_f
    pid.o(.text) refers to printf1.o(x$fpl$printf1) for _printf_fp_dec
    pid.o(.text) refers to f2d.o(x$fpl$f2d) for __aeabi_f2d
    pid.o(.text) refers to noretval__2printf.o(.text) for __2printf
    shooter_heat.o(.text) refers to shooter_heat.o(.data) for Shooter17_Exceed_Limit_Flag
    shooter_heat.o(.text) refers to judge_data.o(.bss) for game_info
    shooter_heat.o(.text) refers to shooter_heat.o(.bss) for heat0
    ramp.o(.text) refers to ramp.o(.data) for ramp_cnt
    friction_ctrl.o(.text) refers to friction.o(.text) for Friction_Speed_Set
    friction_ctrl.o(.text) refers to dr16.o(.bss) for RC_CtrlData
    pid_set.o(.text) refers to _printf_percent.o(.ARM.Collect$$_printf_percent$$00000000) for _printf_percent
    pid_set.o(.text) refers to _printf_s.o(.ARM.Collect$$_printf_percent$$00000014) for _printf_s
    pid_set.o(.text) refers to _printf_str.o(.text) for _printf_str
    pid_set.o(.text) refers to _printf_f.o(.ARM.Collect$$_printf_percent$$00000003) for _printf_f
    pid_set.o(.text) refers to printf1.o(x$fpl$printf1) for _printf_fp_dec
    pid_set.o(.text) refers to noretval__2printf.o(.text) for __2printf
    pid_set.o(.text) refers to atof.o(i.__hardfp_atof) for __hardfp_atof
    pid_set.o(.text) refers to d2f.o(x$fpl$d2f) for __aeabi_d2f
    pid_set.o(.text) refers to f2d.o(x$fpl$f2d) for __aeabi_f2d
    pid_set.o(.text) refers to strcmpv7m.o(.text) for strcmp
    pid_set.o(.text) refers to pid.o(.text) for pid_reset
    pid_set.o(.text) refers to usart.o(.data) for USART_RX_STA
    pid_set.o(.text) refers to usart.o(.bss) for USART_RX_BUF
    pid_set.o(.text) refers to chassis.o(.bss) for chassis_spd_pid
    pid_set.o(.text) refers to gimbal.o(.bss) for gimbal_pitch_spd_pid
    report.o(.text) refers to stm32f4xx_usart.o(.text) for USART_GetFlagStatus
    report.o(.text) refers to report.o(.data) for data_index
    report.o(.text) refers to report.o(.bss) for datas
    beep.o(.text) refers to pwm.o(.text) for PWM_Beep_Init
    beep.o(.text) refers to stm32f4xx_tim.o(.text) for TIM_Cmd
    key.o(.text) refers to stm32f4xx_gpio.o(.text) for GPIO_ReadInputDataBit
    led.o(.text) refers to stm32f4xx_gpio.o(.text) for GPIO_ResetBits
    led.o(.text) refers to led.o(.data) for LED_State_Green
    mpu6500.o(.text) refers to stm32f4xx_gpio.o(.text) for GPIO_ResetBits
[...]
    Chassis_Init                             0x080002c5   Thumb Code    32  chassis_ctrl.o(.text)
    Chassis_Ctrl                             0x080002e5   Thumb Code   322  chassis_ctrl.o(.text)
    Chassis_Swing                            0x08000427   Thumb Code   102  chassis_ctrl.o(.text)
    Chassis_Follow                           0x0800048d   Thumb Code    52  chassis_ctrl.o(.text)
    Chassis_Power_Limit_Calc                 0x080004f9   Thumb Code    60  chassis_power.o(.text)
    Get_CRC8_Check_Sum                       0x0800053d   Thumb Code    30  crc.o(.text)
    Verify_CRC8_Check_Sum                    0x0800055b   Thumb Code    46  crc.o(.text)
    Append_CRC8_Check_Sum                    0x08000589   Thumb Code    36  crc.o(.text)
    Get_CRC16_Check_Sum                      0x080005ad   Thumb Code    46  crc.o(.text)
    Verify_CRC16_Check_Sum                   0x080005db   Thumb Code    60  crc.o(.text)
    Append_CRC16_Check_Sum                   0x08000617   Thumb Code    44  crc.o(.text)
    Gimbal_Init                              0x08000651   Thumb Code    80  gimbal_ctrl.o(.text)
    Gimbal_Ctrl                              0x080006a1   Thumb Code   422  gimbal_ctrl.o(.text)
    Gimbal_Follow                            0x08000847   Thumb Code   314  gimbal_ctrl.o(.text)
    abs_limit                                0x08000a15   Thumb Code    46  pid.o(.text)
    pid_init                                 0x08000a43   Thumb Code    44  pid.o(.text)
    pid_reset                                0x08000a6f   Thumb Code   120  pid.o(.text)
    pid_calc                                 0x08000ae7   Thumb Code   542  pid.o(.text)
    Shoot_Heat_Calc                          0x08000d39   Thumb Code   344  shooter_heat.o(.text)
    Friction_Ctrl                            0x08000eb5   Thumb Code    62  friction_ctrl.o(.text)
    PID_Set                                  0x08000ef9   Thumb Code   530  pid_set.o(.text)
    usart2_send_char                         0x080011bd   Thumb Code    28  report.o(.text)
    usart2_niming_report                     0x080011d9   Thumb Code   118  report.o(.text)
    Report_Data                              0x0800124f   Thumb Code    96  report.o(.text)
    Report_Add                               0x080012af   Thumb Code    24  report.o(.text)
    Report                                   0x080012c7   Thumb Code    20  report.o(.text)
    Beep_Init                                0x080012e9   Thumb Code     8  beep.o(.text)
    Beep_On                                  0x080012f1   Thumb Code    20  beep.o(.text)
    Beep_Off                                 0x08001305   Thumb Code    20  beep.o(.text)
    KEY_Scan                                 0x0800131d   Thumb Code    22  key.o(.text)
    LED_Ctrl                                 0x08001339   Thumb Code    92  led.o(.text)
    LED_Init                                 0x08001395   Thumb Code    20  led.o(.text)
    LED_Ctrl_Switch                          0x080013a9   Thumb Code   106  led.o(.text)
    CAN1_Init                                0x08001425   Thumb Code   242  can.o(.text)
    CAN1_RX0_IRQHandler                      0x08001517   Thumb Code    68  can.o(.text)
    CAN1_Send_Msg                            0x0800155b   Thumb Code   112  can.o(.text)
    DMA_USART1_Init                          0x080015d9   Thumb Code   154  dma.o(.text)
    DMA2_Stream5_IRQHandler                  0x08001673   Thumb Code    36  dma.o(.text)
    DMA_USART6_Init                          0x08001697   Thumb Code   138  dma.o(.text)
    DMA_USART2_Init                          0x08001721   Thumb Code   128  dma.o(.text)
    RM_GPIO_Init                             0x080017c9   Thumb Code  1776  gpio.o(.text)
    PWM_Init                                 0x08001ecd   Thumb Code   958  pwm.o(.text)
    PWM_Set                                  0x0800228b   Thumb Code   254  pwm.o(.text)
    PWM_Beep_Init                            0x08002389   Thumb Code    98  pwm.o(.text)
    TIM6_Init                                0x080023fd   Thumb Code   252  tim.o(.text)
    TIM6_DAC_IRQHandler                      0x080024f9   Thumb Code   282  tim.o(.text)
    _sys_exit                                0x08002635   Thumb Code     4  usart.o(.text)
    fputc                                    0x08002639   Thumb Code    32  usart.o(.text)
    USART1_Init                              0x08002659   Thumb Code   134  usart.o(.text)
    USART2_Init                              0x080026df   Thumb Code   178  usart.o(.text)
    USART3_Init                              0x08002791   Thumb Code   182  usart.o(.text)
    USART6_Init                              0x08002847   Thumb Code   180  usart.o(.text)
    PRINT_USART_IRQHandler                   0x080028fb   Thumb Code   126  usart.o(.text)
    USART6_IRQHandler                        0x08002979   Thumb Code    76  usart.o(.text)
    vision_data_get                          0x080029c5   Thumb Code   200  usart.o(.text)
    USART2_IRQHandler                        0x08002a8d   Thumb Code    74  usart.o(.text)
    Ammunition_Feed_Encoder_Init             0x08002aed   Thumb Code   132  ammunition_feed.o(.text)
    Get_Encoder_Orginial_Data                0x08002b71   Thumb Code    16  ammunition_feed.o(.text)
    Get_Encoder_Data                         0x08002b81   Thumb Code   138  ammunition_feed.o(.text)
    AmmunitionMotorSpeedSet                  0x08002c0b   Thumb Code    78  ammunition_feed.o(.text)
    Ammunition_Feed_Init                     0x08002c59   Thumb Code    72  ammunition_feed.o(.text)
    Chassis_Pid_Init                         0x08002cbd   Thumb Code   116  chassis.o(.text)
    Chassis_Motor_Speed_Set                  0x08002d31   Thumb Code   398  chassis.o(.text)
    Get_Chassis_Motor_Info                   0x08002ebf   Thumb Code   236  chassis.o(.text)
    RC_Init                                  0x08002fd5   Thumb Code    12  dr16.o(.text)
    RC_Mouse_Action_Read                     0x08002fe1   Thumb Code    28  dr16.o(.text)
    RC_Action                                0x08002ffd   Thumb Code   198  dr16.o(.text)
    RemoteDataProcess                        0x080030c3   Thumb Code   248  dr16.o(.text)
    RC_CH_Mapping                            0x080031bb   Thumb Code    38  dr16.o(.text)
    RC_Key_Action_Read                       0x080031e1   Thumb Code    74  dr16.o(.text)
    RC_Key_Read                              0x0800322b   Thumb Code    22  dr16.o(.text)
    Friction_Range_Set                       0x08003269   Thumb Code    42  friction.o(.text)
    Friction_Speed_Set                       0x08003293   Thumb Code    28  friction.o(.text)
    Friction_Range_Set_Fast                  0x080032af   Thumb Code    68  friction.o(.text)
    Gimbal_Pid_Init                          0x080032f5   Thumb Code   120  gimbal.o(.text)
    Gimbal_Motor_Speed_Set                   0x0800336d   Thumb Code   246  gimbal.o(.text)
    Get_Gimbal_Motor_Info                    0x08003463   Thumb Code   386  gimbal.o(.text)
    Judge_Init                               0x0800361d   Thumb Code    38  judge_data.o(.text)
    get_info_from_buf                        0x08003643   Thumb Code   206  judge_data.o(.text)
    judge_data_get                           0x08003711   Thumb Code  1150  judge_data.o(.text)
    Laser_Init                               0x08003b9d   Thumb Code    14  laser.o(.text)
    Laser_Ctrl                               0x08003bab   Thumb Code    30  laser.o(.text)
    Get_UWB_Info                             0x08003bcd   Thumb Code   132  uwb.o(.text)
    System_Reset                             0x08003c55   Thumb Code    42  system_reset.o(.text)
    IWDG_Init                                0x08003c89   Thumb Code    36  watch_dog.o(.text)
    IWDG_Feed                                0x08003cad   Thumb Code     8  watch_dog.o(.text)
    WWDG_Init                                0x08003cb5   Thumb Code    86  watch_dog.o(.text)
    WWDG_IRQHandler                          0x08003d0b   Thumb Code    16  watch_dog.o(.text)
    Reset_Handler                            0x08003d21   Thumb Code     8  startup_stm32f427_437xx.o(.text)
    ADC_IRQHandler                           0x08003d3b   Thumb Code     0  startup_stm32f427_437xx.o(.text)
    CAN1_RX1_IRQHandler                      0x08003d3b   Thumb Code     0  startup_stm32f427_437xx.o(.text)
    CAN1_SCE_IRQHandler                      0x08003d3b   Thumb Code     0  startup_stm32f427_437xx.o(.text)
    CAN1_TX_IRQHandler                       0x08003d3b   Thumb Code     0  startup_stm32f427_437xx.o(.text)
    CAN2_RX0_IRQHandler                      0x08003d3b   Thumb Code     0  startup_stm32f427_437xx.o(.text)
    CAN2_RX1_IRQHandler                      0x08003d3b   Thumb Code     0  startup_stm32f427_437xx.o(.text)
    CAN2_SCE_IRQHandler                      0x08003d3b   Thumb Code     0  startup_stm32f427_437xx.o(.text)
    CAN2_TX_IRQHandler                       0x08003d3b   Thumb Code     0  startup_stm32f427_437xx.o(.text)
    CRYP_IRQHandler                          0x08003d3b   Thumb Code     0  startup_stm32f427_437xx.o(.text)
    DCMI_IRQHandler                          0x08003d3b   Thumb Code     0  startup_stm32f427_437xx.o(.text)
    DMA1_Stream0_IRQHandler                  0x08003d3b   Thumb Code     0  startup_stm32f427_437xx.o(.text)
    DMA1_Stream1_IRQHandler                  0x08003d3b   Thumb Code     0  startup_stm32f427_437xx.o(.text)
    DMA1_Stream2_IRQHandler                  0x08003d3b   Thumb Code     0  startup_stm32f427_437xx.o(.text)
    DMA1_Stream3_IRQHandler                  0x08003d3b   Thumb Code     0  startup_stm32f427_437xx.o(.text)
    DMA1_Stream4_IRQHandler                  0x08003d3b   Thumb Code     0  startup_stm32f427_437xx.o(.text)
    DMA1_Stream5_IRQHandler                  0x08003d3b   Thumb Code     0  startup_stm32f427_437xx.o(.text)
    DMA1_Stream6_IRQHandler                  0x08003d3b   Thumb Code     0  startup_stm32f427_437xx.o(.text)
    DMA1_Stream7_IRQHandler                  0x08003d3b   Thumb Code     0  startup_stm32f427_437xx.o(.text)
    DMA2D_IRQHandler                         0x08003d3b   Thumb Code     0  startup_stm32f427_437xx.o(.text)
    DMA2_Stream0_IRQHandler                  0x08003d3b   Thumb Code     0  startup_stm32f427_437xx.o(.text)
    DMA2_Stream1_IRQHandler                  0x08003d3b   Thumb Code     0  startup_stm32f427_437xx.o(.text)
    DMA2_Stream2_IRQHandler                  0x08003d3b   Thumb Code     0  startup_stm32f427_437xx.o(.text)
    DMA2_Stream3_IRQHandler                  0x08003d3b   Thumb Code     0  startup_stm32f427_437xx.o(.text)
    DMA2_Stream4_IRQHandler                  0x08003d3b   Thumb Code     0  startup_stm32f427_437xx.o(.text)
    DMA2_Stream6_IRQHandler                  0x08003d3b   Thumb Code     0  startup_stm32f427_437xx.o(.text)
    DMA2_Stream7_IRQHandler                  0x08003d3b   Thumb Code     0  startup_stm32f427_437xx.o(.text)
    ETH_IRQHandler                           0x08003d3b   Thumb Code     0  startup_stm32f427_437xx.o(.text)
    ETH_WKUP_IRQHandler                      0x08003d3b   Thumb Code     0  startup_stm32f427_437xx.o(.text)
    EXTI0_IRQHandler                         0x08003d3b   Thumb Code     0  startup_stm32f427_437xx.o(.text)
    EXTI15_10_IRQHandler                     0x08003d3b   Thumb Code     0  startup_stm32f427_437xx.o(.text)
    EXTI1_IRQHandler                         0x08003d3b   Thumb Code     0  startup_stm32f427_437xx.o(.text)
    EXTI2_IRQHandler                         0x08003d3b   Thumb Code     0  startup_stm32f427_437xx.o(.text)
    EXTI3_IRQHandler                         0x08003d3b   Thumb Code     0  startup_stm32f427_437xx.o(.text)
    EXTI4_IRQHandler                         0x08003d3b   Thumb Code     0  startup_stm32f427_437xx.o(.text)
    EXTI9_5_IRQHandler                       0x08003d3b   Thumb Code     0  startup_stm32f427_437xx.o(.text)
    FLASH_IRQHandler                         0x08003d3b   Thumb Code     0  startup_stm32f427_437xx.o(.text)
    FMC_IRQHandler                           0x08003d3b   Thumb Code     0  startup_stm32f427_437xx.o(.text)
    FPU_IRQHandler                           0x08003d3b   Thumb Code     0  startup_stm32f427_437xx.o(.text)
    HASH_RNG_IRQHandler                      0x08003d3b   Thumb Code     0  startup_stm32f427_437xx.o(.text)
    I2C1_ER_IRQHandler                       0x08003d3b   Thumb Code     0  startup_stm32f427_437xx.o(.text)
    I2C1_EV_IRQHandler                       0x08003d3b   Thumb Code     0  startup_stm32f427_437xx.o(.text)
    I2C2_ER_IRQHandler                       0x08003d3b   Thumb Code     0  startup_stm32f427_437xx.o(.text)
    I2C2_EV_IRQHandler                       0x08003d3b   Thumb Code     0  startup_stm32f427_437xx.o(.text)
    I2C3_ER_IRQHandler                       0x08003d3b   Thumb Code     0  startup_stm32f427_437xx.o(.text)
    I2C3_EV_IRQHandler                       0x08003d3b   Thumb Code     0  startup_stm32f427_437xx.o(.text)
    OTG_FS_IRQHandler                        0x08003d3b   Thumb Code     0  startup_stm32f427_437xx.o(.text)
    OTG_FS_WKUP_IRQHandler                   0x08003d3b   Thumb Code     0  startup_stm32f427_437xx.o(.text)
    OTG_HS_EP1_IN_IRQHandler                 0x08003d3b   Thumb Code     0  startup_stm32f427_437xx.o(.text)
    OTG_HS_EP1_OUT_IRQHandler                0x08003d3b   Thumb Code     0  startup_stm32f427_437xx.o(.text)
    OTG_HS_IRQHandler                        0x08003d3b   Thumb Code     0  startup_stm32f427_437xx.o(.text)
    OTG_HS_WKUP_IRQHandler                   0x08003d3b   Thumb Code     0  startup_stm32f427_437xx.o(.text)
    PVD_IRQHandler                           0x08003d3b   Thumb Code     0  startup_stm32f427_437xx.o(.text)
    RCC_IRQHandler                           0x08003d3b   Thumb Code     0  startup_stm32f427_437xx.o(.text)
    RTC_Alarm_IRQHandler                     0x08003d3b   Thumb Code     0  startup_stm32f427_437xx.o(.text)
    RTC_WKUP_IRQHandler                      0x08003d3b   Thumb Code     0  startup_stm32f427_437xx.o(.text)
    SAI1_IRQHandler                          0x08003d3b   Thumb Code     0  startup_stm32f427_437xx.o(.text)
    SDIO_IRQHandler                          0x08003d3b   Thumb Code     0  startup_stm32f427_437xx.o(.text)
    SPI1_IRQHandler                          0x08003d3b   Thumb Code     0  startup_stm32f427_437xx.o(.text)
    SPI2_IRQHandler                          0x08003d3b   Thumb Code     0  startup_stm32f427_437xx.o(.text)
    SPI3_IRQHandler                          0x08003d3b   Thumb Code     0  startup_stm32f427_437xx.o(.text)
    SPI4_IRQHandler                          0x08003d3b   Thumb Code     0  startup_stm32f427_437xx.o(.text)
    SPI5_IRQHandler                          0x08003d3b   Thumb Code     0  startup_stm32f427_437xx.o(.text)
    SPI6_IRQHandler                          0x08003d3b   Thumb Code     0  startup_stm32f427_437xx.o(.text)
    TAMP_STAMP_IRQHandler                    0x08003d3b   Thumb Code     0  startup_stm32f427_437xx.o(.text)
    TIM1_BRK_TIM9_IRQHandler                 0x08003d3b   Thumb Code     0  startup_stm32f427_437xx.o(.text)
    TIM1_CC_IRQHandler                       0x08003d3b   Thumb Code     0  startup_stm32f427_437xx.o(.text)
    TIM1_TRG_COM_TIM11_IRQHandler            0x08003d3b   Thumb Code     0  startup_stm32f427_437xx.o(.text)
    TIM1_UP_TIM10_IRQHandler                 0x08003d3b   Thumb Code     0  startup_stm32f427_437xx.o(.text)
    TIM2_IRQHandler                          0x08003d3b   Thumb Code     0  startup_stm32f427_437xx.o(.text)
    TIM3_IRQHandler                          0x08003d3b   Thumb Code     0  startup_stm32f427_437xx.o(.text)
    TIM4_IRQHandler                          0x08003d3b   Thumb Code     0  startup_stm32f427_437xx.o(.text)
    TIM5_IRQHandler                          0x08003d3b   Thumb Code     0  startup_stm32f427_437xx.o(.text)
    TIM7_IRQHandler                          0x08003d3b   Thumb Code     0  startup_stm32f427_437xx.o(.text)
    TIM8_BRK_TIM12_IRQHandler                0x08003d3b   Thumb Code     0  startup_stm32f427_437xx.o(.text)
    TIM8_CC_IRQHandler                       0x08003d3b   Thumb Code     0  startup_stm32f427_437xx.o(.text)
    TIM8_TRG_COM_TIM14_IRQHandler            0x08003d3b   Thumb Code     0  startup_stm32f427_437xx.o(.text)
    TIM8_UP_TIM13_IRQHandler                 0x08003d3b   Thumb Code     0  startup_stm32f427_437xx.o(.text)
    UART4_IRQHandler                         0x08003d3b   Thumb Code     0  startup_stm32f427_437xx.o(.text)
    UART5_IRQHandler                         0x08003d3b   Thumb Code     0  startup_stm32f427_437xx.o(.text)
    UART7_IRQHandler                         0x08003d3b   Thumb Code     0  startup_stm32f427_437xx.o(.text)
    UART8_IRQHandler                         0x08003d3b   Thumb Code     0  startup_stm32f427_437xx.o(.text)
    USART1_IRQHandler                        0x08003d3b   Thumb Code     0  startup_stm32f427_437xx.o(.text)
    USART3_IRQHandler                        0x08003d3b   Thumb Code     0  startup_stm32f427_437xx.o(.text)
    __user_initial_stackheap                 0x08003d3d   Thumb Code     0  startup_stm32f427_437xx.o(.text)
    NVIC_PriorityGroupConfig                 0x08003d61   Thumb Code    10  misc.o(.text)
    NVIC_Init                                0x08003d6b   Thumb Code   106  misc.o(.text)
    NVIC_SetVectorTable                      0x08003dd5   Thumb Code    14  misc.o(.text)
    NVIC_SystemLPConfig                      0x08003de3   Thumb Code    34  misc.o(.text)
    SysTick_CLKSourceConfig                  0x08003e05   Thumb Code    40  misc.o(.text)
    CAN_DeInit                               0x08003e41   Thumb Code    50  stm32f4xx_can.o(.text)
    CAN_Init                                 0x08003e73   Thumb Code   276  stm32f4xx_can.o(.text)
    CAN_FilterInit                           0x08003f87   Thumb Code   258  stm32f4xx_can.o(.text)
    CAN_StructInit                           0x08004089   Thumb Code    32  stm32f4xx_can.o(.text)
    CAN_SlaveStartBank                       0x080040a9   Thumb Code    48  stm32f4xx_can.o(.text)
    CAN_DBGFreeze                            0x080040d9   Thumb Code    22  stm32f4xx_can.o(.text)
    CAN_TTComModeCmd                         0x080040ef   Thumb Code   118  stm32f4xx_can.o(.text)
    CAN_Transmit                             0x08004165   Thumb Code   304  stm32f4xx_can.o(.text)
    CAN_TransmitStatus                       0x08004295   Thumb Code   138  stm32f4xx_can.o(.text)
    CAN_CancelTransmit                       0x0800431f   Thumb Code    48  stm32f4xx_can.o(.text)
    CAN_Receive                              0x0800434f   Thumb Code   240  stm32f4xx_can.o(.text)
    CAN_FIFORelease                          0x0800443f   Thumb Code    22  stm32f4xx_can.o(.text)
    CAN_MessagePending                       0x08004455   Thumb Code    30  stm32f4xx_can.o(.text)
    CAN_OperatingModeRequest                 0x08004473   Thumb Code   162  stm32f4xx_can.o(.text)
    CAN_Sleep                                0x08004515   Thumb Code    30  stm32f4xx_can.o(.text)
    CAN_WakeUp                               0x08004533   Thumb Code    48  stm32f4xx_can.o(.text)
    CAN_GetLastErrorCode                     0x08004563   Thumb Code    12  stm32f4xx_can.o(.text)
    CAN_GetReceiveErrorCounter               0x0800456f   Thumb Code    10  stm32f4xx_can.o(.text)
    CAN_GetLSBTransmitErrorCounter           0x08004579   Thumb Code    12  stm32f4xx_can.o(.text)
    CAN_ITConfig                             0x08004585   Thumb Code    18  stm32f4xx_can.o(.text)
    CAN_GetFlagStatus                        0x08004597   Thumb Code   120  stm32f4xx_can.o(.text)
    CAN_ClearFlag                            0x0800460f   Thumb Code    52  stm32f4xx_can.o(.text)
    CAN_GetITStatus                          0x08004655   Thumb Code   310  stm32f4xx_can.o(.text)
    CAN_ClearITPendingBit                    0x0800478b   Thumb Code   162  stm32f4xx_can.o(.text)
    DMA_DeInit                               0x08004831   Thumb Code   324  stm32f4xx_dma.o(.text)
    DMA_Init                                 0x08004975   Thumb Code    82  stm32f4xx_dma.o(.text)
    DMA_StructInit                           0x080049c7   Thumb Code    34  stm32f4xx_dma.o(.text)
    DMA_Cmd                                  0x080049e9   Thumb Code    22  stm32f4xx_dma.o(.text)
    DMA_PeriphIncOffsetSizeConfig            0x080049ff   Thumb Code    22  stm32f4xx_dma.o(.text)
    DMA_FlowControllerConfig                 0x08004a15   Thumb Code    22  stm32f4xx_dma.o(.text)
    DMA_SetCurrDataCounter                   0x08004a2b   Thumb Code     4  stm32f4xx_dma.o(.text)
    DMA_GetCurrDataCounter                   0x08004a2f   Thumb Code     8  stm32f4xx_dma.o(.text)
    DMA_DoubleBufferModeConfig               0x08004a37   Thumb Code    24  stm32f4xx_dma.o(.text)
    DMA_DoubleBufferModeCmd                  0x08004a4f   Thumb Code    22  stm32f4xx_dma.o(.text)
    DMA_MemoryTargetConfig                   0x08004a65   Thumb Code    10  stm32f4xx_dma.o(.text)
    DMA_GetCurrentMemoryTarget               0x08004a6f   Thumb Code    20  stm32f4xx_dma.o(.text)
    DMA_GetCmdStatus                         0x08004a83   Thumb Code    20  stm32f4xx_dma.o(.text)
    DMA_GetFIFOStatus                        0x08004a97   Thumb Code    12  stm32f4xx_dma.o(.text)
    DMA_GetFlagStatus                        0x08004aa3   Thumb Code    56  stm32f4xx_dma.o(.text)
    DMA_ClearFlag                            0x08004adb   Thumb Code    40  stm32f4xx_dma.o(.text)
    DMA_ITConfig                             0x08004b03   Thumb Code    58  stm32f4xx_dma.o(.text)
    DMA_GetITStatus                          0x08004b3d   Thumb Code    84  stm32f4xx_dma.o(.text)
    DMA_ClearITPendingBit                    0x08004b91   Thumb Code    40  stm32f4xx_dma.o(.text)
    GPIO_DeInit                              0x08004bd9   Thumb Code   268  stm32f4xx_gpio.o(.text)
    GPIO_Init                                0x08004ce5   Thumb Code   144  stm32f4xx_gpio.o(.text)
    GPIO_StructInit                          0x08004d75   Thumb Code    18  stm32f4xx_gpio.o(.text)
    GPIO_PinLockConfig                       0x08004d87   Thumb Code    34  stm32f4xx_gpio.o(.text)
    GPIO_ReadInputDataBit                    0x08004da9   Thumb Code    18  stm32f4xx_gpio.o(.text)
    GPIO_ReadInputData                       0x08004dbb   Thumb Code     8  stm32f4xx_gpio.o(.text)
    GPIO_ReadOutputDataBit                   0x08004dc3   Thumb Code    18  stm32f4xx_gpio.o(.text)
    GPIO_ReadOutputData                      0x08004dd5   Thumb Code     8  stm32f4xx_gpio.o(.text)
    GPIO_SetBits                             0x08004ddd   Thumb Code     4  stm32f4xx_gpio.o(.text)
    GPIO_ResetBits                           0x08004de1   Thumb Code     4  stm32f4xx_gpio.o(.text)
    GPIO_WriteBit                            0x08004de5   Thumb Code    10  stm32f4xx_gpio.o(.text)
    GPIO_Write                               0x08004def   Thumb Code     4  stm32f4xx_gpio.o(.text)
    GPIO_ToggleBits                          0x08004df3   Thumb Code     8  stm32f4xx_gpio.o(.text)
    GPIO_PinAFConfig                         0x08004dfb   Thumb Code    70  stm32f4xx_gpio.o(.text)
    RCC_DeInit                               0x08004e6d   Thumb Code    82  stm32f4xx_rcc.o(.text)
    RCC_HSEConfig                            0x08004ebf   Thumb Code    14  stm32f4xx_rcc.o(.text)
    RCC_GetFlagStatus                        0x08004ecd   Thumb Code    60  stm32f4xx_rcc.o(.text)
    RCC_WaitForHSEStartUp                    0x08004f09   Thumb Code    56  stm32f4xx_rcc.o(.text)
    RCC_AdjustHSICalibrationValue            0x08004f41   Thumb Code    20  stm32f4xx_rcc.o(.text)
    RCC_HSICmd                               0x08004f55   Thumb Code     6  stm32f4xx_rcc.o(.text)
    RCC_LSEConfig                            0x08004f5b   Thumb Code    46  stm32f4xx_rcc.o(.text)
    RCC_LSICmd                               0x08004f89   Thumb Code     6  stm32f4xx_rcc.o(.text)
    RCC_PLLConfig                            0x08004f8f   Thumb Code    32  stm32f4xx_rcc.o(.text)
    RCC_PLLCmd                               0x08004faf   Thumb Code     6  stm32f4xx_rcc.o(.text)
    RCC_PLLI2SConfig                         0x08004fb5   Thumb Code    20  stm32f4xx_rcc.o(.text)
    RCC_PLLI2SCmd                            0x08004fc9   Thumb Code     6  stm32f4xx_rcc.o(.text)
    RCC_PLLSAIConfig                         0x08004fcf   Thumb Code    20  stm32f4xx_rcc.o(.text)
    RCC_PLLSAICmd                            0x08004fe3   Thumb Code     6  stm32f4xx_rcc.o(.text)
    RCC_ClockSecuritySystemCmd               0x08004fe9   Thumb Code     6  stm32f4xx_rcc.o(.text)
    RCC_MCO1Config                           0x08004fef   Thumb Code    28  stm32f4xx_rcc.o(.text)
    RCC_MCO2Config                           0x0800500b   Thumb Code    28  stm32f4xx_rcc.o(.text)
    RCC_SYSCLKConfig                         0x08005027   Thumb Code    20  stm32f4xx_rcc.o(.text)
    RCC_GetSYSCLKSource                      0x0800503b   Thumb Code    12  stm32f4xx_rcc.o(.text)
    RCC_HCLKConfig                           0x08005047   Thumb Code    20  stm32f4xx_rcc.o(.text)
    RCC_PCLK1Config                          0x0800505b   Thumb Code    20  stm32f4xx_rcc.o(.text)
    RCC_PCLK2Config                          0x0800506f   Thumb Code    22  stm32f4xx_rcc.o(.text)
    RCC_GetClocksFreq                        0x08005085   Thumb Code   222  stm32f4xx_rcc.o(.text)
    RCC_RTCCLKConfig                         0x08005163   Thumb Code    54  stm32f4xx_rcc.o(.text)
    RCC_RTCCLKCmd                            0x08005199   Thumb Code     8  stm32f4xx_rcc.o(.text)
    RCC_BackupResetCmd                       0x080051a1   Thumb Code     8  stm32f4xx_rcc.o(.text)
    RCC_I2SCLKConfig                         0x080051a9   Thumb Code     6  stm32f4xx_rcc.o(.text)
    RCC_SAIPLLI2SClkDivConfig                0x080051af   Thumb Code    26  stm32f4xx_rcc.o(.text)
    RCC_SAIPLLSAIClkDivConfig                0x080051c9   Thumb Code    28  stm32f4xx_rcc.o(.text)
    RCC_SAIBlockACLKConfig                   0x080051e5   Thumb Code    20  stm32f4xx_rcc.o(.text)
    RCC_SAIBlockBCLKConfig                   0x080051f9   Thumb Code    20  stm32f4xx_rcc.o(.text)
    RCC_LTDCCLKDivConfig                     0x0800520d   Thumb Code    20  stm32f4xx_rcc.o(.text)
    RCC_TIMCLKPresConfig                     0x08005221   Thumb Code     6  stm32f4xx_rcc.o(.text)
    RCC_AHB1PeriphClockCmd                   0x08005227   Thumb Code    82  stm32f4xx_rcc.o(.text)
    RCC_AHB2PeriphClockCmd                   0x08005279   Thumb Code    26  stm32f4xx_rcc.o(.text)
    RCC_AHB3PeriphClockCmd                   0x08005293   Thumb Code    34  stm32f4xx_rcc.o(.text)
    RCC_APB1PeriphClockCmd                   0x080052b5   Thumb Code    34  stm32f4xx_rcc.o(.text)
    RCC_APB2PeriphClockCmd                   0x080052d7   Thumb Code    34  stm32f4xx_rcc.o(.text)
    RCC_AHB1PeriphResetCmd                   0x080052f9   Thumb Code    34  stm32f4xx_rcc.o(.text)
    RCC_AHB2PeriphResetCmd                   0x0800531b   Thumb Code    34  stm32f4xx_rcc.o(.text)
    RCC_AHB3PeriphResetCmd                   0x0800533d   Thumb Code    34  stm32f4xx_rcc.o(.text)
    RCC_APB1PeriphResetCmd                   0x0800535f   Thumb Code    34  stm32f4xx_rcc.o(.text)
    RCC_APB2PeriphResetCmd                   0x08005381   Thumb Code    34  stm32f4xx_rcc.o(.text)
    RCC_AHB1PeriphClockLPModeCmd             0x080053a3   Thumb Code    34  stm32f4xx_rcc.o(.text)
    RCC_AHB2PeriphClockLPModeCmd             0x080053c5   Thumb Code    34  stm32f4xx_rcc.o(.text)
    RCC_AHB3PeriphClockLPModeCmd             0x080053e7   Thumb Code    34  stm32f4xx_rcc.o(.text)
    RCC_APB1PeriphClockLPModeCmd             0x08005409   Thumb Code    34  stm32f4xx_rcc.o(.text)
    RCC_APB2PeriphClockLPModeCmd             0x0800542b   Thumb Code    34  stm32f4xx_rcc.o(.text)
    RCC_LSEModeConfig                        0x0800544d   Thumb Code    40  stm32f4xx_rcc.o(.text)
    RCC_ITConfig                             0x08005475   Thumb Code    34  stm32f4xx_rcc.o(.text)
    RCC_ClearFlag                            0x08005497   Thumb Code    18  stm32f4xx_rcc.o(.text)
    RCC_GetITStatus                          0x080054a9   Thumb Code    22  stm32f4xx_rcc.o(.text)
    RCC_ClearITPendingBit                    0x080054bf   Thumb Code     8  stm32f4xx_rcc.o(.text)
    TIM_DeInit                               0x080054cd   Thumb Code   346  stm32f4xx_tim.o(.text)
    TIM_TimeBaseInit                         0x08005627   Thumb Code   104  stm32f4xx_tim.o(.text)
    TIM_TimeBaseStructInit                   0x0800568f   Thumb Code    18  stm32f4xx_tim.o(.text)
    TIM_PrescalerConfig                      0x080056a1   Thumb Code     6  stm32f4xx_tim.o(.text)
    TIM_CounterModeConfig                    0x080056a7   Thumb Code    18  stm32f4xx_tim.o(.text)
    TIM_SetCounter                           0x080056b9   Thumb Code     4  stm32f4xx_tim.o(.text)
    TIM_SetAutoreload                        0x080056bd   Thumb Code     4  stm32f4xx_tim.o(.text)
    TIM_GetCounter                           0x080056c1   Thumb Code     6  stm32f4xx_tim.o(.text)
    TIM_GetPrescaler                         0x080056c7   Thumb Code     6  stm32f4xx_tim.o(.text)
    TIM_UpdateDisableConfig                  0x080056cd   Thumb Code    24  stm32f4xx_tim.o(.text)
    TIM_UpdateRequestConfig                  0x080056e5   Thumb Code    24  stm32f4xx_tim.o(.text)
    TIM_ARRPreloadConfig                     0x080056fd   Thumb Code    24  stm32f4xx_tim.o(.text)
    TIM_SelectOnePulseMode                   0x08005715   Thumb Code    18  stm32f4xx_tim.o(.text)
    TIM_SetClockDivision                     0x08005727   Thumb Code    18  stm32f4xx_tim.o(.text)
    TIM_Cmd                                  0x08005739   Thumb Code    24  stm32f4xx_tim.o(.text)
    TIM_OC1Init                              0x08005751   Thumb Code   114  stm32f4xx_tim.o(.text)
    TIM_OC2Init                              0x080057c3   Thumb Code   154  stm32f4xx_tim.o(.text)
    TIM_OC3Init                              0x0800585d   Thumb Code   204  stm32f4xx_tim.o(.text)
    TIM_OC4Init                              0x08005929   Thumb Code   112  stm32f4xx_tim.o(.text)
    TIM_OCStructInit                         0x08005999   Thumb Code    20  stm32f4xx_tim.o(.text)
    TIM_SelectOCxM                           0x080059ad   Thumb Code    86  stm32f4xx_tim.o(.text)
    TIM_SetCompare1                          0x08005a03   Thumb Code     4  stm32f4xx_tim.o(.text)
    TIM_SetCompare2                          0x08005a07   Thumb Code     4  stm32f4xx_tim.o(.text)
    TIM_SetCompare3                          0x08005a0b   Thumb Code     4  stm32f4xx_tim.o(.text)
    TIM_SetCompare4                          0x08005a0f   Thumb Code     4  stm32f4xx_tim.o(.text)
    TIM_ForcedOC1Config                      0x08005a13   Thumb Code    18  stm32f4xx_tim.o(.text)
    TIM_ForcedOC2Config                      0x08005a25   Thumb Code    26  stm32f4xx_tim.o(.text)
    TIM_ForcedOC3Config                      0x08005a3f   Thumb Code    18  stm32f4xx_tim.o(.text)
    TIM_ForcedOC4Config                      0x08005a51   Thumb Code    26  stm32f4xx_tim.o(.text)
    TIM_OC1PreloadConfig                     0x08005a6b   Thumb Code    18  stm32f4xx_tim.o(.text)
    TIM_OC2PreloadConfig                     0x08005a7d   Thumb Code    26  stm32f4xx_tim.o(.text)
    TIM_OC3PreloadConfig                     0x08005a97   Thumb Code    18  stm32f4xx_tim.o(.text)
    TIM_OC4PreloadConfig                     0x08005aa9   Thumb Code    26  stm32f4xx_tim.o(.text)
    TIM_OC1FastConfig                        0x08005ac3   Thumb Code    18  stm32f4xx_tim.o(.text)
    TIM_OC2FastConfig                        0x08005ad5   Thumb Code    26  stm32f4xx_tim.o(.text)
    TIM_OC3FastConfig                        0x08005aef   Thumb Code    18  stm32f4xx_tim.o(.text)
    TIM_OC4FastConfig                        0x08005b01   Thumb Code    26  stm32f4xx_tim.o(.text)
    TIM_ClearOC1Ref                          0x08005b1b   Thumb Code    18  stm32f4xx_tim.o(.text)
    TIM_ClearOC2Ref                          0x08005b2d   Thumb Code    24  stm32f4xx_tim.o(.text)
    TIM_ClearOC3Ref                          0x08005b45   Thumb Code    18  stm32f4xx_tim.o(.text)
    TIM_ClearOC4Ref                          0x08005b57   Thumb Code    24  stm32f4xx_tim.o(.text)
    TIM_OC1PolarityConfig                    0x08005b6f   Thumb Code    18  stm32f4xx_tim.o(.text)
    TIM_OC1NPolarityConfig                   0x08005b81   Thumb Code    18  stm32f4xx_tim.o(.text)
    TIM_OC2PolarityConfig                    0x08005b93   Thumb Code    26  stm32f4xx_tim.o(.text)
    TIM_OC2NPolarityConfig                   0x08005bad   Thumb Code    26  stm32f4xx_tim.o(.text)
    TIM_OC3PolarityConfig                    0x08005bc7   Thumb Code    26  stm32f4xx_tim.o(.text)
    TIM_OC3NPolarityConfig                   0x08005be1   Thumb Code    26  stm32f4xx_tim.o(.text)
    TIM_OC4PolarityConfig                    0x08005bfb   Thumb Code    26  stm32f4xx_tim.o(.text)
    TIM_CCxCmd                               0x08005c15   Thumb Code    30  stm32f4xx_tim.o(.text)
    TIM_CCxNCmd                              0x08005c33   Thumb Code    30  stm32f4xx_tim.o(.text)
    TIM_SetIC4Prescaler                      0x08005c51   Thumb Code    26  stm32f4xx_tim.o(.text)
    TIM_SetIC3Prescaler                      0x08005cbb   Thumb Code    18  stm32f4xx_tim.o(.text)
    TIM_SetIC2Prescaler                      0x08005d15   Thumb Code    26  stm32f4xx_tim.o(.text)
    TIM_SetIC1Prescaler                      0x08005d89   Thumb Code    18  stm32f4xx_tim.o(.text)
    TIM_ICInit                               0x08005dd5   Thumb Code   110  stm32f4xx_tim.o(.text)
    TIM_ICStructInit                         0x08005e43   Thumb Code    18  stm32f4xx_tim.o(.text)
    TIM_PWMIConfig                           0x08005e55   Thumb Code   124  stm32f4xx_tim.o(.text)
    TIM_GetCapture1                          0x08005ed1   Thumb Code     6  stm32f4xx_tim.o(.text)
    TIM_GetCapture2                          0x08005ed7   Thumb Code     6  stm32f4xx_tim.o(.text)
    TIM_GetCapture3                          0x08005edd   Thumb Code     6  stm32f4xx_tim.o(.text)
    TIM_GetCapture4                          0x08005ee3   Thumb Code     6  stm32f4xx_tim.o(.text)
    TIM_BDTRConfig                           0x08005ee9   Thumb Code    32  stm32f4xx_tim.o(.text)
    TIM_BDTRStructInit                       0x08005f09   Thumb Code    18  stm32f4xx_tim.o(.text)
    TIM_CtrlPWMOutputs                       0x08005f1b   Thumb Code    30  stm32f4xx_tim.o(.text)
    TIM_SelectCOM                            0x08005f39   Thumb Code    24  stm32f4xx_tim.o(.text)
    TIM_CCPreloadControl                     0x08005f51   Thumb Code    24  stm32f4xx_tim.o(.text)
    TIM_ITConfig                             0x08005f69   Thumb Code    18  stm32f4xx_tim.o(.text)
    TIM_GenerateEvent                        0x08005f7b   Thumb Code     4  stm32f4xx_tim.o(.text)
    TIM_GetFlagStatus                        0x08005f7f   Thumb Code    18  stm32f4xx_tim.o(.text)
    TIM_ClearFlag                            0x08005f91   Thumb Code     6  stm32f4xx_tim.o(.text)
    TIM_GetITStatus                          0x08005f97   Thumb Code    34  stm32f4xx_tim.o(.text)
    TIM_ClearITPendingBit                    0x08005fb9   Thumb Code     6  stm32f4xx_tim.o(.text)
    TIM_DMAConfig                            0x08005fbf   Thumb Code    10  stm32f4xx_tim.o(.text)
    TIM_DMACmd                               0x08005fc9   Thumb Code    18  stm32f4xx_tim.o(.text)
    TIM_SelectCCDMA                          0x08005fdb   Thumb Code    24  stm32f4xx_tim.o(.text)
    TIM_InternalClockConfig                  0x08005ff3   Thumb Code    12  stm32f4xx_tim.o(.text)
    TIM_SelectInputTrigger                   0x08005fff   Thumb Code    18  stm32f4xx_tim.o(.text)
    TIM_ITRxExternalClockConfig              0x08006011   Thumb Code    24  stm32f4xx_tim.o(.text)
    TIM_TIxExternalClockConfig               0x08006029   Thumb Code    62  stm32f4xx_tim.o(.text)
    TIM_ETRConfig                            0x08006067   Thumb Code    28  stm32f4xx_tim.o(.text)
    TIM_ETRClockMode1Config                  0x08006083   Thumb Code    54  stm32f4xx_tim.o(.text)
    TIM_ETRClockMode2Config                  0x080060b9   Thumb Code    32  stm32f4xx_tim.o(.text)
    TIM_SelectOutputTrigger                  0x080060d9   Thumb Code    18  stm32f4xx_tim.o(.text)
    TIM_SelectSlaveMode                      0x080060eb   Thumb Code    18  stm32f4xx_tim.o(.text)
    TIM_SelectMasterSlaveMode                0x080060fd   Thumb Code    18  stm32f4xx_tim.o(.text)
    TIM_EncoderInterfaceConfig               0x0800610f   Thumb Code    66  stm32f4xx_tim.o(.text)
    TIM_SelectHallSensor                     0x08006151   Thumb Code    24  stm32f4xx_tim.o(.text)
    TIM_RemapConfig                          0x08006169   Thumb Code     6  stm32f4xx_tim.o(.text)
    USART_DeInit                             0x08006171   Thumb Code   206  stm32f4xx_usart.o(.text)
    USART_Init                               0x0800623f   Thumb Code   204  stm32f4xx_usart.o(.text)
    USART_StructInit                         0x0800630b   Thumb Code    24  stm32f4xx_usart.o(.text)
    USART_ClockInit                          0x08006323   Thumb Code    32  stm32f4xx_usart.o(.text)
    USART_ClockStructInit                    0x08006343   Thumb Code    12  stm32f4xx_usart.o(.text)
    USART_Cmd                                0x0800634f   Thumb Code    24  stm32f4xx_usart.o(.text)
    USART_SetPrescaler                       0x08006367   Thumb Code    16  stm32f4xx_usart.o(.text)
    USART_OverSampling8Cmd                   0x08006377   Thumb Code    22  stm32f4xx_usart.o(.text)
    USART_OneBitMethodCmd                    0x0800638d   Thumb Code    24  stm32f4xx_usart.o(.text)
    USART_SendData                           0x080063a5   Thumb Code     8  stm32f4xx_usart.o(.text)
    USART_ReceiveData                        0x080063ad   Thumb Code    10  stm32f4xx_usart.o(.text)
    USART_SetAddress                         0x080063b7   Thumb Code    18  stm32f4xx_usart.o(.text)
    USART_ReceiverWakeUpCmd                  0x080063c9   Thumb Code    24  stm32f4xx_usart.o(.text)
    USART_WakeUpConfig                       0x080063e1   Thumb Code    18  stm32f4xx_usart.o(.text)
    USART_LINBreakDetectLengthConfig         0x080063f3   Thumb Code    18  stm32f4xx_usart.o(.text)
    USART_LINCmd                             0x08006405   Thumb Code    24  stm32f4xx_usart.o(.text)
    USART_SendBreak                          0x0800641d   Thumb Code    10  stm32f4xx_usart.o(.text)
    USART_HalfDuplexCmd                      0x08006427   Thumb Code    24  stm32f4xx_usart.o(.text)
    USART_SetGuardTime                       0x0800643f   Thumb Code    16  stm32f4xx_usart.o(.text)
    USART_SmartCardCmd                       0x0800644f   Thumb Code    24  stm32f4xx_usart.o(.text)
    USART_SmartCardNACKCmd                   0x08006467   Thumb Code    24  stm32f4xx_usart.o(.text)
    USART_IrDAConfig                         0x0800647f   Thumb Code    18  stm32f4xx_usart.o(.text)
    USART_IrDACmd                            0x08006491   Thumb Code    24  stm32f4xx_usart.o(.text)
    USART_DMACmd                             0x080064a9   Thumb Code    18  stm32f4xx_usart.o(.text)
    USART_ITConfig                           0x080064bb   Thumb Code    74  stm32f4xx_usart.o(.text)
    USART_GetFlagStatus                      0x08006505   Thumb Code    26  stm32f4xx_usart.o(.text)
    USART_ClearFlag                          0x0800651f   Thumb Code    18  stm32f4xx_usart.o(.text)
    USART_GetITStatus                        0x08006531   Thumb Code   118  stm32f4xx_usart.o(.text)
    USART_ClearITPendingBit                  0x080065a7   Thumb Code    30  stm32f4xx_usart.o(.text)
    WWDG_DeInit                              0x080065c5   Thumb Code    22  stm32f4xx_wwdg.o(.text)
    WWDG_SetPrescaler                        0x080065db   Thumb Code    18  stm32f4xx_wwdg.o(.text)
    WWDG_SetWindowValue                      0x080065ed   Thumb Code    34  stm32f4xx_wwdg.o(.text)
    WWDG_EnableIT                            0x0800660f   Thumb Code     8  stm32f4xx_wwdg.o(.text)
    WWDG_SetCounter                          0x08006617   Thumb Code    12  stm32f4xx_wwdg.o(.text)
    WWDG_Enable                              0x08006623   Thumb Code    12  stm32f4xx_wwdg.o(.text)
    WWDG_GetFlagStatus                       0x0800662f   Thumb Code    18  stm32f4xx_wwdg.o(.text)
    WWDG_ClearFlag                           0x08006641   Thumb Code    10  stm32f4xx_wwdg.o(.text)
    NMI_Handler                              0x08006655   Thumb Code     2  stm32f4xx_it.o(.text)
    HardFault_Handler                        0x08006657   Thumb Code     4  stm32f4xx_it.o(.text)
    MemManage_Handler                        0x0800665b   Thumb Code     4  stm32f4xx_it.o(.text)
    BusFault_Handler                         0x0800665f   Thumb Code     4  stm32f4xx_it.o(.text)
    UsageFault_Handler                       0x08006663   Thumb Code     4  stm32f4xx_it.o(.text)
    SVC_Handler                              0x08006667   Thumb Code     2  stm32f4xx_it.o(.text)
    DebugMon_Handler                         0x08006669   Thumb Code     2  stm32f4xx_it.o(.text)
    PendSV_Handler                           0x0800666b   Thumb Code     2  stm32f4xx_it.o(.text)
    SysTick_Handler                          0x0800666d   Thumb Code     2  stm32f4xx_it.o(.text)
    SystemInit                               0x08006781   Thumb Code    88  system_stm32f4xx.o(.text)
    SystemCoreClockUpdate                    0x080067d9   Thumb Code   174  system_stm32f4xx.o(.text)
    IWDG_WriteAccessCmd                      0x080068b5   Thumb Code     6  stm32f4xx_iwdg.o(.text)
    IWDG_SetPrescaler                        0x080068bb   Thumb Code     6  stm32f4xx_iwdg.o(.text)
    IWDG_SetReload                           0x080068c1   Thumb Code     6  stm32f4xx_iwdg.o(.text)
    IWDG_ReloadCounter                       0x080068c7   Thumb Code    10  stm32f4xx_iwdg.o(.text)
    IWDG_Enable                              0x080068d1   Thumb Code    10  stm32f4xx_iwdg.o(.text)
    IWDG_GetFlagStatus                       0x080068db   Thumb Code    20  stm32f4xx_iwdg.o(.text)
    delay_init                               0x080068f5   Thumb Code    52  delay.o(.text)
    delay_us                                 0x08006929   Thumb Code    72  delay.o(.text)
    delay_xms                                0x08006971   Thumb Code    72  delay.o(.text)
    delay_ms                                 0x080069b9   Thumb Code    56  delay.o(.text)
    RM_Init                                  0x080069f9   Thumb Code   150  main.o(.text)
    main                                     0x08006a8f   Thumb Code   100  main.o(.text)
    __use_no_semihosting                     0x08006b01   Thumb Code     2  use_no_semi_2.o(.text)
    __2printf                                0x08006b05   Thumb Code    20  noretval__2printf.o(.text)
    __printf                                 0x08006b1d   Thumb Code   104  __printf.o(.text)
    _printf_str                              0x08006b85   Thumb Code    82  _printf_str.o(.text)
    _printf_int_dec                          0x08006bd9   Thumb Code   100  _printf_dec.o(.text)
    __aeabi_memcpy                           0x08006c4d   Thumb Code     0  rt_memcpy_v6.o(.text)
    __rt_memcpy                              0x08006c4d   Thumb Code   138  rt_memcpy_v6.o(.text)
    _memcpy_lastbytes                        0x08006cb3   Thumb Code     0  rt_memcpy_v6.o(.text)
    strcmp                                   0x08006cd9   Thumb Code   128  strcmpv7m.o(.text)
    __use_two_region_memory                  0x08006d59   Thumb Code     2  heapauxi.o(.text)
    __rt_heap_escrow$2region                 0x08006d5b   Thumb Code     2  heapauxi.o(.text)
    __rt_heap_expand$2region                 0x08006d5d   Thumb Code     2  heapauxi.o(.text)
    __I$use$semihosting                      0x08006d5f   Thumb Code     0  use_no_semi.o(.text)
    __use_no_semihosting_swi                 0x08006d5f   Thumb Code     2  use_no_semi.o(.text)
    __read_errno                             0x08006d61   Thumb Code    10  _rserrno.o(.text)
    __set_errno                              0x08006d6b   Thumb Code    12  _rserrno.o(.text)
    _printf_int_common                       0x08006d77   Thumb Code   178  _printf_intcommon.o(.text)
    __lib_sel_fp_printf                      0x08006e29   Thumb Code     2  _printf_fp_dec.o(.text)
    _printf_fp_dec_real                      0x08006fd7   Thumb Code   616  _printf_fp_dec.o(.text)
    _printf_cs_common                        0x0800723f   Thumb Code    20  _printf_char.o(.text)
    _printf_char                             0x08007253   Thumb Code    16  _printf_char.o(.text)
    _printf_string                           0x08007263   Thumb Code     8  _printf_char.o(.text)
    _printf_char_file                        0x0800726d   Thumb Code    32  _printf_char_file.o(.text)
    __strtod_int                             0x080072cd   Thumb Code    88  strtod.o(.text)
    __aeabi_memcpy4                          0x08007331   Thumb Code     0  rt_memcpy_w.o(.text)
    __aeabi_memcpy8                          0x08007331   Thumb Code     0  rt_memcpy_w.o(.text)
    __rt_memcpy_w                            0x08007331   Thumb Code   100  rt_memcpy_w.o(.text)
    _memcpy_lastbytes_aligned                0x08007379   Thumb Code     0  rt_memcpy_w.o(.text)
    __rt_locale                              0x08007395   Thumb Code     8  rt_locale_intlibspace.o(.text)
    __aeabi_errno_addr                       0x0800739d   Thumb Code     8  rt_errno_addr_intlibspace.o(.text)
    __errno$intlibspace                      0x0800739d   Thumb Code     0  rt_errno_addr_intlibspace.o(.text)
    __rt_errno_addr$intlibspace              0x0800739d   Thumb Code     0  rt_errno_addr_intlibspace.o(.text)
    _ll_udiv10                               0x080073a5   Thumb Code   138  lludiv10.o(.text)
    isspace                                  0x0800742f   Thumb Code    18  isspace.o(.text)
    _printf_char_common                      0x0800744b   Thumb Code    32  _printf_char_common.o(.text)
    _printf_fp_infnan                        0x08007471   Thumb Code   112  _printf_fp_infnan.o(.text)
    _sgetc                                   0x080074f1   Thumb Code    30  _sgetc.o(.text)
    _sbackspace                              0x0800750f   Thumb Code    34  _sgetc.o(.text)
    _btod_etento                             0x08007531   Thumb Code   212  bigflt0.o(.text)
    ferror                                   0x08007609   Thumb Code     8  ferror.o(.text)
    __user_libspace                          0x08007611   Thumb Code     8  libspace.o(.text)
    __user_perproc_libspace                  0x08007611   Thumb Code     0  libspace.o(.text)
    __user_perthread_libspace                0x08007611   Thumb Code     0  libspace.o(.text)
    __user_setup_stackheap                   0x08007619   Thumb Code    74  sys_stackheap_outer.o(.text)
    __rt_ctype_table                         0x08007665   Thumb Code    16  rt_ctype_table.o(.text)
    _scanf_really_real                       0x08007871   Thumb Code   668  scanf_fp.o(.text)
    exit                                     0x08007b19   Thumb Code    12  exit.o(.text)
    _scanf_really_hex_real                   0x08007b25   Thumb Code   778  scanf_hexfp.o(.text)
    _scanf_really_infnan                     0x08007e3d   Thumb Code   292  scanf_infnan.o(.text)
    __aeabi_llsl                             0x08007f71   Thumb Code     0  llshl.o(.text)
    _ll_shift_l                              0x08007f71   Thumb Code    38  llshl.o(.text)
    _chval                                   0x08007f97   Thumb Code    28  _chval.o(.text)
    _btod_d2e                                0x08007fb3   Thumb Code    62  btod.o(CL$$btod_d2e)
    _d2e_denorm_low                          0x08007ff1   Thumb Code    70  btod.o(CL$$btod_d2e_denorm_low)
    _d2e_norm_op1                            0x08008037   Thumb Code    96  btod.o(CL$$btod_d2e_norm_op1)
    __btod_div_common                        0x08008097   Thumb Code   696  btod.o(CL$$btod_div_common)
    _e2d                                     0x080083d1   Thumb Code    80  btod.o(CL$$btod_e2d)
    _e2e                                     0x08008425   Thumb Code   198  btod.o(CL$$btod_e2e)
    _btod_ediv                               0x080084eb   Thumb Code    40  btod.o(CL$$btod_ediv)
    _btod_edivd                              0x08008513   Thumb Code    40  btod.o(CL$$btod_edivd)
    _btod_emul                               0x0800853b   Thumb Code    40  btod.o(CL$$btod_emul)
    _btod_emuld                              0x08008563   Thumb Code    40  btod.o(CL$$btod_emuld)
    __btod_mult_common                       0x0800858b   Thumb Code   580  btod.o(CL$$btod_mult_common)
    __ARM_fpclassify                         0x080087cf   Thumb Code    48  fpclassify.o(i.__ARM_fpclassify)
    __hardfp_atof                            0x08008801   Thumb Code    44  atof.o(i.__hardfp_atof)
    __hardfp_ldexp                           0x08008839   Thumb Code   208  ldexp.o(i.__hardfp_ldexp)
    __hardfp_sqrt                            0x08008919   Thumb Code   122  sqrt.o(i.__hardfp_sqrt)
    __mathlib_dbl_underflow                  0x08008999   Thumb Code    24  dunder.o(i.__mathlib_dbl_underflow)
    __mathlib_narrow                         0x080089b9   Thumb Code   166  narrow.o(i.__mathlib_narrow)
    __support_ldexp                          0x08008a71   Thumb Code    20  ldexp.o(i.__support_ldexp)
    _is_digit                                0x08008a85   Thumb Code    14  __printf_wp.o(i._is_digit)
    frexp                                    0x08008a99   Thumb Code   118  frexp.o(i.frexp)
    _get_lc_numeric                          0x08008b25   Thumb Code    44  lc_numeric_c.o(locale$$code)
    _get_lc_ctype                            0x08008b51   Thumb Code    44  lc_ctype_c.o(locale$$code)
    __aeabi_d2f                              0x08008b7d   Thumb Code     0  d2f.o(x$fpl$d2f)
    _d2f                                     0x08008b7d   Thumb Code    98  d2f.o(x$fpl$d2f)
    __aeabi_dadd                             0x08008be1   Thumb Code     0  daddsub_clz.o(x$fpl$dadd)
    _dadd                                    0x08008be1   Thumb Code   332  daddsub_clz.o(x$fpl$dadd)
    __fpl_dcheck_NaN1                        0x08008d31   Thumb Code    10  dcheck1.o(x$fpl$dcheck1)
    __fpl_dcmp_Inf                           0x08008d41   Thumb Code    24  dcmpi.o(x$fpl$dcmpinf)
    __aeabi_cdcmpeq                          0x08008d59   Thumb Code     0  deqf.o(x$fpl$deqf)
    _dcmpeq                                  0x08008d59   Thumb Code   120  deqf.o(x$fpl$deqf)
    __aeabi_d2uiz                            0x08008dd1   Thumb Code     0  dfixu.o(x$fpl$dfixu)
    _dfixu                                   0x08008dd1   Thumb Code    90  dfixu.o(x$fpl$dfixu)
    __aeabi_cdcmple                          0x08008e2d   Thumb Code     0  dleqf.o(x$fpl$dleqf)
    _dcmple                                  0x08008e2d   Thumb Code   120  dleqf.o(x$fpl$dleqf)
    __fpl_dcmple_InfNaN                      0x08008e8f   Thumb Code     0  dleqf.o(x$fpl$dleqf)
    __aeabi_dmul                             0x08008ea5   Thumb Code     0  dmul.o(x$fpl$dmul)
    _dmul                                    0x08008ea5   Thumb Code   332  dmul.o(x$fpl$dmul)
    __fpl_dnaninf                            0x08008ff9   Thumb Code   156  dnaninf.o(x$fpl$dnaninf)
    __fpl_dretinf                            0x08009095   Thumb Code    12  dretinf.o(x$fpl$dretinf)
    __aeabi_cdrcmple                         0x080090a1   Thumb Code     0  drleqf.o(x$fpl$drleqf)
    _drcmple                                 0x080090a1   Thumb Code   108  drleqf.o(x$fpl$drleqf)
    _dsqrt                                   0x0800910d   Thumb Code   404  dsqrt_umaal.o(x$fpl$dsqrt)
    __aeabi_dsub                             0x080092a5   Thumb Code     0  daddsub_clz.o(x$fpl$dsub)
    _dsub                                    0x080092a5   Thumb Code   464  daddsub_clz.o(x$fpl$dsub)
    __aeabi_f2d                              0x08009479   Thumb Code     0  f2d.o(x$fpl$f2d)
    _f2d                                     0x08009479   Thumb Code    86  f2d.o(x$fpl$f2d)
    __fpl_fnaninf                            0x080094cf   Thumb Code   140  fnaninf.o(x$fpl$fnaninf)
    _fp_init                                 0x0800955b   Thumb Code    10  fpinit.o(x$fpl$fpinit)
    __fplib_config_fpu_vfp                   0x08009563   Thumb Code     0  fpinit.o(x$fpl$fpinit)
    __fplib_config_pureend_doubles           0x08009563   Thumb Code     0  fpinit.o(x$fpl$fpinit)
    __fpl_fretinf                            0x08009565   Thumb Code    10  fretinf.o(x$fpl$fretinf)
    _printf_fp_dec                           0x0800956f   Thumb Code     4  printf1.o(x$fpl$printf1)
    __fpl_return_NaN                         0x08009573   Thumb Code   100  retnan.o(x$fpl$retnan)
    __ARM_scalbn                             0x080095d7   Thumb Code    92  scalbn.o(x$fpl$scalbn)
    _scanf_real                              0x08009633   Thumb Code     4  scanf1.o(x$fpl$scanf1)
    _scanf_hex_real                          0x08009637   Thumb Code     4  scanf2.o(x$fpl$scanf2)
    _scanf_infnan                            0x0800963b   Thumb Code     4  scanf2.o(x$fpl$scanf2)
    __fpl_cmpreturn                          0x0800963f   Thumb Code    48  trapv.o(x$fpl$trapveneer)
    CRC8_INIT                                0x0800966e   Data           1  crc.o(.constdata)
    __I$use$fp                               0x0800966e   Number         0  usenofp.o(x$fpl$usenofp)
    CRC8_TAB                                 0x0800966f   Data         256  crc.o(.constdata)
    wCRC_Table                               0x08009770   Data         512  crc.o(.constdata)
    Region$$Table$$Base                      0x08009a04   Number         0  anon$$obj.o(Region$$Table)
    Region$$Table$$Limit                     0x08009a24   Number         0  anon$$obj.o(Region$$Table)
    __aeabi_HUGE_VAL                         0x08009a24   Data           0  fpconst.o(c$$dinf)
    __aeabi_HUGE_VALL                        0x08009a24   Data           0  fpconst.o(c$$dinf)
    __aeabi_INFINITY                         0x08009a24   Data           0  fpconst.o(c$$dinf)
    __dInf                                   0x08009a24   Data           0  fpconst.o(c$$dinf)
    __huge_val                               0x08009a24   Data           0  fpconst.o(c$$dinf)
    __ctype                                  0x08009a55   Data           0  lc_ctype_c.o(locale$$data)
    shoot_num                                0x20000000   Data           1  ammunition_feed_ctrl.o(.data)
    dartle                                   0x20000001   Data           1  ammunition_feed_ctrl.o(.data)
    chassis_x_ramp                           0x20000004   Data           8  chassis_ctrl.o(.data)
    chassis_y_ramp                           0x2000000c   Data           8  chassis_ctrl.o(.data)
    chassis_yaw_ramp                         0x20000014   Data           8  chassis_ctrl.o(.data)
    CRC_INIT                                 0x2000002a   Data           2  crc.o(.data)
    Shooter17_Exceed_Limit_Flag              0x2000003c   Data           1  shooter_heat.o(.data)
    Shooter42_Exceed_Limit_Flag              0x2000003d   Data           1  shooter_heat.o(.data)
    ramp_cnt                                 0x20000048   Data           4  ramp.o(.data)
    LED_State_Red                            0x2000004e   Data           1  led.o(.data)
    LED_State_Green                          0x2000004f   Data           1  led.o(.data)
    Can1_ReceiveBuffer                       0x20000050   Data           8  can.o(.data)
    USART_RX_STA                             0x2000005c   Data           2  usart.o(.data)
    __stdout                                 0x20000060   Data           4  usart.o(.data)
    pid_out                                  0x20000064   Data           8  chassis.o(.data)
    RC_Action_Key_Press                      0x20000070   Data           2  dr16.o(.data)
    RC_Action_Key_Unpress                    0x20000072   Data           2  dr16.o(.data)
    RC_Action_Mouse                          0x20000074   Data           1  dr16.o(.data)
    rc_cnt                                   0x2000007c   Data           4  dr16.o(.data)
    temppp                                   0x20000080   Data           4  gimbal.o(.data)
    Seq_last                                 0x20000088   Data           1  judge_data.o(.data)
    frame_header                             0x20000089   Data           5  judge_data.o(.data)
    WWDG_CNT                                 0x2000008e   Data           1  watch_dog.o(.data)
    SystemCoreClock                          0x200000a0   Data           4  system_stm32f4xx.o(.data)
    AHBPrescTable                            0x200000a4   Data          16  system_stm32f4xx.o(.data)
    chassis_follow_pid                       0x200000b8   Data         100  chassis_ctrl.o(.bss)
    gimbal_follow_pid                        0x2000011c   Data         100  gimbal_ctrl.o(.bss)
    gimbal_yaw_vision_pid                    0x20000180   Data         100  gimbal_ctrl.o(.bss)
    gimbal_pitch_vision_pid                  0x200001e4   Data         100  gimbal_ctrl.o(.bss)
    dbus_buf                                 0x20000298   Data          18  dma.o(.bss)
    judge_dma_rxbuf                          0x200002aa   Data         512  dma.o(.bss)
    vision_dma_rxbuf                         0x200004aa   Data          20  dma.o(.bss)
    USART_RX_BUF                             0x200004c0   Data         200  usart.o(.bss)
    vision_get                               0x20000588   Data          12  usart.o(.bss)
    encoder_data                             0x20000594   Data          20  ammunition_feed.o(.bss)
    ammunition_spd_pid                       0x200005a8   Data         100  ammunition_feed.o(.bss)
    pid_vecolity_pwm                         0x2000060c   Data         100  ammunition_feed.o(.bss)
    chassis_spd_pid                          0x20000670   Data         400  chassis.o(.bss)
    chassis_pos_pid                          0x20000800   Data         400  chassis.o(.bss)
    chassis_motor_info                       0x20000990   Data          80  chassis.o(.bss)
    RC_CtrlData                              0x200009e0   Data          20  dr16.o(.bss)
    last_RC_CtrlData                         0x200009f4   Data          20  dr16.o(.bss)
    gimbal_pitch_spd_pid                     0x20000a08   Data         100  gimbal.o(.bss)
    gimbal_yaw_spd_pid                       0x20000a6c   Data         100  gimbal.o(.bss)
    gimbal_pitch_pos_pid                     0x20000ad0   Data         100  gimbal.o(.bss)
    gimbal_yaw_pos_pid                       0x20000b34   Data         100  gimbal.o(.bss)
    gimbal_motor_info                        0x20000b98   Data          64  gimbal.o(.bss)
    judge_info_get                           0x20000bd8   Data        1044  judge_data.o(.bss)
    game_info                                0x20000fec   Data          56  judge_data.o(.bss)
    UWB_data                                 0x20001024   Data          22  uwb.o(.bss)
    __libspace_start                         0x2000103c   Data          96  libspace.o(.bss)
    __temporary_stack_top$libspace           0x2000109c   Data           0  libspace.o(.bss)



==============================================================================

Memory Map of the image

  Image Entry point : 0x080001ad

  Load Region LR_IROM1 (Base: 0x08000000, Size: 0x00009c10, Max: 0x00200000, ABSOLUTE)

    Execution Region ER_IROM1 (Base: 0x08000000, Size: 0x00009b58, Max: 0x00200000, ABSOLUTE)

    Base Addr    Size         Type   Attr      Idx    E Section Name        Object

    0x08000000   0x000001ac   Data   RO         1077    RESET               startup_stm32f427_437xx.o
    0x080001ac   0x00000008   Code   RO         1548  * !!!main             c_w.l(__main.o)
    0x080001b4   0x00000034   Code   RO         1949    !!!scatter          c_w.l(__scatter.o)
    0x080001e8   0x0000001a   Code   RO         1951    !!handler_copy      c_w.l(__scatter_copy.o)
    0x08000202   0x00000002   PAD
    0x08000204   0x0000001c   Code   RO         1953    !!handler_zi        c_w.l(__scatter_zi.o)
    0x08000220   0x00000000   Code   RO         1541    .ARM.Collect$$_printf_percent$$00000000  c_w.l(_printf_percent.o)
    0x08000220   0x00000006   Code   RO         1540    .ARM.Collect$$_printf_percent$$00000003  c_w.l(_printf_f.o)
    0x08000226   0x00000006   Code   RO         1539    .ARM.Collect$$_printf_percent$$00000009  c_w.l(_printf_d.o)
    0x0800022c   0x00000006   Code   RO         1538    .ARM.Collect$$_printf_percent$$00000014  c_w.l(_printf_s.o)
    0x08000232   0x00000004   Code   RO         1625    .ARM.Collect$$_printf_percent$$00000017  c_w.l(_printf_percent_end.o)
    0x08000236   0x00000002   Code   RO         1767    .ARM.Collect$$libinit$$00000000  c_w.l(libinit.o)
    0x08000238   0x00000004   Code   RO         1768    .ARM.Collect$$libinit$$00000001  c_w.l(libinit2.o)
    0x0800023c   0x00000000   Code   RO         1772    .ARM.Collect$$libinit$$00000008  c_w.l(libinit2.o)
    0x0800023c   0x00000000   Code   RO         1774    .ARM.Collect$$libinit$$0000000A  c_w.l(libinit2.o)
    0x0800023c   0x00000000   Code   RO         1776    .ARM.Collect$$libinit$$0000000C  c_w.l(libinit2.o)
    0x0800023c   0x00000006   Code   RO         1777    .ARM.Collect$$libinit$$0000000D  c_w.l(libinit2.o)
    0x08000242   0x00000000   Code   RO         1779    .ARM.Collect$$libinit$$0000000F  c_w.l(libinit2.o)
    0x08000242   0x0000000c   Code   RO         1780    .ARM.Collect$$libinit$$00000010  c_w.l(libinit2.o)
    0x0800024e   0x00000000   Code   RO         1781    .ARM.Collect$$libinit$$00000011  c_w.l(libinit2.o)
    0x0800024e   0x00000000   Code   RO         1783    .ARM.Collect$$libinit$$00000013  c_w.l(libinit2.o)
    0x0800024e   0x0000000a   Code   RO         1784    .ARM.Collect$$libinit$$00000014  c_w.l(libinit2.o)
    0x08000258   0x00000000   Code   RO         1785    .ARM.Collect$$libinit$$00000015  c_w.l(libinit2.o)
    0x08000258   0x00000000   Code   RO         1787    .ARM.Collect$$libinit$$00000017  c_w.l(libinit2.o)
    0x08000258   0x00000000   Code   RO         1789    .ARM.Collect$$libinit$$00000019  c_w.l(libinit2.o)
    0x08000258   0x00000000   Code   RO         1791    .ARM.Collect$$libinit$$0000001B  c_w.l(libinit2.o)
    0x08000258   0x00000000   Code   RO         1793    .ARM.Collect$$libinit$$0000001D  c_w.l(libinit2.o)
    0x08000258   0x00000000   Code   RO         1795    .ARM.Collect$$libinit$$0000001F  c_w.l(libinit2.o)
    0x08000258   0x00000000   Code   RO         1797    .ARM.Collect$$libinit$$00000021  c_w.l(libinit2.o)
    0x08000258   0x00000000   Code   RO         1799    .ARM.Collect$$libinit$$00000023  c_w.l(libinit2.o)
    0x08000258   0x00000000   Code   RO         1803    .ARM.Collect$$libinit$$0000002A  c_w.l(libinit2.o)
    0x08000258   0x00000000   Code   RO         1805    .ARM.Collect$$libinit$$0000002C  c_w.l(libinit2.o)
    0x08000258   0x00000000   Code   RO         1807    .ARM.Collect$$libinit$$0000002E  c_w.l(libinit2.o)
    0x08000258   0x00000000   Code   RO         1809    .ARM.Collect$$libinit$$00000030  c_w.l(libinit2.o)
    0x08000258   0x00000002   Code   RO         1810    .ARM.Collect$$libinit$$00000031  c_w.l(libinit2.o)
    0x0800025a   0x00000002   Code   RO         1876    .ARM.Collect$$libshutdown$$00000000  c_w.l(libshutdown.o)
    0x0800025c   0x00000000   Code   RO         1902    .ARM.Collect$$libshutdown$$00000003  c_w.l(libshutdown2.o)
    0x0800025c   0x00000000   Code   RO         1905    .ARM.Collect$$libshutdown$$00000006  c_w.l(libshutdown2.o)
    0x0800025c   0x00000000   Code   RO         1908    .ARM.Collect$$libshutdown$$00000009  c_w.l(libshutdown2.o)
    0x0800025c   0x00000000   Code   RO         1910    .ARM.Collect$$libshutdown$$0000000B  c_w.l(libshutdown2.o)
    0x0800025c   0x00000000   Code   RO         1913    .ARM.Collect$$libshutdown$$0000000E  c_w.l(libshutdown2.o)
    0x0800025c   0x00000002   Code   RO         1914    .ARM.Collect$$libshutdown$$0000000F  c_w.l(libshutdown2.o)
    0x0800025e   0x00000000   Code   RO         1614    .ARM.Collect$$rtentry$$00000000  c_w.l(rtentry.o)
    0x0800025e   0x00000000   Code   RO         1677    .ARM.Collect$$rtentry$$00000002  c_w.l(rtentry2.o)
    0x0800025e   0x00000006   Code   RO         1689    .ARM.Collect$$rtentry$$00000004  c_w.l(rtentry4.o)
    0x08000264   0x00000000   Code   RO         1679    .ARM.Collect$$rtentry$$00000009  c_w.l(rtentry2.o)
    0x08000264   0x00000004   Code   RO         1680    .ARM.Collect$$rtentry$$0000000A  c_w.l(rtentry2.o)
    0x08000268   0x00000000   Code   RO         1682    .ARM.Collect$$rtentry$$0000000C  c_w.l(rtentry2.o)
    0x08000268   0x00000008   Code   RO         1683    .ARM.Collect$$rtentry$$0000000D  c_w.l(rtentry2.o)
    0x08000270   0x00000002   Code   RO         1811    .ARM.Collect$$rtexit$$00000000  c_w.l(rtexit.o)
    0x08000272   0x00000000   Code   RO         1838    .ARM.Collect$$rtexit$$00000002  c_w.l(rtexit2.o)
    0x08000272   0x00000004   Code   RO         1839    .ARM.Collect$$rtexit$$00000003  c_w.l(rtexit2.o)
    0x08000276   0x00000006   Code   RO         1840    .ARM.Collect$$rtexit$$00000004  c_w.l(rtexit2.o)
    0x0800027c   0x00000048   Code   RO            3    .text               ammunition_feed_ctrl.o
    0x080002c4   0x00000234   Code   RO          175    .text               chassis_ctrl.o
    0x080004f8   0x00000044   Code   RO          225    .text               chassis_power.o
    0x0800053c   0x00000114   Code   RO          259    .text               crc.o
    0x08000650   0x000003c4   Code   RO          286    .text               gimbal_ctrl.o
    0x08000a14   0x00000324   Code   RO          322    .text               pid.o
    0x08000d38   0x0000017c   Code   RO          342    .text               shooter_heat.o
    0x08000eb4   0x00000044   Code   RO          398    .text               friction_ctrl.o
    0x08000ef8   0x000002c4   Code   RO          427    .text               pid_set.o
    0x080011bc   0x0000012c   Code   RO          460    .text               report.o
    0x080012e8   0x00000034   Code   RO          483    .text               beep.o
    0x0800131c   0x0000001c   Code   RO          503    .text               key.o
    0x08001338   0x000000ec   Code   RO          523    .text               led.o
    0x08001424   0x000001b4   Code   RO          587    .text               can.o
    0x080015d8   0x000001f0   Code   RO          617    .text               dma.o
    0x080017c8   0x00000704   Code   RO          643    .text               gpio.o
    0x08001ecc   0x00000530   Code   RO          666    .text               pwm.o
    0x080023fc   0x00000238   Code   RO          706    .text               tim.o
    0x08002634   0x000004b8   Code   RO          741    .text               usart.o
    0x08002aec   0x000001d0   Code   RO          772    .text               ammunition_feed.o
    0x08002cbc   0x00000318   Code   RO          800    .text               chassis.o
    0x08002fd4   0x00000294   Code   RO          832    .text               dr16.o
    0x08003268   0x0000008a   Code   RO          869    .text               friction.o
    0x080032f2   0x00000002   PAD
    0x080032f4   0x00000328   Code   RO          889    .text               gimbal.o
    0x0800361c   0x00000580   Code   RO          916    .text               judge_data.o
    0x08003b9c   0x00000030   Code   RO          951    .text               laser.o
    0x08003bcc   0x00000088   Code   RO          974    .text               uwb.o
    0x08003c54   0x00000034   Code   RO         1027    .text               system_reset.o
    0x08003c88   0x00000098   Code   RO         1054    .text               watch_dog.o
    0x08003d20   0x00000040   Code   RO         1078    .text               startup_stm32f427_437xx.o
    0x08003d60   0x000000e0   Code   RO         1084    .text               misc.o
    0x08003e40   0x000009f0   Code   RO         1188    .text               stm32f4xx_can.o
    0x08004830   0x000003a8   Code   RO         1214    .text               stm32f4xx_dma.o
    0x08004bd8   0x00000294   Code   RO         1237    .text               stm32f4xx_gpio.o
    0x08004e6c   0x00000660   Code   RO         1260    .text               stm32f4xx_rcc.o
    0x080054cc   0x00000ca2   Code   RO         1308    .text               stm32f4xx_tim.o
    0x0800616e   0x00000002   PAD
    0x08006170   0x00000454   Code   RO         1331    .text               stm32f4xx_usart.o
    0x080065c4   0x00000090   Code   RO         1354    .text               stm32f4xx_wwdg.o
    0x08006654   0x0000001a   Code   RO         1374    .text               stm32f4xx_it.o
    0x0800666e   0x00000002   PAD
    0x08006670   0x00000244   Code   RO         1397    .text               system_stm32f4xx.o
    0x080068b4   0x00000040   Code   RO         1423    .text               stm32f4xx_iwdg.o
    0x080068f4   0x00000104   Code   RO         1443    .text               delay.o
    0x080069f8   0x00000108   Code   RO         1479    .text               main.o
    0x08006b00   0x00000002   Code   RO         1506    .text               c_w.l(use_no_semi_2.o)
    0x08006b02   0x00000002   PAD
    0x08006b04   0x00000018   Code   RO         1510    .text               c_w.l(noretval__2printf.o)
    0x08006b1c   0x00000068   Code   RO         1512    .text               c_w.l(__printf.o)
    0x08006b84   0x00000052   Code   RO         1514    .text               c_w.l(_printf_str.o)
    0x08006bd6   0x00000002   PAD
    0x08006bd8   0x00000074   Code   RO         1516    .text               c_w.l(_printf_dec.o)
    0x08006c4c   0x0000008a   Code   RO         1542    .text               c_w.l(rt_memcpy_v6.o)
    0x08006cd6   0x00000002   PAD
    0x08006cd8   0x00000080   Code   RO         1544    .text               c_w.l(strcmpv7m.o)
    0x08006d58   0x00000006   Code   RO         1546    .text               c_w.l(heapauxi.o)
    0x08006d5e   0x00000002   Code   RO         1612    .text               c_w.l(use_no_semi.o)
    0x08006d60   0x00000016   Code   RO         1615    .text               c_w.l(_rserrno.o)
    0x08006d76   0x000000b2   Code   RO         1617    .text               c_w.l(_printf_intcommon.o)
    0x08006e28   0x00000416   Code   RO         1619    .text               c_w.l(_printf_fp_dec.o)
    0x0800723e   0x0000002c   Code   RO         1621    .text               c_w.l(_printf_char.o)
    0x0800726a   0x00000002   PAD
    0x0800726c   0x00000024   Code   RO         1623    .text               c_w.l(_printf_char_file.o)
    0x08007290   0x000000a0   Code   RO         1626    .text               c_w.l(strtod.o)
    0x08007330   0x00000064   Code   RO         1628    .text               c_w.l(rt_memcpy_w.o)
    0x08007394   0x00000008   Code   RO         1694    .text               c_w.l(rt_locale_intlibspace.o)
    0x0800739c   0x00000008   Code   RO         1699    .text               c_w.l(rt_errno_addr_intlibspace.o)
    0x080073a4   0x0000008a   Code   RO         1701    .text               c_w.l(lludiv10.o)
    0x0800742e   0x00000012   Code   RO         1703    .text               c_w.l(isspace.o)
    0x08007440   0x00000030   Code   RO         1705    .text               c_w.l(_printf_char_common.o)
    0x08007470   0x00000080   Code   RO         1707    .text               c_w.l(_printf_fp_infnan.o)
    0x080074f0   0x00000040   Code   RO         1709    .text               c_w.l(_sgetc.o)
    0x08007530   0x000000d8   Code   RO         1711    .text               c_w.l(bigflt0.o)
    0x08007608   0x00000008   Code   RO         1736    .text               c_w.l(ferror.o)
    0x08007610   0x00000008   Code   RO         1749    .text               c_w.l(libspace.o)
    0x08007618   0x0000004a   Code   RO         1752    .text               c_w.l(sys_stackheap_outer.o)
    0x08007662   0x00000002   PAD
    0x08007664   0x00000010   Code   RO         1754    .text               c_w.l(rt_ctype_table.o)
    0x08007674   0x000004a4   Code   RO         1758    .text               c_w.l(scanf_fp.o)
    0x08007b18   0x0000000c   Code   RO         1760    .text               c_w.l(exit.o)
    0x08007b24   0x00000318   Code   RO         1844    .text               c_w.l(scanf_hexfp.o)
    0x08007e3c   0x00000134   Code   RO         1846    .text               c_w.l(scanf_infnan.o)
    0x08007f70   0x00000026   Code   RO         1866    .text               c_w.l(llshl.o)
    0x08007f96   0x0000001c   Code   RO         1868    .text               c_w.l(_chval.o)
    0x08007fb2   0x0000003e   Code   RO         1714    CL$$btod_d2e        c_w.l(btod.o)
    0x08007ff0   0x00000046   Code   RO         1716    CL$$btod_d2e_denorm_low  c_w.l(btod.o)
    0x08008036   0x00000060   Code   RO         1715    CL$$btod_d2e_norm_op1  c_w.l(btod.o)
    0x08008096   0x00000338   Code   RO         1724    CL$$btod_div_common  c_w.l(btod.o)
    0x080083ce   0x00000002   PAD
    0x080083d0   0x00000054   Code   RO         1722    CL$$btod_e2d        c_w.l(btod.o)
    0x08008424   0x000000c6   Code   RO         1721    CL$$btod_e2e        c_w.l(btod.o)
    0x080084ea   0x00000028   Code   RO         1718    CL$$btod_ediv       c_w.l(btod.o)
    0x08008512   0x00000028   Code   RO         1720    CL$$btod_edivd      c_w.l(btod.o)
    0x0800853a   0x00000028   Code   RO         1717    CL$$btod_emul       c_w.l(btod.o)
    0x08008562   0x00000028   Code   RO         1719    CL$$btod_emuld      c_w.l(btod.o)
    0x0800858a   0x00000244   Code   RO         1723    CL$$btod_mult_common  c_w.l(btod.o)
    0x080087ce   0x00000030   Code   RO         1671    i.__ARM_fpclassify  m_wm.l(fpclassify.o)
    0x080087fe   0x00000002   PAD
    0x08008800   0x00000038   Code   RO         1594    i.__hardfp_atof     m_wm.l(atof.o)
    0x08008838   0x000000e0   Code   RO         1877    i.__hardfp_ldexp    m_wm.l(ldexp.o)
    0x08008918   0x0000007a   Code   RO         1600    i.__hardfp_sqrt     m_wm.l(sqrt.o)
    0x08008992   0x00000006   PAD
    0x08008998   0x00000020   Code   RO         1663    i.__mathlib_dbl_underflow  m_wm.l(dunder.o)
    0x080089b8   0x000000b8   Code   RO         1830    i.__mathlib_narrow  m_wm.l(narrow.o)
    0x08008a70   0x00000014   Code   RO         1879    i.__support_ldexp   m_wm.l(ldexp.o)
    0x08008a84   0x0000000e   Code   RO         1528    i._is_digit         c_w.l(__printf_wp.o)
    0x08008a92   0x00000006   PAD
    0x08008a98   0x0000008c   Code   RO         1858    i.frexp             m_wm.l(frexp.o)
    0x08008b24   0x0000002c   Code   RO         1741    locale$$code        c_w.l(lc_numeric_c.o)
    0x08008b50   0x0000002c   Code   RO         1814    locale$$code        c_w.l(lc_ctype_c.o)
    0x08008b7c   0x00000062   Code   RO         1550    x$fpl$d2f           fz_wm.l(d2f.o)
    0x08008bde   0x00000002   PAD
    0x08008be0   0x00000150   Code   RO         1552    x$fpl$dadd          fz_wm.l(daddsub_clz.o)
    0x08008d30   0x00000010   Code   RO         1921    x$fpl$dcheck1       fz_wm.l(dcheck1.o)
    0x08008d40   0x00000018   Code   RO         1743    x$fpl$dcmpinf       fz_wm.l(dcmpi.o)
    0x08008d58   0x00000078   Code   RO         1852    x$fpl$deqf          fz_wm.l(deqf.o)
    0x08008dd0   0x0000005a   Code   RO         1558    x$fpl$dfixu         fz_wm.l(dfixu.o)
    0x08008e2a   0x00000002   PAD
    0x08008e2c   0x00000078   Code   RO         1636    x$fpl$dleqf         fz_wm.l(dleqf.o)
    0x08008ea4   0x00000154   Code   RO         1562    x$fpl$dmul          fz_wm.l(dmul.o)
    0x08008ff8   0x0000009c   Code   RO         1638    x$fpl$dnaninf       fz_wm.l(dnaninf.o)
    0x08009094   0x0000000c   Code   RO         1640    x$fpl$dretinf       fz_wm.l(dretinf.o)
    0x080090a0   0x0000006c   Code   RO         1854    x$fpl$drleqf        fz_wm.l(drleqf.o)
    0x0800910c   0x00000198   Code   RO         1642    x$fpl$dsqrt         fz_wm.l(dsqrt_umaal.o)
    0x080092a4   0x000001d4   Code   RO         1554    x$fpl$dsub          fz_wm.l(daddsub_clz.o)
    0x08009478   0x00000056   Code   RO         1564    x$fpl$f2d           fz_wm.l(f2d.o)
    0x080094ce   0x0000008c   Code   RO         1644    x$fpl$fnaninf       fz_wm.l(fnaninf.o)
    0x0800955a   0x0000000a   Code   RO         1821    x$fpl$fpinit        fz_wm.l(fpinit.o)
    0x08009564   0x0000000a   Code   RO         1646    x$fpl$fretinf       fz_wm.l(fretinf.o)
    0x0800956e   0x00000004   Code   RO         1566    x$fpl$printf1       fz_wm.l(printf1.o)
    0x08009572   0x00000064   Code   RO         1927    x$fpl$retnan        fz_wm.l(retnan.o)
    0x080095d6   0x0000005c   Code   RO         1915    x$fpl$scalbn        fz_wm.l(scalbn.o)
    0x08009632   0x00000004   Code   RO         1747    x$fpl$scanf1        fz_wm.l(scanf1.o)
    0x08009636   0x00000008   Code   RO         1823    x$fpl$scanf2        fz_wm.l(scanf2.o)
    0x0800963e   0x00000030   Code   RO         1945    x$fpl$trapveneer    fz_wm.l(trapv.o)
    0x0800966e   0x00000000   Code   RO         1648    x$fpl$usenofp       fz_wm.l(usenofp.o)
    0x0800966e   0x00000302   Data   RO          260    .constdata          crc.o
    0x08009970   0x00000094   Data   RO         1712    .constdata          c_w.l(bigflt0.o)
    0x08009a04   0x00000020   Data   RO         1947    Region$$Table       anon$$obj.o
    0x08009a24   0x00000008   Data   RO         1818    c$$dinf             fz_wm.l(fpconst.o)
    0x08009a2c   0x0000001c   Data   RO         1740    locale$$data        c_w.l(lc_numeric_c.o)
    0x08009a48   0x00000110   Data   RO         1813    locale$$data        c_w.l(lc_ctype_c.o)


    Execution Region RW_IRAM1 (Base: 0x20000000, Size: 0x000016a0, Max: 0x00030000, ABSOLUTE)

    Base Addr    Size         Type   Attr      Idx    E Section Name        Object

    0x20000000   0x00000002   Data   RW            4    .data               ammunition_feed_ctrl.o
    0x20000002   0x00000002   PAD
    0x20000004   0x00000025   Data   RW          177    .data               chassis_ctrl.o
    0x20000029   0x00000001   PAD
    0x2000002a   0x00000002   Data   RW          261    .data               crc.o
    0x2000002c   0x00000010   Data   RW          288    .data               gimbal_ctrl.o
    0x2000003c   0x0000000a   Data   RW          344    .data               shooter_heat.o
    0x20000046   0x00000002   PAD
    0x20000048   0x00000004   Data   RW          370    .data               ramp.o
    0x2000004c   0x00000002   Data   RW          462    .data               report.o
    0x2000004e   0x00000002   Data   RW          524    .data               led.o
    0x20000050   0x00000008   Data   RW          588    .data               can.o
    0x20000058   0x00000004   Data   RW          707    .data               tim.o
    0x2000005c   0x00000008   Data   RW          743    .data               usart.o
    0x20000064   0x0000000c   Data   RW          803    .data               chassis.o
    0x20000070   0x00000010   Data   RW          834    .data               dr16.o
    0x20000080   0x00000008   Data   RW          891    .data               gimbal.o
    0x20000088   0x00000006   Data   RW          918    .data               judge_data.o
    0x2000008e   0x00000001   Data   RW         1055    .data               watch_dog.o
    0x2000008f   0x00000010   Data   RW         1261    .data               stm32f4xx_rcc.o
    0x2000009f   0x00000001   PAD
    0x200000a0   0x00000014   Data   RW         1398    .data               system_stm32f4xx.o
    0x200000b4   0x00000004   Data   RW         1444    .data               delay.o
    0x200000b8   0x00000064   Zero   RW          176    .bss                chassis_ctrl.o
    0x2000011c   0x0000012c   Zero   RW          287    .bss                gimbal_ctrl.o
    0x20000248   0x00000028   Zero   RW          343    .bss                shooter_heat.o
    0x20000270   0x00000028   Zero   RW          461    .bss                report.o
    0x20000298   0x00000226   Zero   RW          618    .bss                dma.o
    0x200004be   0x00000002   PAD
    0x200004c0   0x000000d4   Zero   RW          742    .bss                usart.o
    0x20000594   0x000000dc   Zero   RW          773    .bss                ammunition_feed.o
    0x20000670   0x00000370   Zero   RW          801    .bss                chassis.o
    0x200009e0   0x00000028   Zero   RW          833    .bss                dr16.o
    0x20000a08   0x000001d0   Zero   RW          890    .bss                gimbal.o
    0x20000bd8   0x0000044c   Zero   RW          917    .bss                judge_data.o
    0x20001024   0x00000016   Zero   RW          975    .bss                uwb.o
    0x2000103a   0x00000002   PAD
    0x2000103c   0x00000060   Zero   RW         1750    .bss                c_w.l(libspace.o)
    0x2000109c   0x00000004   PAD
    0x200010a0   0x00000200   Zero   RW         1076    HEAP                startup_stm32f427_437xx.o
    0x200012a0   0x00000400   Zero   RW         1075    STACK               startup_stm32f427_437xx.o


==============================================================================

Image component sizes


      Code (inc. data)   RO Data    RW Data    ZI Data      Debug   Object Name

       464         28          0          0        220       2572   ammunition_feed.o
        72         12          0          2          0     295653   ammunition_feed_ctrl.o
        52          4          0          0          0        701   beep.o
       436         14          0          8          0       2251   can.o
       792         42          0         12        880       2774   chassis.o
       564         56          0         37        100       2316   chassis_ctrl.o
        68          8          0          0          0        595   chassis_power.o
       276         14        770          2          0       2972   crc.o
       260          8          0          4          0       1429   delay.o
       496         40          0          0        550       2018   dma.o
       660         40          0         16         40       4643   dr16.o
       138          0          0          0          0        948   friction.o
        68          6          0          0          0        524   friction_ctrl.o
       808         56          0          8        464       2870   gimbal.o
       964        148          0         16        300       1914   gimbal_ctrl.o
      1796         52          0          0          0       1663   gpio.o
      1408         86          0          6       1100       5335   judge_data.o
        28          6          0          0          0        531   key.o
        48          4          0          0          0        656   laser.o
       236         18          0          2          0       1252   led.o
       264         14          0          0          0        715   main.o
       224         20          0          0          0      18821   misc.o
       804         52          0          0          0       2340   pid.o
       708        178          0          0          0       1118   pid_set.o
      1328         90          0          0          0       2053   pwm.o
         0          0          0          4          0        891   ramp.o
       300         14          0          2         40       2250   report.o
       380         36          0         10         40       1304   shooter_heat.o
        64         26        428          0       1536        852   startup_stm32f427_437xx.o
      2544         38          0          0          0      16300   stm32f4xx_can.o
       936         32          0          0          0      18945   stm32f4xx_dma.o
       660         44          0          0          0      11333   stm32f4xx_gpio.o
        26          0          0          0          0       1250   stm32f4xx_it.o
        64          6          0          0          0       1353   stm32f4xx_iwdg.o
      1632         54          0         16          0      28308   stm32f4xx_rcc.o
      3234         60          0          0          0      42108   stm32f4xx_tim.o
      1108         34          0          0          0      13852   stm32f4xx_usart.o
       144         10          0          0          0       2448   stm32f4xx_wwdg.o
        52         10          0          0          0      28566   system_reset.o
       580         46          0         20          0       1879   system_stm32f4xx.o
       568         34          0          4          0       1160   tim.o
      1208         82          0          8        212       5576   usart.o
       136          4          0          0         22       1834   uwb.o
       152          6          0          1          0       1311   watch_dog.o

    ----------------------------------------------------------------------
     26756       1532       1230        184       5508     540184   Object Totals
         0          0         32          0          0          0   (incl. Generated)
         6          0          0          6          4          0   (incl. Padding)

    ----------------------------------------------------------------------

      Code (inc. data)   RO Data    RW Data    ZI Data      Debug   Library Member Name

         8          0          0          0          0         68   __main.o
       104          0          0          0          0         84   __printf.o
        14          0          0          0          0         68   __printf_wp.o
        52          8          0          0          0          0   __scatter.o
        26          0          0          0          0          0   __scatter_copy.o
        28          0          0          0          0          0   __scatter_zi.o
        28          0          0          0          0         68   _chval.o
        44          0          0          0          0        108   _printf_char.o
        48          6          0          0          0         96   _printf_char_common.o
        36          4          0          0          0         80   _printf_char_file.o
         6          0          0          0          0          0   _printf_d.o
       116         16          0          0          0         92   _printf_dec.o
         6          0          0          0          0          0   _printf_f.o
      1046          0          0          0          0        216   _printf_fp_dec.o
       128         16          0          0          0         84   _printf_fp_infnan.o
       178          0          0          0          0         88   _printf_intcommon.o
         0          0          0          0          0          0   _printf_percent.o
         4          0          0          0          0          0   _printf_percent_end.o
         6          0          0          0          0          0   _printf_s.o
        82          0          0          0          0         80   _printf_str.o
        22          0          0          0          0        100   _rserrno.o
        64          0          0          0          0         84   _sgetc.o
       216          4        148          0          0         96   bigflt0.o
      2074        132          0          0          0        940   btod.o
        12          0          0          0          0         72   exit.o
         8          0          0          0          0         68   ferror.o
         6          0          0          0          0        152   heapauxi.o
        18          0          0          0          0         76   isspace.o
        44         10        272          0          0         76   lc_ctype_c.o
        44         10         28          0          0         76   lc_numeric_c.o
         2          0          0          0          0          0   libinit.o
        34          0          0          0          0          0   libinit2.o
         2          0          0          0          0          0   libshutdown.o
         2          0          0          0          0          0   libshutdown2.o
         8          4          0          0         96         68   libspace.o
        38          0          0          0          0         68   llshl.o
       138          0          0          0          0         80   lludiv10.o
        24          4          0          0          0         84   noretval__2printf.o
        16          4          0          0          0         76   rt_ctype_table.o
         8          4          0          0          0         68   rt_errno_addr_intlibspace.o
         8          4          0          0          0         68   rt_locale_intlibspace.o
       138          0          0          0          0         68   rt_memcpy_v6.o
       100          0          0          0          0         80   rt_memcpy_w.o
         0          0          0          0          0          0   rtentry.o
        12          0          0          0          0          0   rtentry2.o
         6          0          0          0          0          0   rtentry4.o
         2          0          0          0          0          0   rtexit.o
        10          0          0          0          0          0   rtexit2.o
      1188         12          0          0          0        148   scanf_fp.o
       792         14          0          0          0        100   scanf_hexfp.o
       308         16          0          0          0        100   scanf_infnan.o
       128          0          0          0          0         68   strcmpv7m.o
       160         12          0          0          0        120   strtod.o
        74          0          0          0          0         80   sys_stackheap_outer.o
         2          0          0          0          0         68   use_no_semi.o
         2          0          0          0          0         68   use_no_semi_2.o
        98          4          0          0          0        140   d2f.o
       804         16          0          0          0        368   daddsub_clz.o
        16          4          0          0          0        116   dcheck1.o
        24          0          0          0          0        116   dcmpi.o
       120          4          0          0          0        140   deqf.o
        90          4          0          0          0        140   dfixu.o
       120          4          0          0          0        140   dleqf.o
       340         12          0          0          0        152   dmul.o
       156          4          0          0          0        140   dnaninf.o
        12          0          0          0          0        116   dretinf.o
       108          0          0          0          0        128   drleqf.o
       408         56          0          0          0        168   dsqrt_umaal.o
        86          4          0          0          0        132   f2d.o
       140          4          0          0          0        132   fnaninf.o
         0          0          8          0          0          0   fpconst.o
        10          0          0          0          0        116   fpinit.o
        10          0          0          0          0        116   fretinf.o
         4          0          0          0          0        116   printf1.o
       100          0          0          0          0        116   retnan.o
        92          0          0          0          0        116   scalbn.o
         4          0          0          0          0        116   scanf1.o
         8          0          0          0          0        132   scanf2.o
        48          0          0          0          0        116   trapv.o
         0          0          0          0          0          0   usenofp.o
        56         12          0          0          0        132   atof.o
        32          8          0          0          0        124   dunder.o
        48          0          0          0          0        124   fpclassify.o
       140         22          0          0          0        132   frexp.o
       244         16          0          0          0        308   ldexp.o
       184         18          0          0          0        152   narrow.o
       122          0          0          0          0        148   sqrt.o

    ----------------------------------------------------------------------
     11326        474        456          0        100       8476   Library Totals
        32          2          0          0          4          0   (incl. Padding)

    ----------------------------------------------------------------------

      Code (inc. data)   RO Data    RW Data    ZI Data      Debug   Library Name

      7670        280        448          0         96       4284   c_w.l
      2798        116          8          0          0       3072   fz_wm.l
       826         76          0          0          0       1120   m_wm.l

    ----------------------------------------------------------------------
     11326        474        456          0        100       8476   Library Totals

    ----------------------------------------------------------------------

==============================================================================


      Code (inc. data)   RO Data    RW Data    ZI Data      Debug   

     38082       2006       1686        184       5608     536568   Grand Totals
     38082       2006       1686        184       5608     536568   ELF Image Totals
     38082       2006       1686        184          0          0   ROM Totals

==============================================================================

    Total RO  Size (Code + RO Data)                39768 (  38.84kB)
    Total RW  Size (RW Data + ZI Data)              5792 (   5.66kB)
    Total ROM Size (Code + RO Data + RW Data)      39952 (  39.02kB)

==============================================================================

