Component: ARM Compiler 5.06 update 6 (build 750) Tool: armlink [4d35ed]

==============================================================================

Section Cross References

    ammunition_feed_ctrl.o(.text) refers to ammunition_feed.o(.text) for Ammunition_PID_Init
    ammunition_feed_ctrl.o(.text) refers to dr16.o(.bss) for RC_CtrlData
    ammunition_feed_ctrl.o(.text) refers to shooter_heat.o(.data) for shoot_num
    ammunition_feed_ctrl.o(.text) refers to tim.o(.data) for judge_data_cnt
    ammunition_feed_ctrl.o(.text) refers to ammunition_feed_ctrl.o(.data) for jam_t
    ammunition_feed_ctrl.o(.text) refers to ammunition_feed.o(.bss) for ammunition_motor_info
    chassis_power.o(.text) refers to judge_data.o(.bss) for game_info
    chassis_power.o(.text) refers to chassis_power.o(.data) for exceed_cnt
    chassis_ctrl.o(.text) refers to _printf_percent.o(.ARM.Collect$$_printf_percent$$00000000) for _printf_percent
    chassis_ctrl.o(.text) refers to _printf_d.o(.ARM.Collect$$_printf_percent$$00000009) for _printf_d
    chassis_ctrl.o(.text) refers to _printf_dec.o(.text) for _printf_int_dec
    chassis_ctrl.o(.text) refers to chassis.o(.text) for Chassis_Pid_Init
    chassis_ctrl.o(.text) refers to pid.o(.text) for pid_init
    chassis_ctrl.o(.text) refers to dr16.o(.text) for RC_Key_Action_Read
    chassis_ctrl.o(.text) refers to ramp.o(.text) for Ramp_Set
    chassis_ctrl.o(.text) refers to noretval__2printf.o(.text) for __2printf
    chassis_ctrl.o(.text) refers to chassis_ctrl.o(.bss) for chassis_follow_pid
    chassis_ctrl.o(.text) refers to gimbal.o(.bss) for gimbal_motor_info
    chassis_ctrl.o(.text) refers to chassis_ctrl.o(.data) for chassis_x_ramp
    chassis_ctrl.o(.text) refers to dr16.o(.bss) for RC_CtrlData
    chassis_ctrl.o(.text) refers to f2d.o(x$fpl$f2d) for __aeabi_f2d
    chassis_ctrl.o(.text) refers to sin.o(i.__hardfp_sin) for __hardfp_sin
    chassis_ctrl.o(.text) refers to dmul.o(x$fpl$dmul) for __aeabi_dmul
    chassis_ctrl.o(.text) refers to cos.o(i.__hardfp_cos) for __hardfp_cos
    chassis_ctrl.o(.text) refers to daddsub_clz.o(x$fpl$dsub) for __aeabi_dsub
    chassis_ctrl.o(.text) refers to d2f.o(x$fpl$d2f) for __aeabi_d2f
    chassis_ctrl.o(.text) refers to daddsub_clz.o(x$fpl$dadd) for __aeabi_dadd
    chassis_ctrl.o(.text) refers to chassis_power.o(.text) for Chassis_Power_Limit
    chassis_ctrl.o(.text) refers to tim.o(.data) for judge_data_cnt
    crc.o(.text) refers to crc.o(.constdata) for CRC8_TAB
    crc.o(.text) refers to crc.o(.data) for CRC16_INIT
    gimbal_ctrl.o(.text) refers to gimbal.o(.text) for Gimbal_Pid_Init
    gimbal_ctrl.o(.text) refers to pid.o(.text) for pid_init
    gimbal_ctrl.o(.text) refers to dflt_clz.o(x$fpl$dflt) for __aeabi_i2d
    gimbal_ctrl.o(.text) refers to dmul.o(x$fpl$dmul) for __aeabi_dmul
    gimbal_ctrl.o(.text) refers to d2f.o(x$fpl$d2f) for __aeabi_d2f
    gimbal_ctrl.o(.text) refers to report.o(.text) for Report_Add
    gimbal_ctrl.o(.text) refers to gimbal_ctrl.o(.bss) for gimbal_follow_pid
    gimbal_ctrl.o(.text) refers to dr16.o(.bss) for RC_CtrlData
    gimbal_ctrl.o(.text) refers to gimbal.o(.bss) for gimbal_motor_info
    gimbal_ctrl.o(.text) refers to gimbal_ctrl.o(.data) for yaw_angle_set
    gimbal_ctrl.o(.text) refers to judge_data.o(.bss) for game_info
    pid.o(.text) refers to _printf_percent.o(.ARM.Collect$$_printf_percent$$00000000) for _printf_percent
    pid.o(.text) refers to _printf_f.o(.ARM.Collect$$_printf_percent$$00000003) for _printf_f
    pid.o(.text) refers to printf1.o(x$fpl$printf1) for _printf_fp_dec
    pid.o(.text) refers to f2d.o(x$fpl$f2d) for __aeabi_f2d
    pid.o(.text) refers to noretval__2printf.o(.text) for __2printf
    shooter_heat.o(.text) refers to shooter_heat.o(.bss) for shoot_speed
    shooter_heat.o(.text) refers to judge_data.o(.bss) for game_info
    shooter_heat.o(.text) refers to shooter_heat.o(.data) for shoot_num
    ramp.o(.text) refers to ramp.o(.data) for ramp_cnt
    friction_ctrl.o(.text) refers to friction.o(.text) for Friction_Speed_Set
    friction_ctrl.o(.text) refers to dr16.o(.bss) for RC_CtrlData
    imu.o(.text) refers to imu.o(.data) for one_filter_angle
    imu.o(.text) refers to tim.o(.bss) for mygetqval
    imu.o(.text) refers to imu.o(.constdata) for .constdata
    pid_set.o(.text) refers to atof.o(i.__hardfp_atof) for __hardfp_atof
    pid_set.o(.text) refers to d2f.o(x$fpl$d2f) for __aeabi_d2f
    pid_set.o(.text) refers to strcmpv7m.o(.text) for strcmp
    pid_set.o(.text) refers to pid.o(.text) for pid_reset
    pid_set.o(.text) refers to usart.o(.data) for USART_RX_STA
    pid_set.o(.text) refers to usart.o(.bss) for USART_RX_BUF
    pid_set.o(.text) refers to chassis.o(.bss) for chassis_spd_pid
    pid_set.o(.text) refers to gimbal.o(.bss) for gimbal_pitch_spd_pid
    report.o(.text) refers to stm32f4xx_usart.o(.text) for USART_GetFlagStatus
[...]
    SPI1_IRQHandler                          0x0800547b   Thumb Code     0  startup_stm32f427_437xx.o(.text)
    SPI2_IRQHandler                          0x0800547b   Thumb Code     0  startup_stm32f427_437xx.o(.text)
    SPI3_IRQHandler                          0x0800547b   Thumb Code     0  startup_stm32f427_437xx.o(.text)
    SPI4_IRQHandler                          0x0800547b   Thumb Code     0  startup_stm32f427_437xx.o(.text)
    SPI5_IRQHandler                          0x0800547b   Thumb Code     0  startup_stm32f427_437xx.o(.text)
    SPI6_IRQHandler                          0x0800547b   Thumb Code     0  startup_stm32f427_437xx.o(.text)
    TAMP_STAMP_IRQHandler                    0x0800547b   Thumb Code     0  startup_stm32f427_437xx.o(.text)
    TIM1_BRK_TIM9_IRQHandler                 0x0800547b   Thumb Code     0  startup_stm32f427_437xx.o(.text)
    TIM1_CC_IRQHandler                       0x0800547b   Thumb Code     0  startup_stm32f427_437xx.o(.text)
    TIM1_TRG_COM_TIM11_IRQHandler            0x0800547b   Thumb Code     0  startup_stm32f427_437xx.o(.text)
    TIM1_UP_TIM10_IRQHandler                 0x0800547b   Thumb Code     0  startup_stm32f427_437xx.o(.text)
    TIM2_IRQHandler                          0x0800547b   Thumb Code     0  startup_stm32f427_437xx.o(.text)
    TIM3_IRQHandler                          0x0800547b   Thumb Code     0  startup_stm32f427_437xx.o(.text)
    TIM4_IRQHandler                          0x0800547b   Thumb Code     0  startup_stm32f427_437xx.o(.text)
    TIM5_IRQHandler                          0x0800547b   Thumb Code     0  startup_stm32f427_437xx.o(.text)
    TIM8_BRK_TIM12_IRQHandler                0x0800547b   Thumb Code     0  startup_stm32f427_437xx.o(.text)
    TIM8_CC_IRQHandler                       0x0800547b   Thumb Code     0  startup_stm32f427_437xx.o(.text)
    TIM8_TRG_COM_TIM14_IRQHandler            0x0800547b   Thumb Code     0  startup_stm32f427_437xx.o(.text)
    TIM8_UP_TIM13_IRQHandler                 0x0800547b   Thumb Code     0  startup_stm32f427_437xx.o(.text)
    UART4_IRQHandler                         0x0800547b   Thumb Code     0  startup_stm32f427_437xx.o(.text)
    UART5_IRQHandler                         0x0800547b   Thumb Code     0  startup_stm32f427_437xx.o(.text)
    UART7_IRQHandler                         0x0800547b   Thumb Code     0  startup_stm32f427_437xx.o(.text)
    UART8_IRQHandler                         0x0800547b   Thumb Code     0  startup_stm32f427_437xx.o(.text)
    USART1_IRQHandler                        0x0800547b   Thumb Code     0  startup_stm32f427_437xx.o(.text)
    USART2_IRQHandler                        0x0800547b   Thumb Code     0  startup_stm32f427_437xx.o(.text)
    USART3_IRQHandler                        0x0800547b   Thumb Code     0  startup_stm32f427_437xx.o(.text)
    __user_initial_stackheap                 0x0800547d   Thumb Code     0  startup_stm32f427_437xx.o(.text)
    NVIC_PriorityGroupConfig                 0x080054a1   Thumb Code    10  misc.o(.text)
    NVIC_Init                                0x080054ab   Thumb Code   106  misc.o(.text)
    NVIC_SetVectorTable                      0x08005515   Thumb Code    14  misc.o(.text)
    NVIC_SystemLPConfig                      0x08005523   Thumb Code    34  misc.o(.text)
    SysTick_CLKSourceConfig                  0x08005545   Thumb Code    40  misc.o(.text)
    CAN_DeInit                               0x08005581   Thumb Code    50  stm32f4xx_can.o(.text)
    CAN_Init                                 0x080055b3   Thumb Code   276  stm32f4xx_can.o(.text)
    CAN_FilterInit                           0x080056c7   Thumb Code   258  stm32f4xx_can.o(.text)
    CAN_StructInit                           0x080057c9   Thumb Code    32  stm32f4xx_can.o(.text)
    CAN_SlaveStartBank                       0x080057e9   Thumb Code    48  stm32f4xx_can.o(.text)
    CAN_DBGFreeze                            0x08005819   Thumb Code    22  stm32f4xx_can.o(.text)
    CAN_TTComModeCmd                         0x0800582f   Thumb Code   118  stm32f4xx_can.o(.text)
    CAN_Transmit                             0x080058a5   Thumb Code   304  stm32f4xx_can.o(.text)
    CAN_TransmitStatus                       0x080059d5   Thumb Code   138  stm32f4xx_can.o(.text)
    CAN_CancelTransmit                       0x08005a5f   Thumb Code    48  stm32f4xx_can.o(.text)
    CAN_Receive                              0x08005a8f   Thumb Code   240  stm32f4xx_can.o(.text)
    CAN_FIFORelease                          0x08005b7f   Thumb Code    22  stm32f4xx_can.o(.text)
    CAN_MessagePending                       0x08005b95   Thumb Code    30  stm32f4xx_can.o(.text)
    CAN_OperatingModeRequest                 0x08005bb3   Thumb Code   162  stm32f4xx_can.o(.text)
    CAN_Sleep                                0x08005c55   Thumb Code    30  stm32f4xx_can.o(.text)
    CAN_WakeUp                               0x08005c73   Thumb Code    48  stm32f4xx_can.o(.text)
    CAN_GetLastErrorCode                     0x08005ca3   Thumb Code    12  stm32f4xx_can.o(.text)
    CAN_GetReceiveErrorCounter               0x08005caf   Thumb Code    10  stm32f4xx_can.o(.text)
    CAN_GetLSBTransmitErrorCounter           0x08005cb9   Thumb Code    12  stm32f4xx_can.o(.text)
    CAN_ITConfig                             0x08005cc5   Thumb Code    18  stm32f4xx_can.o(.text)
    CAN_GetFlagStatus                        0x08005cd7   Thumb Code   120  stm32f4xx_can.o(.text)
    CAN_ClearFlag                            0x08005d4f   Thumb Code    52  stm32f4xx_can.o(.text)
    CAN_GetITStatus                          0x08005d95   Thumb Code   310  stm32f4xx_can.o(.text)
    CAN_ClearITPendingBit                    0x08005ecb   Thumb Code   162  stm32f4xx_can.o(.text)
    DMA_DeInit                               0x08005f71   Thumb Code   324  stm32f4xx_dma.o(.text)
    DMA_Init                                 0x080060b5   Thumb Code    82  stm32f4xx_dma.o(.text)
    DMA_StructInit                           0x08006107   Thumb Code    34  stm32f4xx_dma.o(.text)
    DMA_Cmd                                  0x08006129   Thumb Code    22  stm32f4xx_dma.o(.text)
    DMA_PeriphIncOffsetSizeConfig            0x0800613f   Thumb Code    22  stm32f4xx_dma.o(.text)
    DMA_FlowControllerConfig                 0x08006155   Thumb Code    22  stm32f4xx_dma.o(.text)
    DMA_SetCurrDataCounter                   0x0800616b   Thumb Code     4  stm32f4xx_dma.o(.text)
    DMA_GetCurrDataCounter                   0x0800616f   Thumb Code     8  stm32f4xx_dma.o(.text)
    DMA_DoubleBufferModeConfig               0x08006177   Thumb Code    24  stm32f4xx_dma.o(.text)
    DMA_DoubleBufferModeCmd                  0x0800618f   Thumb Code    22  stm32f4xx_dma.o(.text)
    DMA_MemoryTargetConfig                   0x080061a5   Thumb Code    10  stm32f4xx_dma.o(.text)
    DMA_GetCurrentMemoryTarget               0x080061af   Thumb Code    20  stm32f4xx_dma.o(.text)
    DMA_GetCmdStatus                         0x080061c3   Thumb Code    20  stm32f4xx_dma.o(.text)
    DMA_GetFIFOStatus                        0x080061d7   Thumb Code    12  stm32f4xx_dma.o(.text)
    DMA_GetFlagStatus                        0x080061e3   Thumb Code    56  stm32f4xx_dma.o(.text)
    DMA_ClearFlag                            0x0800621b   Thumb Code    40  stm32f4xx_dma.o(.text)
    DMA_ITConfig                             0x08006243   Thumb Code    58  stm32f4xx_dma.o(.text)
    DMA_GetITStatus                          0x0800627d   Thumb Code    84  stm32f4xx_dma.o(.text)
    DMA_ClearITPendingBit                    0x080062d1   Thumb Code    40  stm32f4xx_dma.o(.text)
    GPIO_DeInit                              0x08006319   Thumb Code   268  stm32f4xx_gpio.o(.text)
    GPIO_Init                                0x08006425   Thumb Code   144  stm32f4xx_gpio.o(.text)
    GPIO_StructInit                          0x080064b5   Thumb Code    18  stm32f4xx_gpio.o(.text)
    GPIO_PinLockConfig                       0x080064c7   Thumb Code    34  stm32f4xx_gpio.o(.text)
    GPIO_ReadInputDataBit                    0x080064e9   Thumb Code    18  stm32f4xx_gpio.o(.text)
    GPIO_ReadInputData                       0x080064fb   Thumb Code     8  stm32f4xx_gpio.o(.text)
    GPIO_ReadOutputDataBit                   0x08006503   Thumb Code    18  stm32f4xx_gpio.o(.text)
    GPIO_ReadOutputData                      0x08006515   Thumb Code     8  stm32f4xx_gpio.o(.text)
    GPIO_SetBits                             0x0800651d   Thumb Code     4  stm32f4xx_gpio.o(.text)
    GPIO_ResetBits                           0x08006521   Thumb Code     4  stm32f4xx_gpio.o(.text)
    GPIO_WriteBit                            0x08006525   Thumb Code    10  stm32f4xx_gpio.o(.text)
    GPIO_Write                               0x0800652f   Thumb Code     4  stm32f4xx_gpio.o(.text)
    GPIO_ToggleBits                          0x08006533   Thumb Code     8  stm32f4xx_gpio.o(.text)
    GPIO_PinAFConfig                         0x0800653b   Thumb Code    70  stm32f4xx_gpio.o(.text)
    RCC_DeInit                               0x080065ad   Thumb Code    82  stm32f4xx_rcc.o(.text)
    RCC_HSEConfig                            0x080065ff   Thumb Code    14  stm32f4xx_rcc.o(.text)
    RCC_GetFlagStatus                        0x0800660d   Thumb Code    60  stm32f4xx_rcc.o(.text)
    RCC_WaitForHSEStartUp                    0x08006649   Thumb Code    56  stm32f4xx_rcc.o(.text)
    RCC_AdjustHSICalibrationValue            0x08006681   Thumb Code    20  stm32f4xx_rcc.o(.text)
    RCC_HSICmd                               0x08006695   Thumb Code     6  stm32f4xx_rcc.o(.text)
    RCC_LSEConfig                            0x0800669b   Thumb Code    46  stm32f4xx_rcc.o(.text)
    RCC_LSICmd                               0x080066c9   Thumb Code     6  stm32f4xx_rcc.o(.text)
    RCC_PLLConfig                            0x080066cf   Thumb Code    32  stm32f4xx_rcc.o(.text)
    RCC_PLLCmd                               0x080066ef   Thumb Code     6  stm32f4xx_rcc.o(.text)
    RCC_PLLI2SConfig                         0x080066f5   Thumb Code    20  stm32f4xx_rcc.o(.text)
    RCC_PLLI2SCmd                            0x08006709   Thumb Code     6  stm32f4xx_rcc.o(.text)
    RCC_PLLSAIConfig                         0x0800670f   Thumb Code    20  stm32f4xx_rcc.o(.text)
    RCC_PLLSAICmd                            0x08006723   Thumb Code     6  stm32f4xx_rcc.o(.text)
    RCC_ClockSecuritySystemCmd               0x08006729   Thumb Code     6  stm32f4xx_rcc.o(.text)
    RCC_MCO1Config                           0x0800672f   Thumb Code    28  stm32f4xx_rcc.o(.text)
    RCC_MCO2Config                           0x0800674b   Thumb Code    28  stm32f4xx_rcc.o(.text)
    RCC_SYSCLKConfig                         0x08006767   Thumb Code    20  stm32f4xx_rcc.o(.text)
    RCC_GetSYSCLKSource                      0x0800677b   Thumb Code    12  stm32f4xx_rcc.o(.text)
    RCC_HCLKConfig                           0x08006787   Thumb Code    20  stm32f4xx_rcc.o(.text)
    RCC_PCLK1Config                          0x0800679b   Thumb Code    20  stm32f4xx_rcc.o(.text)
    RCC_PCLK2Config                          0x080067af   Thumb Code    22  stm32f4xx_rcc.o(.text)
    RCC_GetClocksFreq                        0x080067c5   Thumb Code   222  stm32f4xx_rcc.o(.text)
    RCC_RTCCLKConfig                         0x080068a3   Thumb Code    54  stm32f4xx_rcc.o(.text)
    RCC_RTCCLKCmd                            0x080068d9   Thumb Code     8  stm32f4xx_rcc.o(.text)
    RCC_BackupResetCmd                       0x080068e1   Thumb Code     8  stm32f4xx_rcc.o(.text)
    RCC_I2SCLKConfig                         0x080068e9   Thumb Code     6  stm32f4xx_rcc.o(.text)
    RCC_SAIPLLI2SClkDivConfig                0x080068ef   Thumb Code    26  stm32f4xx_rcc.o(.text)
    RCC_SAIPLLSAIClkDivConfig                0x08006909   Thumb Code    28  stm32f4xx_rcc.o(.text)
    RCC_SAIBlockACLKConfig                   0x08006925   Thumb Code    20  stm32f4xx_rcc.o(.text)
    RCC_SAIBlockBCLKConfig                   0x08006939   Thumb Code    20  stm32f4xx_rcc.o(.text)
    RCC_LTDCCLKDivConfig                     0x0800694d   Thumb Code    20  stm32f4xx_rcc.o(.text)
    RCC_TIMCLKPresConfig                     0x08006961   Thumb Code     6  stm32f4xx_rcc.o(.text)
    RCC_AHB1PeriphClockCmd                   0x08006967   Thumb Code    82  stm32f4xx_rcc.o(.text)
    RCC_AHB2PeriphClockCmd                   0x080069b9   Thumb Code    26  stm32f4xx_rcc.o(.text)
    RCC_AHB3PeriphClockCmd                   0x080069d3   Thumb Code    34  stm32f4xx_rcc.o(.text)
    RCC_APB1PeriphClockCmd                   0x080069f5   Thumb Code    34  stm32f4xx_rcc.o(.text)
    RCC_APB2PeriphClockCmd                   0x08006a17   Thumb Code    34  stm32f4xx_rcc.o(.text)
    RCC_AHB1PeriphResetCmd                   0x08006a39   Thumb Code    34  stm32f4xx_rcc.o(.text)
    RCC_AHB2PeriphResetCmd                   0x08006a5b   Thumb Code    34  stm32f4xx_rcc.o(.text)
    RCC_AHB3PeriphResetCmd                   0x08006a7d   Thumb Code    34  stm32f4xx_rcc.o(.text)
    RCC_APB1PeriphResetCmd                   0x08006a9f   Thumb Code    34  stm32f4xx_rcc.o(.text)
    RCC_APB2PeriphResetCmd                   0x08006ac1   Thumb Code    34  stm32f4xx_rcc.o(.text)
    RCC_AHB1PeriphClockLPModeCmd             0x08006ae3   Thumb Code    34  stm32f4xx_rcc.o(.text)
    RCC_AHB2PeriphClockLPModeCmd             0x08006b05   Thumb Code    34  stm32f4xx_rcc.o(.text)
    RCC_AHB3PeriphClockLPModeCmd             0x08006b27   Thumb Code    34  stm32f4xx_rcc.o(.text)
    RCC_APB1PeriphClockLPModeCmd             0x08006b49   Thumb Code    34  stm32f4xx_rcc.o(.text)
    RCC_APB2PeriphClockLPModeCmd             0x08006b6b   Thumb Code    34  stm32f4xx_rcc.o(.text)
    RCC_LSEModeConfig                        0x08006b8d   Thumb Code    40  stm32f4xx_rcc.o(.text)
    RCC_ITConfig                             0x08006bb5   Thumb Code    34  stm32f4xx_rcc.o(.text)
    RCC_ClearFlag                            0x08006bd7   Thumb Code    18  stm32f4xx_rcc.o(.text)
    RCC_GetITStatus                          0x08006be9   Thumb Code    22  stm32f4xx_rcc.o(.text)
    RCC_ClearITPendingBit                    0x08006bff   Thumb Code     8  stm32f4xx_rcc.o(.text)
    TIM_DeInit                               0x08006c0d   Thumb Code   346  stm32f4xx_tim.o(.text)
    TIM_TimeBaseInit                         0x08006d67   Thumb Code   104  stm32f4xx_tim.o(.text)
    TIM_TimeBaseStructInit                   0x08006dcf   Thumb Code    18  stm32f4xx_tim.o(.text)
    TIM_PrescalerConfig                      0x08006de1   Thumb Code     6  stm32f4xx_tim.o(.text)
    TIM_CounterModeConfig                    0x08006de7   Thumb Code    18  stm32f4xx_tim.o(.text)
    TIM_SetCounter                           0x08006df9   Thumb Code     4  stm32f4xx_tim.o(.text)
    TIM_SetAutoreload                        0x08006dfd   Thumb Code     4  stm32f4xx_tim.o(.text)
    TIM_GetCounter                           0x08006e01   Thumb Code     6  stm32f4xx_tim.o(.text)
    TIM_GetPrescaler                         0x08006e07   Thumb Code     6  stm32f4xx_tim.o(.text)
    TIM_UpdateDisableConfig                  0x08006e0d   Thumb Code    24  stm32f4xx_tim.o(.text)
    TIM_UpdateRequestConfig                  0x08006e25   Thumb Code    24  stm32f4xx_tim.o(.text)
    TIM_ARRPreloadConfig                     0x08006e3d   Thumb Code    24  stm32f4xx_tim.o(.text)
    TIM_SelectOnePulseMode                   0x08006e55   Thumb Code    18  stm32f4xx_tim.o(.text)
    TIM_SetClockDivision                     0x08006e67   Thumb Code    18  stm32f4xx_tim.o(.text)
    TIM_Cmd                                  0x08006e79   Thumb Code    24  stm32f4xx_tim.o(.text)
    TIM_OC1Init                              0x08006e91   Thumb Code   114  stm32f4xx_tim.o(.text)
    TIM_OC2Init                              0x08006f03   Thumb Code   154  stm32f4xx_tim.o(.text)
    TIM_OC3Init                              0x08006f9d   Thumb Code   204  stm32f4xx_tim.o(.text)
    TIM_OC4Init                              0x08007069   Thumb Code   112  stm32f4xx_tim.o(.text)
    TIM_OCStructInit                         0x080070d9   Thumb Code    20  stm32f4xx_tim.o(.text)
    TIM_SelectOCxM                           0x080070ed   Thumb Code    86  stm32f4xx_tim.o(.text)
    TIM_SetCompare1                          0x08007143   Thumb Code     4  stm32f4xx_tim.o(.text)
    TIM_SetCompare2                          0x08007147   Thumb Code     4  stm32f4xx_tim.o(.text)
    TIM_SetCompare3                          0x0800714b   Thumb Code     4  stm32f4xx_tim.o(.text)
    TIM_SetCompare4                          0x0800714f   Thumb Code     4  stm32f4xx_tim.o(.text)
    TIM_ForcedOC1Config                      0x08007153   Thumb Code    18  stm32f4xx_tim.o(.text)
    TIM_ForcedOC2Config                      0x08007165   Thumb Code    26  stm32f4xx_tim.o(.text)
    TIM_ForcedOC3Config                      0x0800717f   Thumb Code    18  stm32f4xx_tim.o(.text)
    TIM_ForcedOC4Config                      0x08007191   Thumb Code    26  stm32f4xx_tim.o(.text)
    TIM_OC1PreloadConfig                     0x080071ab   Thumb Code    18  stm32f4xx_tim.o(.text)
    TIM_OC2PreloadConfig                     0x080071bd   Thumb Code    26  stm32f4xx_tim.o(.text)
    TIM_OC3PreloadConfig                     0x080071d7   Thumb Code    18  stm32f4xx_tim.o(.text)
    TIM_OC4PreloadConfig                     0x080071e9   Thumb Code    26  stm32f4xx_tim.o(.text)
    TIM_OC1FastConfig                        0x08007203   Thumb Code    18  stm32f4xx_tim.o(.text)
    TIM_OC2FastConfig                        0x08007215   Thumb Code    26  stm32f4xx_tim.o(.text)
    TIM_OC3FastConfig                        0x0800722f   Thumb Code    18  stm32f4xx_tim.o(.text)
    TIM_OC4FastConfig                        0x08007241   Thumb Code    26  stm32f4xx_tim.o(.text)
    TIM_ClearOC1Ref                          0x0800725b   Thumb Code    18  stm32f4xx_tim.o(.text)
    TIM_ClearOC2Ref                          0x0800726d   Thumb Code    24  stm32f4xx_tim.o(.text)
    TIM_ClearOC3Ref                          0x08007285   Thumb Code    18  stm32f4xx_tim.o(.text)
    TIM_ClearOC4Ref                          0x08007297   Thumb Code    24  stm32f4xx_tim.o(.text)
    TIM_OC1PolarityConfig                    0x080072af   Thumb Code    18  stm32f4xx_tim.o(.text)
    TIM_OC1NPolarityConfig                   0x080072c1   Thumb Code    18  stm32f4xx_tim.o(.text)
    TIM_OC2PolarityConfig                    0x080072d3   Thumb Code    26  stm32f4xx_tim.o(.text)
    TIM_OC2NPolarityConfig                   0x080072ed   Thumb Code    26  stm32f4xx_tim.o(.text)
    TIM_OC3PolarityConfig                    0x08007307   Thumb Code    26  stm32f4xx_tim.o(.text)
    TIM_OC3NPolarityConfig                   0x08007321   Thumb Code    26  stm32f4xx_tim.o(.text)
    TIM_OC4PolarityConfig                    0x0800733b   Thumb Code    26  stm32f4xx_tim.o(.text)
    TIM_CCxCmd                               0x08007355   Thumb Code    30  stm32f4xx_tim.o(.text)
    TIM_CCxNCmd                              0x08007373   Thumb Code    30  stm32f4xx_tim.o(.text)
    TIM_SetIC4Prescaler                      0x08007391   Thumb Code    26  stm32f4xx_tim.o(.text)
    TIM_SetIC3Prescaler                      0x080073fb   Thumb Code    18  stm32f4xx_tim.o(.text)
    TIM_SetIC2Prescaler                      0x08007455   Thumb Code    26  stm32f4xx_tim.o(.text)
    TIM_SetIC1Prescaler                      0x080074c9   Thumb Code    18  stm32f4xx_tim.o(.text)
    TIM_ICInit                               0x08007515   Thumb Code   110  stm32f4xx_tim.o(.text)
    TIM_ICStructInit                         0x08007583   Thumb Code    18  stm32f4xx_tim.o(.text)
    TIM_PWMIConfig                           0x08007595   Thumb Code   124  stm32f4xx_tim.o(.text)
    TIM_GetCapture1                          0x08007611   Thumb Code     6  stm32f4xx_tim.o(.text)
    TIM_GetCapture2                          0x08007617   Thumb Code     6  stm32f4xx_tim.o(.text)
    TIM_GetCapture3                          0x0800761d   Thumb Code     6  stm32f4xx_tim.o(.text)
    TIM_GetCapture4                          0x08007623   Thumb Code     6  stm32f4xx_tim.o(.text)
    TIM_BDTRConfig                           0x08007629   Thumb Code    32  stm32f4xx_tim.o(.text)
    TIM_BDTRStructInit                       0x08007649   Thumb Code    18  stm32f4xx_tim.o(.text)
    TIM_CtrlPWMOutputs                       0x0800765b   Thumb Code    30  stm32f4xx_tim.o(.text)
    TIM_SelectCOM                            0x08007679   Thumb Code    24  stm32f4xx_tim.o(.text)
    TIM_CCPreloadControl                     0x08007691   Thumb Code    24  stm32f4xx_tim.o(.text)
    TIM_ITConfig                             0x080076a9   Thumb Code    18  stm32f4xx_tim.o(.text)
    TIM_GenerateEvent                        0x080076bb   Thumb Code     4  stm32f4xx_tim.o(.text)
    TIM_GetFlagStatus                        0x080076bf   Thumb Code    18  stm32f4xx_tim.o(.text)
    TIM_ClearFlag                            0x080076d1   Thumb Code     6  stm32f4xx_tim.o(.text)
    TIM_GetITStatus                          0x080076d7   Thumb Code    34  stm32f4xx_tim.o(.text)
    TIM_ClearITPendingBit                    0x080076f9   Thumb Code     6  stm32f4xx_tim.o(.text)
    TIM_DMAConfig                            0x080076ff   Thumb Code    10  stm32f4xx_tim.o(.text)
    TIM_DMACmd                               0x08007709   Thumb Code    18  stm32f4xx_tim.o(.text)
    TIM_SelectCCDMA                          0x0800771b   Thumb Code    24  stm32f4xx_tim.o(.text)
    TIM_InternalClockConfig                  0x08007733   Thumb Code    12  stm32f4xx_tim.o(.text)
    TIM_SelectInputTrigger                   0x0800773f   Thumb Code    18  stm32f4xx_tim.o(.text)
    TIM_ITRxExternalClockConfig              0x08007751   Thumb Code    24  stm32f4xx_tim.o(.text)
    TIM_TIxExternalClockConfig               0x08007769   Thumb Code    62  stm32f4xx_tim.o(.text)
    TIM_ETRConfig                            0x080077a7   Thumb Code    28  stm32f4xx_tim.o(.text)
    TIM_ETRClockMode1Config                  0x080077c3   Thumb Code    54  stm32f4xx_tim.o(.text)
    TIM_ETRClockMode2Config                  0x080077f9   Thumb Code    32  stm32f4xx_tim.o(.text)
    TIM_SelectOutputTrigger                  0x08007819   Thumb Code    18  stm32f4xx_tim.o(.text)
    TIM_SelectSlaveMode                      0x0800782b   Thumb Code    18  stm32f4xx_tim.o(.text)
    TIM_SelectMasterSlaveMode                0x0800783d   Thumb Code    18  stm32f4xx_tim.o(.text)
    TIM_EncoderInterfaceConfig               0x0800784f   Thumb Code    66  stm32f4xx_tim.o(.text)
    TIM_SelectHallSensor                     0x08007891   Thumb Code    24  stm32f4xx_tim.o(.text)
    TIM_RemapConfig                          0x080078a9   Thumb Code     6  stm32f4xx_tim.o(.text)
    USART_DeInit                             0x080078b1   Thumb Code   206  stm32f4xx_usart.o(.text)
    USART_Init                               0x0800797f   Thumb Code   204  stm32f4xx_usart.o(.text)
    USART_StructInit                         0x08007a4b   Thumb Code    24  stm32f4xx_usart.o(.text)
    USART_ClockInit                          0x08007a63   Thumb Code    32  stm32f4xx_usart.o(.text)
    USART_ClockStructInit                    0x08007a83   Thumb Code    12  stm32f4xx_usart.o(.text)
    USART_Cmd                                0x08007a8f   Thumb Code    24  stm32f4xx_usart.o(.text)
    USART_SetPrescaler                       0x08007aa7   Thumb Code    16  stm32f4xx_usart.o(.text)
    USART_OverSampling8Cmd                   0x08007ab7   Thumb Code    22  stm32f4xx_usart.o(.text)
    USART_OneBitMethodCmd                    0x08007acd   Thumb Code    24  stm32f4xx_usart.o(.text)
    USART_SendData                           0x08007ae5   Thumb Code     8  stm32f4xx_usart.o(.text)
    USART_ReceiveData                        0x08007aed   Thumb Code    10  stm32f4xx_usart.o(.text)
    USART_SetAddress                         0x08007af7   Thumb Code    18  stm32f4xx_usart.o(.text)
    USART_ReceiverWakeUpCmd                  0x08007b09   Thumb Code    24  stm32f4xx_usart.o(.text)
    USART_WakeUpConfig                       0x08007b21   Thumb Code    18  stm32f4xx_usart.o(.text)
    USART_LINBreakDetectLengthConfig         0x08007b33   Thumb Code    18  stm32f4xx_usart.o(.text)
    USART_LINCmd                             0x08007b45   Thumb Code    24  stm32f4xx_usart.o(.text)
    USART_SendBreak                          0x08007b5d   Thumb Code    10  stm32f4xx_usart.o(.text)
    USART_HalfDuplexCmd                      0x08007b67   Thumb Code    24  stm32f4xx_usart.o(.text)
    USART_SetGuardTime                       0x08007b7f   Thumb Code    16  stm32f4xx_usart.o(.text)
    USART_SmartCardCmd                       0x08007b8f   Thumb Code    24  stm32f4xx_usart.o(.text)
    USART_SmartCardNACKCmd                   0x08007ba7   Thumb Code    24  stm32f4xx_usart.o(.text)
    USART_IrDAConfig                         0x08007bbf   Thumb Code    18  stm32f4xx_usart.o(.text)
    USART_IrDACmd                            0x08007bd1   Thumb Code    24  stm32f4xx_usart.o(.text)
    USART_DMACmd                             0x08007be9   Thumb Code    18  stm32f4xx_usart.o(.text)
    USART_ITConfig                           0x08007bfb   Thumb Code    74  stm32f4xx_usart.o(.text)
    USART_GetFlagStatus                      0x08007c45   Thumb Code    26  stm32f4xx_usart.o(.text)
    USART_ClearFlag                          0x08007c5f   Thumb Code    18  stm32f4xx_usart.o(.text)
    USART_GetITStatus                        0x08007c71   Thumb Code   118  stm32f4xx_usart.o(.text)
    USART_ClearITPendingBit                  0x08007ce7   Thumb Code    30  stm32f4xx_usart.o(.text)
    WWDG_DeInit                              0x08007d05   Thumb Code    22  stm32f4xx_wwdg.o(.text)
    WWDG_SetPrescaler                        0x08007d1b   Thumb Code    18  stm32f4xx_wwdg.o(.text)
    WWDG_SetWindowValue                      0x08007d2d   Thumb Code    34  stm32f4xx_wwdg.o(.text)
    WWDG_EnableIT                            0x08007d4f   Thumb Code     8  stm32f4xx_wwdg.o(.text)
    WWDG_SetCounter                          0x08007d57   Thumb Code    12  stm32f4xx_wwdg.o(.text)
    WWDG_Enable                              0x08007d63   Thumb Code    12  stm32f4xx_wwdg.o(.text)
    WWDG_GetFlagStatus                       0x08007d6f   Thumb Code    18  stm32f4xx_wwdg.o(.text)
    WWDG_ClearFlag                           0x08007d81   Thumb Code    10  stm32f4xx_wwdg.o(.text)
    NMI_Handler                              0x08007d95   Thumb Code     2  stm32f4xx_it.o(.text)
    HardFault_Handler                        0x08007d97   Thumb Code     4  stm32f4xx_it.o(.text)
    MemManage_Handler                        0x08007d9b   Thumb Code     4  stm32f4xx_it.o(.text)
    BusFault_Handler                         0x08007d9f   Thumb Code     4  stm32f4xx_it.o(.text)
    UsageFault_Handler                       0x08007da3   Thumb Code     4  stm32f4xx_it.o(.text)
    SVC_Handler                              0x08007da7   Thumb Code     2  stm32f4xx_it.o(.text)
    DebugMon_Handler                         0x08007da9   Thumb Code     2  stm32f4xx_it.o(.text)
    PendSV_Handler                           0x08007dab   Thumb Code     2  stm32f4xx_it.o(.text)
    SysTick_Handler                          0x08007dad   Thumb Code     2  stm32f4xx_it.o(.text)
    SystemInit                               0x08007ec1   Thumb Code    88  system_stm32f4xx.o(.text)
    SystemCoreClockUpdate                    0x08007f19   Thumb Code   174  system_stm32f4xx.o(.text)
    IWDG_WriteAccessCmd                      0x08007ff5   Thumb Code     6  stm32f4xx_iwdg.o(.text)
    IWDG_SetPrescaler                        0x08007ffb   Thumb Code     6  stm32f4xx_iwdg.o(.text)
    IWDG_SetReload                           0x08008001   Thumb Code     6  stm32f4xx_iwdg.o(.text)
    IWDG_ReloadCounter                       0x08008007   Thumb Code    10  stm32f4xx_iwdg.o(.text)
    IWDG_Enable                              0x08008011   Thumb Code    10  stm32f4xx_iwdg.o(.text)
    IWDG_GetFlagStatus                       0x0800801b   Thumb Code    20  stm32f4xx_iwdg.o(.text)
    delay_init                               0x08008035   Thumb Code    52  delay.o(.text)
    delay_us                                 0x08008069   Thumb Code    72  delay.o(.text)
    delay_xms                                0x080080b1   Thumb Code    72  delay.o(.text)
    delay_ms                                 0x080080f9   Thumb Code    56  delay.o(.text)
    RM_Init                                  0x08008139   Thumb Code   160  main.o(.text)
    main                                     0x080081d9   Thumb Code    66  main.o(.text)
    __use_no_semihosting                     0x08008225   Thumb Code     2  use_no_semi_2.o(.text)
    __2printf                                0x08008229   Thumb Code    20  noretval__2printf.o(.text)
    _printf_pre_padding                      0x08008241   Thumb Code    44  _printf_pad.o(.text)
    _printf_post_padding                     0x0800826d   Thumb Code    34  _printf_pad.o(.text)
    _printf_int_dec                          0x08008291   Thumb Code   104  _printf_dec.o(.text)
    __printf                                 0x08008309   Thumb Code   270  __printf_wp.o(.text)
    __aeabi_memcpy                           0x08008417   Thumb Code     0  rt_memcpy_v6.o(.text)
    __rt_memcpy                              0x08008417   Thumb Code   138  rt_memcpy_v6.o(.text)
    _memcpy_lastbytes                        0x0800847d   Thumb Code     0  rt_memcpy_v6.o(.text)
    strcmp                                   0x080084a1   Thumb Code   128  strcmpv7m.o(.text)
    __use_two_region_memory                  0x08008521   Thumb Code     2  heapauxi.o(.text)
    __rt_heap_escrow$2region                 0x08008523   Thumb Code     2  heapauxi.o(.text)
    __rt_heap_expand$2region                 0x08008525   Thumb Code     2  heapauxi.o(.text)
    __I$use$semihosting                      0x08008527   Thumb Code     0  use_no_semi.o(.text)
    __use_no_semihosting_swi                 0x08008527   Thumb Code     2  use_no_semi.o(.text)
    __read_errno                             0x08008529   Thumb Code    10  _rserrno.o(.text)
    __set_errno                              0x08008533   Thumb Code    12  _rserrno.o(.text)
    _printf_int_common                       0x0800853f   Thumb Code   178  _printf_intcommon.o(.text)
    __lib_sel_fp_printf                      0x080085f1   Thumb Code     2  _printf_fp_dec.o(.text)
    _printf_fp_dec_real                      0x080087a3   Thumb Code   620  _printf_fp_dec.o(.text)
    _printf_char_file                        0x08008a11   Thumb Code    32  _printf_char_file.o(.text)
    __strtod_int                             0x08008a71   Thumb Code    90  strtod.o(.text)
    __aeabi_memcpy4                          0x08008ad9   Thumb Code     0  rt_memcpy_w.o(.text)
    __aeabi_memcpy8                          0x08008ad9   Thumb Code     0  rt_memcpy_w.o(.text)
    __rt_memcpy_w                            0x08008ad9   Thumb Code   100  rt_memcpy_w.o(.text)
    _memcpy_lastbytes_aligned                0x08008b21   Thumb Code     0  rt_memcpy_w.o(.text)
    __rt_locale                              0x08008b3d   Thumb Code     8  rt_locale_intlibspace.o(.text)
    __aeabi_errno_addr                       0x08008b45   Thumb Code     8  rt_errno_addr_intlibspace.o(.text)
    __errno$intlibspace                      0x08008b45   Thumb Code     0  rt_errno_addr_intlibspace.o(.text)
    __rt_errno_addr$intlibspace              0x08008b45   Thumb Code     0  rt_errno_addr_intlibspace.o(.text)
    _ll_udiv10                               0x08008b4d   Thumb Code   138  lludiv10.o(.text)
    isspace                                  0x08008bd7   Thumb Code    18  isspace.o(.text)
    _printf_char_common                      0x08008bf3   Thumb Code    32  _printf_char_common.o(.text)
    _printf_fp_infnan                        0x08008c19   Thumb Code   112  _printf_fp_infnan.o(.text)
    _sgetc                                   0x08008c99   Thumb Code    30  _sgetc.o(.text)
    _sbackspace                              0x08008cb7   Thumb Code    34  _sgetc.o(.text)
    _btod_etento                             0x08008cd9   Thumb Code   224  bigflt0.o(.text)
    ferror                                   0x08008dbd   Thumb Code     8  ferror.o(.text)
    __user_libspace                          0x08008dc5   Thumb Code     8  libspace.o(.text)
    __user_perproc_libspace                  0x08008dc5   Thumb Code     0  libspace.o(.text)
    __user_perthread_libspace                0x08008dc5   Thumb Code     0  libspace.o(.text)
    __user_setup_stackheap                   0x08008dcd   Thumb Code    74  sys_stackheap_outer.o(.text)
    __rt_ctype_table                         0x08008e19   Thumb Code    16  rt_ctype_table.o(.text)
    _scanf_really_real                       0x08009075   Thumb Code   684  scanf_fp.o(.text)
    exit                                     0x08009321   Thumb Code    18  exit.o(.text)
    _scanf_really_hex_real                   0x08009335   Thumb Code   786  scanf_hexfp.o(.text)
    _scanf_really_infnan                     0x08009655   Thumb Code   292  scanf_infnan.o(.text)
    __aeabi_llsl                             0x08009789   Thumb Code     0  llshl.o(.text)
    _ll_shift_l                              0x08009789   Thumb Code    38  llshl.o(.text)
    _chval                                   0x080097af   Thumb Code    28  _chval.o(.text)
    _btod_d2e                                0x080097cb   Thumb Code    62  btod.o(CL$$btod_d2e)
    _d2e_denorm_low                          0x08009809   Thumb Code    70  btod.o(CL$$btod_d2e_denorm_low)
    _d2e_norm_op1                            0x0800984f   Thumb Code    96  btod.o(CL$$btod_d2e_norm_op1)
    __btod_div_common                        0x080098af   Thumb Code   696  btod.o(CL$$btod_div_common)
    _e2d                                     0x08009be9   Thumb Code   122  btod.o(CL$$btod_e2d)
    _e2e                                     0x08009c6d   Thumb Code   220  btod.o(CL$$btod_e2e)
    _btod_ediv                               0x08009d49   Thumb Code    42  btod.o(CL$$btod_ediv)
    _btod_edivd                              0x08009d73   Thumb Code    42  btod.o(CL$$btod_edivd)
    _btod_emul                               0x08009d9d   Thumb Code    42  btod.o(CL$$btod_emul)
    _btod_emuld                              0x08009dc7   Thumb Code    42  btod.o(CL$$btod_emuld)
    __btod_mult_common                       0x08009df1   Thumb Code   580  btod.o(CL$$btod_mult_common)
    __ARM_fpclassify                         0x0800a035   Thumb Code    48  fpclassify.o(i.__ARM_fpclassify)
    __hardfp___mathlib_tofloat               0x0800a069   Thumb Code   232  narrow.o(i.__hardfp___mathlib_tofloat)
    __hardfp_atof                            0x0800a161   Thumb Code    44  atof.o(i.__hardfp_atof)
    __hardfp_cos                             0x0800a199   Thumb Code   180  cos.o(i.__hardfp_cos)
    __hardfp_ldexp                           0x0800a261   Thumb Code   200  ldexp.o(i.__hardfp_ldexp)
    __hardfp_sin                             0x0800a331   Thumb Code   180  sin.o(i.__hardfp_sin)
    __hardfp_sqrt                            0x0800a3f9   Thumb Code   122  sqrt.o(i.__hardfp_sqrt)
    __ieee754_rem_pio2                       0x0800a479   Thumb Code   938  rred.o(i.__ieee754_rem_pio2)
    __kernel_cos                             0x0800a8b1   Thumb Code   322  cos_i.o(i.__kernel_cos)
    __kernel_poly                            0x0800aa21   Thumb Code   248  poly.o(i.__kernel_poly)
    __kernel_sin                             0x0800ab19   Thumb Code   280  sin_i.o(i.__kernel_sin)
    __mathlib_dbl_infnan                     0x0800ac49   Thumb Code    20  dunder.o(i.__mathlib_dbl_infnan)
    __mathlib_dbl_invalid                    0x0800ac61   Thumb Code    24  dunder.o(i.__mathlib_dbl_invalid)
    __mathlib_dbl_overflow                   0x0800ac81   Thumb Code    24  dunder.o(i.__mathlib_dbl_overflow)
    __mathlib_dbl_underflow                  0x0800aca1   Thumb Code    24  dunder.o(i.__mathlib_dbl_underflow)
    __mathlib_narrow                         0x0800acc1   Thumb Code    18  narrow.o(i.__mathlib_narrow)
    __support_ldexp                          0x0800acd3   Thumb Code    20  ldexp.o(i.__support_ldexp)
    _is_digit                                0x0800ace7   Thumb Code    14  __printf_wp.o(i._is_digit)
    fabs                                     0x0800acf5   Thumb Code    24  fabs.o(i.fabs)
    frexp                                    0x0800ad11   Thumb Code   118  frexp.o(i.frexp)
    _get_lc_numeric                          0x0800ad9d   Thumb Code    44  lc_numeric_c.o(locale$$code)
    _get_lc_ctype                            0x0800adc9   Thumb Code    44  lc_ctype_c.o(locale$$code)
    __aeabi_dneg                             0x0800adf5   Thumb Code     0  basic.o(x$fpl$basic)
    _dneg                                    0x0800adf5   Thumb Code     6  basic.o(x$fpl$basic)
    __aeabi_fneg                             0x0800adfb   Thumb Code     0  basic.o(x$fpl$basic)
    _fneg                                    0x0800adfb   Thumb Code     6  basic.o(x$fpl$basic)
    _dabs                                    0x0800ae01   Thumb Code     6  basic.o(x$fpl$basic)
    _fabs                                    0x0800ae07   Thumb Code     6  basic.o(x$fpl$basic)
    __aeabi_d2f                              0x0800ae0d   Thumb Code     0  d2f.o(x$fpl$d2f)
    _d2f                                     0x0800ae0d   Thumb Code    98  d2f.o(x$fpl$d2f)
    __aeabi_dadd                             0x0800ae71   Thumb Code     0  daddsub_clz.o(x$fpl$dadd)
    _dadd                                    0x0800ae71   Thumb Code   332  daddsub_clz.o(x$fpl$dadd)
    __fpl_dcheck_NaN1                        0x0800afc1   Thumb Code    10  dcheck1.o(x$fpl$dcheck1)
    __fpl_dcmp_Inf                           0x0800afd1   Thumb Code    24  dcmpi.o(x$fpl$dcmpinf)
    __aeabi_ddiv                             0x0800afe9   Thumb Code     0  ddiv.o(x$fpl$ddiv)
    _ddiv                                    0x0800afe9   Thumb Code   552  ddiv.o(x$fpl$ddiv)
    __aeabi_cdcmpeq                          0x0800b299   Thumb Code     0  deqf.o(x$fpl$deqf)
    _dcmpeq                                  0x0800b299   Thumb Code   120  deqf.o(x$fpl$deqf)
    __aeabi_d2iz                             0x0800b311   Thumb Code     0  dfix.o(x$fpl$dfix)
    _dfix                                    0x0800b311   Thumb Code    94  dfix.o(x$fpl$dfix)
    __aeabi_d2uiz                            0x0800b371   Thumb Code     0  dfixu.o(x$fpl$dfixu)
    _dfixu                                   0x0800b371   Thumb Code    90  dfixu.o(x$fpl$dfixu)
    __aeabi_i2d                              0x0800b3cb   Thumb Code     0  dflt_clz.o(x$fpl$dflt)
    _dflt                                    0x0800b3cb   Thumb Code    46  dflt_clz.o(x$fpl$dflt)
    __aeabi_ui2d                             0x0800b3f9   Thumb Code     0  dflt_clz.o(x$fpl$dfltu)
    _dfltu                                   0x0800b3f9   Thumb Code    38  dflt_clz.o(x$fpl$dfltu)
    __aeabi_cdcmple                          0x0800b421   Thumb Code     0  dleqf.o(x$fpl$dleqf)
    _dcmple                                  0x0800b421   Thumb Code   120  dleqf.o(x$fpl$dleqf)
    __fpl_dcmple_InfNaN                      0x0800b483   Thumb Code     0  dleqf.o(x$fpl$dleqf)
    __aeabi_dmul                             0x0800b499   Thumb Code     0  dmul.o(x$fpl$dmul)
    _dmul                                    0x0800b499   Thumb Code   332  dmul.o(x$fpl$dmul)
    __fpl_dnaninf                            0x0800b5ed   Thumb Code   156  dnaninf.o(x$fpl$dnaninf)
    __fpl_dretinf                            0x0800b689   Thumb Code    12  dretinf.o(x$fpl$dretinf)
    __aeabi_cdrcmple                         0x0800b695   Thumb Code     0  drleqf.o(x$fpl$drleqf)
    _drcmple                                 0x0800b695   Thumb Code   108  drleqf.o(x$fpl$drleqf)
    __aeabi_drsub                            0x0800b701   Thumb Code     0  daddsub_clz.o(x$fpl$drsb)
    _drsb                                    0x0800b701   Thumb Code    22  daddsub_clz.o(x$fpl$drsb)
    _dsqrt                                   0x0800b719   Thumb Code   404  dsqrt_umaal.o(x$fpl$dsqrt)
    __aeabi_dsub                             0x0800b8b1   Thumb Code     0  daddsub_clz.o(x$fpl$dsub)
    _dsub                                    0x0800b8b1   Thumb Code   464  daddsub_clz.o(x$fpl$dsub)
    __aeabi_f2d                              0x0800ba85   Thumb Code     0  f2d.o(x$fpl$f2d)
    _f2d                                     0x0800ba85   Thumb Code    86  f2d.o(x$fpl$f2d)
    __fpl_fnaninf                            0x0800badb   Thumb Code   140  fnaninf.o(x$fpl$fnaninf)
    _fp_init                                 0x0800bb67   Thumb Code    10  fpinit.o(x$fpl$fpinit)
    __fplib_config_fpu_vfp                   0x0800bb6f   Thumb Code     0  fpinit.o(x$fpl$fpinit)
    __fplib_config_pureend_doubles           0x0800bb6f   Thumb Code     0  fpinit.o(x$fpl$fpinit)
    __fpl_fretinf                            0x0800bb71   Thumb Code    10  fretinf.o(x$fpl$fretinf)
    __ieee_status                            0x0800bb7b   Thumb Code     6  istatus.o(x$fpl$ieeestatus)
    _printf_fp_dec                           0x0800bb81   Thumb Code     4  printf1.o(x$fpl$printf1)
    __fpl_return_NaN                         0x0800bb85   Thumb Code   100  retnan.o(x$fpl$retnan)
    __ARM_scalbn                             0x0800bbe9   Thumb Code    92  scalbn.o(x$fpl$scalbn)
    _scanf_real                              0x0800bc45   Thumb Code     4  scanf1.o(x$fpl$scanf1)
    _scanf_hex_real                          0x0800bc49   Thumb Code     4  scanf2.o(x$fpl$scanf2)
    _scanf_infnan                            0x0800bc4d   Thumb Code     4  scanf2.o(x$fpl$scanf2)
    __fpl_cmpreturn                          0x0800bc51   Thumb Code    48  trapv.o(x$fpl$trapveneer)
    CRC8_INIT                                0x0800bc80   Data           1  crc.o(.constdata)
    __I$use$fp                               0x0800bc80   Number         0  usenofp.o(x$fpl$usenofp)
    CRC8_TAB                                 0x0800bc81   Data         256  crc.o(.constdata)
    wCRC_Table                               0x0800bd82   Data         512  crc.o(.constdata)
    Region$$Table$$Base                      0x0800c14c   Number         0  anon$$obj.o(Region$$Table)
    Region$$Table$$Limit                     0x0800c16c   Number         0  anon$$obj.o(Region$$Table)
    __aeabi_HUGE_VAL                         0x0800c16c   Data           0  fpconst.o(c$$dinf)
    __aeabi_HUGE_VALL                        0x0800c16c   Data           0  fpconst.o(c$$dinf)
    __aeabi_INFINITY                         0x0800c16c   Data           0  fpconst.o(c$$dinf)
    __dInf                                   0x0800c16c   Data           0  fpconst.o(c$$dinf)
    __huge_val                               0x0800c16c   Data           0  fpconst.o(c$$dinf)
    __dbl_max                                0x0800c174   Data           0  fpconst.o(c$$dmax)
    __ctype                                  0x0800c1a5   Data           0  lc_ctype_c.o(locale$$data)
    pid_zero_flag                            0x2000000c   Data           4  chassis_power.o(.data)
    chassis_x_ramp                           0x20000014   Data           8  chassis_ctrl.o(.data)
    chassis_y_ramp                           0x2000001c   Data           8  chassis_ctrl.o(.data)
    chassis_yaw_ramp                         0x20000024   Data           8  chassis_ctrl.o(.data)
    CRC16_INIT                               0x2000003a   Data           2  crc.o(.data)
    Shooter17_Exceed_Limit_Flag              0x2000004c   Data           1  shooter_heat.o(.data)
    Shooter42_Exceed_Limit_Flag              0x2000004d   Data           1  shooter_heat.o(.data)
    shoot_num                                0x20000050   Data           4  shooter_heat.o(.data)
    ramp_cnt                                 0x20000054   Data           4  ramp.o(.data)
    Beep_State                               0x20000074   Data           4  beep.o(.data)
    freq_C                                   0x2000007c   Data          28  beep.o(.data)
    LED_State_Red                            0x200000a0   Data           1  led.o(.data)
    LED_State_Green                          0x200000a1   Data           1  led.o(.data)
    Can1_ReceiveBuffer                       0x200000a2   Data           8  can.o(.data)
    judge_data_cnt                           0x200000b0   Data           4  tim.o(.data)
    beep_cnt                                 0x200000b4   Data           4  tim.o(.data)
    led_cnt                                  0x200000b8   Data           4  tim.o(.data)
    music_xuemaojiao                         0x200000bc   Data         155  tim.o(.data)
    music_lanhuacao                          0x20000157   Data          74  tim.o(.data)
    music                                    0x200001a4   Data           4  tim.o(.data)
    USART_RX_STA                             0x200001b0   Data           2  usart.o(.data)
    __stdout                                 0x200001b4   Data           4  usart.o(.data)
    ammunition_canbuf                        0x200001b8   Data           8  ammunition_feed.o(.data)
    RC_Action_Key_Press                      0x200001c8   Data           2  dr16.o(.data)
    RC_Action_Key_Unpress                    0x200001ca   Data           2  dr16.o(.data)
    RC_Action_Mouse                          0x200001cc   Data           1  dr16.o(.data)
    rc_cnt                                   0x200001d4   Data           4  dr16.o(.data)
    Seq_last                                 0x200001dc   Data           1  judge_data.o(.data)
    frame_header                             0x200001dd   Data           5  judge_data.o(.data)
    Laser_state                              0x200001e4   Data           4  laser.o(.data)
    MPU6050_Lastax                           0x200001e8   Data           2  mpu6050_driver.o(.data)
    MPU6050_Lastay                           0x200001ea   Data           2  mpu6050_driver.o(.data)
    MPU6050_Lastaz                           0x200001ec   Data           2  mpu6050_driver.o(.data)
    MPU6050_Lastgx                           0x200001ee   Data           2  mpu6050_driver.o(.data)
    MPU6050_Lastgy                           0x200001f0   Data           2  mpu6050_driver.o(.data)
    MPU6050_Lastgz                           0x200001f2   Data           2  mpu6050_driver.o(.data)
    Yaw                                      0x200001f4   Data           4  mpu6050_driver.o(.data)
    Pitch                                    0x200001f8   Data           4  mpu6050_driver.o(.data)
    Roll                                     0x200001fc   Data           4  mpu6050_driver.o(.data)
    WWDG_CNT                                 0x20000200   Data           1  watch_dog.o(.data)
    SystemCoreClock                          0x20000214   Data           4  system_stm32f4xx.o(.data)
    AHBPrescTable                            0x20000218   Data          16  system_stm32f4xx.o(.data)
    chassis_follow_pid                       0x2000022c   Data         100  chassis_ctrl.o(.bss)
    gimbal_follow_pid                        0x20000290   Data         100  gimbal_ctrl.o(.bss)
    gimbal_yaw_vision_pid                    0x200002f4   Data         100  gimbal_ctrl.o(.bss)
    gimbal_pitch_vision_pid                  0x20000358   Data         100  gimbal_ctrl.o(.bss)
    shoot_speed                              0x200003bc   Data          12  shooter_heat.o(.bss)
    beep_music                               0x20000408   Data          16  beep.o(.bss)
    dbus_buf                                 0x20000418   Data          18  dma.o(.bss)
    judge_dma_rxbuf                          0x2000042a   Data         512  dma.o(.bss)
    vision_dma_rxbuf                         0x2000062a   Data          20  dma.o(.bss)
    mygetqval                                0x20000640   Data          36  tim.o(.bss)
    USART_RX_BUF                             0x20000664   Data         200  usart.o(.bss)
    vision_get                               0x2000072c   Data          12  usart.o(.bss)
    ammunition_spd_pid                       0x20000738   Data         100  ammunition_feed.o(.bss)
    ammunition_pos_pid                       0x2000079c   Data         100  ammunition_feed.o(.bss)
    ammunition_motor_info                    0x20000800   Data          24  ammunition_feed.o(.bss)
    chassis_offline_cnt                      0x20000818   Data          16  chassis.o(.bss)
    chassis_spd_pid                          0x20000828   Data         400  chassis.o(.bss)
    chassis_pos_pid                          0x200009b8   Data         400  chassis.o(.bss)
    chassis_motor_info                       0x20000b48   Data          96  chassis.o(.bss)
    RC_CtrlData                              0x20000ba8   Data          20  dr16.o(.bss)
    last_RC_CtrlData                         0x20000bbc   Data          20  dr16.o(.bss)
    gimbal_pitch_spd_pid                     0x20000bd0   Data         100  gimbal.o(.bss)
    gimbal_yaw_spd_pid                       0x20000c34   Data         100  gimbal.o(.bss)
    gimbal_pitch_pos_pid                     0x20000c98   Data         100  gimbal.o(.bss)
    gimbal_yaw_pos_pid                       0x20000cfc   Data         100  gimbal.o(.bss)
    gimbal_motor_info                        0x20000d60   Data          48  gimbal.o(.bss)
    judge_info_get                           0x20000d90   Data        1044  judge_data.o(.bss)
    game_info                                0x200011a4   Data          56  judge_data.o(.bss)
    UWB_data                                 0x200011dc   Data          22  uwb.o(.bss)
    MPU6050_Raw_Data                         0x200011f4   Data          20  mpu6050_driver.o(.bss)
    MPU6050_Real_Data                        0x20001208   Data          40  mpu6050_driver.o(.bss)
    mpu_buf                                  0x20001230   Data          20  mpu6050_driver.o(.bss)
    MPU6050_FIFO                             0x20001244   Data         132  mpu6050_driver.o(.bss)
    __libspace_start                         0x200012c8   Data          96  libspace.o(.bss)
    __temporary_stack_top$libspace           0x20001328   Data           0  libspace.o(.bss)



==============================================================================

Memory Map of the image

  Image Entry point : 0x080001ad

  Load Region LR_IROM1 (Base: 0x08000000, Size: 0x0000c4d4, Max: 0x00200000, ABSOLUTE, COMPRESSED[0x0000c38c])

    Execution Region ER_IROM1 (Exec base: 0x08000000, Load base: 0x08000000, Size: 0x0000c2a8, Max: 0x00200000, ABSOLUTE)

    Exec Addr    Load Addr    Size         Type   Attr      Idx    E Section Name        Object

    0x08000000   0x08000000   0x000001ac   Data   RO         1134    RESET               startup_stm32f427_437xx.o
    0x080001ac   0x080001ac   0x00000008   Code   RO         1600  * !!!main             c_w.l(__main.o)
    0x080001b4   0x080001b4   0x00000034   Code   RO         2025    !!!scatter          c_w.l(__scatter.o)
    0x080001e8   0x080001e8   0x0000005a   Code   RO         2023    !!dczerorl2         c_w.l(__dczerorl2.o)
    0x08000242   0x08000242   0x00000002   PAD
    0x08000244   0x08000244   0x0000001c   Code   RO         2027    !!handler_zi        c_w.l(__scatter_zi.o)
    0x08000260   0x08000260   0x00000000   Code   RO         1593    .ARM.Collect$$_printf_percent$$00000000  c_w.l(_printf_percent.o)
    0x08000260   0x08000260   0x00000006   Code   RO         1592    .ARM.Collect$$_printf_percent$$00000003  c_w.l(_printf_f.o)
    0x08000266   0x08000266   0x00000006   Code   RO         1591    .ARM.Collect$$_printf_percent$$00000009  c_w.l(_printf_d.o)
    0x0800026c   0x0800026c   0x00000004   Code   RO         1679    .ARM.Collect$$_printf_percent$$00000017  c_w.l(_printf_percent_end.o)
    0x08000270   0x08000270   0x00000002   Code   RO         1836    .ARM.Collect$$libinit$$00000000  c_w.l(libinit.o)
    0x08000272   0x08000272   0x00000004   Code   RO         1837    .ARM.Collect$$libinit$$00000001  c_w.l(libinit2.o)
    0x08000276   0x08000276   0x00000000   Code   RO         1840    .ARM.Collect$$libinit$$00000004  c_w.l(libinit2.o)
    0x08000276   0x08000276   0x00000000   Code   RO         1843    .ARM.Collect$$libinit$$0000000A  c_w.l(libinit2.o)
    0x08000276   0x08000276   0x00000000   Code   RO         1845    .ARM.Collect$$libinit$$0000000C  c_w.l(libinit2.o)
    0x08000276   0x08000276   0x00000000   Code   RO         1847    .ARM.Collect$$libinit$$0000000E  c_w.l(libinit2.o)
    0x08000276   0x08000276   0x00000006   Code   RO         1848    .ARM.Collect$$libinit$$0000000F  c_w.l(libinit2.o)
    0x0800027c   0x0800027c   0x00000000   Code   RO         1850    .ARM.Collect$$libinit$$00000011  c_w.l(libinit2.o)
    0x0800027c   0x0800027c   0x0000000c   Code   RO         1851    .ARM.Collect$$libinit$$00000012  c_w.l(libinit2.o)
    0x08000288   0x08000288   0x00000000   Code   RO         1852    .ARM.Collect$$libinit$$00000013  c_w.l(libinit2.o)
    0x08000288   0x08000288   0x00000000   Code   RO         1854    .ARM.Collect$$libinit$$00000015  c_w.l(libinit2.o)
    0x08000288   0x08000288   0x0000000a   Code   RO         1855    .ARM.Collect$$libinit$$00000016  c_w.l(libinit2.o)
    0x08000292   0x08000292   0x00000000   Code   RO         1856    .ARM.Collect$$libinit$$00000017  c_w.l(libinit2.o)
    0x08000292   0x08000292   0x00000000   Code   RO         1858    .ARM.Collect$$libinit$$00000019  c_w.l(libinit2.o)
    0x08000292   0x08000292   0x00000000   Code   RO         1860    .ARM.Collect$$libinit$$0000001B  c_w.l(libinit2.o)
    0x08000292   0x08000292   0x00000000   Code   RO         1862    .ARM.Collect$$libinit$$0000001D  c_w.l(libinit2.o)
    0x08000292   0x08000292   0x00000000   Code   RO         1864    .ARM.Collect$$libinit$$0000001F  c_w.l(libinit2.o)
    0x08000292   0x08000292   0x00000000   Code   RO         1866    .ARM.Collect$$libinit$$00000021  c_w.l(libinit2.o)
    0x08000292   0x08000292   0x00000000   Code   RO         1868    .ARM.Collect$$libinit$$00000023  c_w.l(libinit2.o)
    0x08000292   0x08000292   0x00000000   Code   RO         1870    .ARM.Collect$$libinit$$00000025  c_w.l(libinit2.o)
    0x08000292   0x08000292   0x00000000   Code   RO         1874    .ARM.Collect$$libinit$$0000002C  c_w.l(libinit2.o)
    0x08000292   0x08000292   0x00000000   Code   RO         1876    .ARM.Collect$$libinit$$0000002E  c_w.l(libinit2.o)
    0x08000292   0x08000292   0x00000000   Code   RO         1878    .ARM.Collect$$libinit$$00000030  c_w.l(libinit2.o)
    0x08000292   0x08000292   0x00000000   Code   RO         1880    .ARM.Collect$$libinit$$00000032  c_w.l(libinit2.o)
    0x08000292   0x08000292   0x00000002   Code   RO         1881    .ARM.Collect$$libinit$$00000033  c_w.l(libinit2.o)
    0x08000294   0x08000294   0x00000002   Code   RO         1948    .ARM.Collect$$libshutdown$$00000000  c_w.l(libshutdown.o)
    0x08000296   0x08000296   0x00000000   Code   RO         1973    .ARM.Collect$$libshutdown$$00000002  c_w.l(libshutdown2.o)
    0x08000296   0x08000296   0x00000000   Code   RO         1975    .ARM.Collect$$libshutdown$$00000004  c_w.l(libshutdown2.o)
    0x08000296   0x08000296   0x00000000   Code   RO         1978    .ARM.Collect$$libshutdown$$00000007  c_w.l(libshutdown2.o)
    0x08000296   0x08000296   0x00000000   Code   RO         1981    .ARM.Collect$$libshutdown$$0000000A  c_w.l(libshutdown2.o)
    0x08000296   0x08000296   0x00000000   Code   RO         1983    .ARM.Collect$$libshutdown$$0000000C  c_w.l(libshutdown2.o)
    0x08000296   0x08000296   0x00000000   Code   RO         1986    .ARM.Collect$$libshutdown$$0000000F  c_w.l(libshutdown2.o)
    0x08000296   0x08000296   0x00000002   Code   RO         1987    .ARM.Collect$$libshutdown$$00000010  c_w.l(libshutdown2.o)
    0x08000298   0x08000298   0x00000000   Code   RO         1670    .ARM.Collect$$rtentry$$00000000  c_w.l(__rtentry.o)
    0x08000298   0x08000298   0x00000000   Code   RO         1728    .ARM.Collect$$rtentry$$00000002  c_w.l(__rtentry2.o)
    0x08000298   0x08000298   0x00000006   Code   RO         1740    .ARM.Collect$$rtentry$$00000004  c_w.l(__rtentry4.o)
    0x0800029e   0x0800029e   0x00000000   Code   RO         1730    .ARM.Collect$$rtentry$$00000009  c_w.l(__rtentry2.o)
    0x0800029e   0x0800029e   0x00000004   Code   RO         1731    .ARM.Collect$$rtentry$$0000000A  c_w.l(__rtentry2.o)
    0x080002a2   0x080002a2   0x00000000   Code   RO         1733    .ARM.Collect$$rtentry$$0000000C  c_w.l(__rtentry2.o)
    0x080002a2   0x080002a2   0x00000008   Code   RO         1734    .ARM.Collect$$rtentry$$0000000D  c_w.l(__rtentry2.o)
    0x080002aa   0x080002aa   0x00000002   Code   RO         1882    .ARM.Collect$$rtexit$$00000000  c_w.l(rtexit.o)
    0x080002ac   0x080002ac   0x00000000   Code   RO         1910    .ARM.Collect$$rtexit$$00000002  c_w.l(rtexit2.o)
    0x080002ac   0x080002ac   0x00000004   Code   RO         1911    .ARM.Collect$$rtexit$$00000003  c_w.l(rtexit2.o)
    0x080002b0   0x080002b0   0x00000006   Code   RO         1912    .ARM.Collect$$rtexit$$00000004  c_w.l(rtexit2.o)
    0x080002b6   0x080002b6   0x00000002   PAD
    0x080002b8   0x080002b8   0x000000c4   Code   RO            3    .text               ammunition_feed_ctrl.o
    0x0800037c   0x0800037c   0x00000190   Code   RO          174    .text               chassis_power.o
    0x0800050c   0x0800050c   0x000008b0   Code   RO          220    .text               chassis_ctrl.o
    0x08000dbc   0x08000dbc   0x00000114   Code   RO          266    .text               crc.o
    0x08000ed0   0x08000ed0   0x00000284   Code   RO          293    .text               gimbal_ctrl.o
    0x08001154   0x08001154   0x0000030c   Code   RO          329    .text               pid.o
    0x08001460   0x08001460   0x000000ac   Code   RO          349    .text               shooter_heat.o
    0x0800150c   0x0800150c   0x000000c0   Code   RO          376    .text               ramp.o
    0x080015cc   0x080015cc   0x00000044   Code   RO          402    .text               friction_ctrl.o
    0x08001610   0x08001610   0x000002d0   Code   RO          431    .text               imu.o
    0x080018e0   0x080018e0   0x00000274   Code   RO          457    .text               pid_set.o
    0x08001b54   0x08001b54   0x0000012c   Code   RO          490    .text               report.o
    0x08001c80   0x08001c80   0x000002cc   Code   RO          513    .text               beep.o
    0x08001f4c   0x08001f4c   0x00000050   Code   RO          537    .text               key.o
    0x08001f9c   0x08001f9c   0x000000ec   Code   RO          562    .text               led.o
    0x08002088   0x08002088   0x000001bc   Code   RO          585    .text               can.o
    0x08002244   0x08002244   0x000001f0   Code   RO          615    .text               dma.o
    0x08002434   0x08002434   0x000006d4   Code   RO          641    .text               gpio.o
    0x08002b08   0x08002b08   0x000005c0   Code   RO          664    .text               pwm.o
    0x080030c8   0x080030c8   0x00000454   Code   RO          707    .text               tim.o
    0x0800351c   0x0800351c   0x000003cc   Code   RO          742    .text               usart.o
    0x080038e8   0x080038e8   0x000003b4   Code   RO          774    .text               mpu6050_i2c.o
    0x08003c9c   0x08003c9c   0x00000194   Code   RO          800    .text               ammunition_feed.o
    0x08003e30   0x08003e30   0x000002c4   Code   RO          831    .text               chassis.o
    0x080040f4   0x080040f4   0x00000290   Code   RO          859    .text               dr16.o
    0x08004384   0x08004384   0x0000008a   Code   RO          895    .text               friction.o
    0x0800440e   0x0800440e   0x00000002   PAD
    0x08004410   0x08004410   0x000002dc   Code   RO          915    .text               gimbal.o
    0x080046ec   0x080046ec   0x000005d4   Code   RO          943    .text               judge_data.o
    0x08004cc0   0x08004cc0   0x00000064   Code   RO          978    .text               laser.o
    0x08004d24   0x08004d24   0x00000088   Code   RO         1004    .text               uwb.o
    0x08004dac   0x08004dac   0x000005e8   Code   RO         1039    .text               mpu6050_driver.o
    0x08005394   0x08005394   0x00000034   Code   RO         1084    .text               system_reset.o
    0x080053c8   0x080053c8   0x00000098   Code   RO         1111    .text               watch_dog.o
    0x08005460   0x08005460   0x00000040   Code   RO         1135    .text               startup_stm32f427_437xx.o
    0x080054a0   0x080054a0   0x000000e0   Code   RO         1141    .text               misc.o
    0x08005580   0x08005580   0x000009f0   Code   RO         1245    .text               stm32f4xx_can.o
    0x08005f70   0x08005f70   0x000003a8   Code   RO         1271    .text               stm32f4xx_dma.o
    0x08006318   0x08006318   0x00000294   Code   RO         1294    .text               stm32f4xx_gpio.o
    0x080065ac   0x080065ac   0x00000660   Code   RO         1317    .text               stm32f4xx_rcc.o
    0x08006c0c   0x08006c0c   0x00000ca2   Code   RO         1365    .text               stm32f4xx_tim.o
    0x080078ae   0x080078ae   0x00000002   PAD
    0x080078b0   0x080078b0   0x00000454   Code   RO         1388    .text               stm32f4xx_usart.o
    0x08007d04   0x08007d04   0x00000090   Code   RO         1411    .text               stm32f4xx_wwdg.o
    0x08007d94   0x08007d94   0x0000001a   Code   RO         1431    .text               stm32f4xx_it.o
    0x08007dae   0x08007dae   0x00000002   PAD
    0x08007db0   0x08007db0   0x00000244   Code   RO         1454    .text               system_stm32f4xx.o
    0x08007ff4   0x08007ff4   0x00000040   Code   RO         1480    .text               stm32f4xx_iwdg.o
    0x08008034   0x08008034   0x00000104   Code   RO         1500    .text               delay.o
    0x08008138   0x08008138   0x000000ec   Code   RO         1536    .text               main.o
    0x08008224   0x08008224   0x00000002   Code   RO         1559    .text               c_w.l(use_no_semi_2.o)
    0x08008226   0x08008226   0x00000002   PAD
    0x08008228   0x08008228   0x00000018   Code   RO         1563    .text               c_w.l(noretval__2printf.o)
    0x08008240   0x08008240   0x0000004e   Code   RO         1567    .text               c_w.l(_printf_pad.o)
    0x0800828e   0x0800828e   0x00000002   PAD
    0x08008290   0x08008290   0x00000078   Code   RO         1569    .text               c_w.l(_printf_dec.o)
    0x08008308   0x08008308   0x0000010e   Code   RO         1579    .text               c_w.l(__printf_wp.o)
    0x08008416   0x08008416   0x0000008a   Code   RO         1594    .text               c_w.l(rt_memcpy_v6.o)
    0x080084a0   0x080084a0   0x00000080   Code   RO         1596    .text               c_w.l(strcmpv7m.o)
    0x08008520   0x08008520   0x00000006   Code   RO         1598    .text               c_w.l(heapauxi.o)
    0x08008526   0x08008526   0x00000002   Code   RO         1668    .text               c_w.l(use_no_semi.o)
    0x08008528   0x08008528   0x00000016   Code   RO         1671    .text               c_w.l(_rserrno.o)
    0x0800853e   0x0800853e   0x000000b2   Code   RO         1673    .text               c_w.l(_printf_intcommon.o)
    0x080085f0   0x080085f0   0x0000041e   Code   RO         1675    .text               c_w.l(_printf_fp_dec.o)
    0x08008a0e   0x08008a0e   0x00000002   PAD
    0x08008a10   0x08008a10   0x00000024   Code   RO         1677    .text               c_w.l(_printf_char_file.o)
    0x08008a34   0x08008a34   0x000000a4   Code   RO         1680    .text               c_w.l(strtod.o)
    0x08008ad8   0x08008ad8   0x00000064   Code   RO         1682    .text               c_w.l(rt_memcpy_w.o)
    0x08008b3c   0x08008b3c   0x00000008   Code   RO         1745    .text               c_w.l(rt_locale_intlibspace.o)
    0x08008b44   0x08008b44   0x00000008   Code   RO         1750    .text               c_w.l(rt_errno_addr_intlibspace.o)
    0x08008b4c   0x08008b4c   0x0000008a   Code   RO         1752    .text               c_w.l(lludiv10.o)
    0x08008bd6   0x08008bd6   0x00000012   Code   RO         1754    .text               c_w.l(isspace.o)
    0x08008be8   0x08008be8   0x00000030   Code   RO         1756    .text               c_w.l(_printf_char_common.o)
    0x08008c18   0x08008c18   0x00000080   Code   RO         1758    .text               c_w.l(_printf_fp_infnan.o)
    0x08008c98   0x08008c98   0x00000040   Code   RO         1760    .text               c_w.l(_sgetc.o)
    0x08008cd8   0x08008cd8   0x000000e4   Code   RO         1762    .text               c_w.l(bigflt0.o)
    0x08008dbc   0x08008dbc   0x00000008   Code   RO         1787    .text               c_w.l(ferror.o)
    0x08008dc4   0x08008dc4   0x00000008   Code   RO         1818    .text               c_w.l(libspace.o)
    0x08008dcc   0x08008dcc   0x0000004a   Code   RO         1821    .text               c_w.l(sys_stackheap_outer.o)
    0x08008e16   0x08008e16   0x00000002   PAD
    0x08008e18   0x08008e18   0x00000010   Code   RO         1823    .text               c_w.l(rt_ctype_table.o)
    0x08008e28   0x08008e28   0x000004f8   Code   RO         1827    .text               c_w.l(scanf_fp.o)
    0x08009320   0x08009320   0x00000012   Code   RO         1829    .text               c_w.l(exit.o)
    0x08009332   0x08009332   0x00000002   PAD
    0x08009334   0x08009334   0x00000320   Code   RO         1916    .text               c_w.l(scanf_hexfp.o)
    0x08009654   0x08009654   0x00000134   Code   RO         1918    .text               c_w.l(scanf_infnan.o)
    0x08009788   0x08009788   0x00000026   Code   RO         1938    .text               c_w.l(llshl.o)
    0x080097ae   0x080097ae   0x0000001c   Code   RO         1940    .text               c_w.l(_chval.o)
    0x080097ca   0x080097ca   0x0000003e   Code   RO         1765    CL$$btod_d2e        c_w.l(btod.o)
    0x08009808   0x08009808   0x00000046   Code   RO         1767    CL$$btod_d2e_denorm_low  c_w.l(btod.o)
    0x0800984e   0x0800984e   0x00000060   Code   RO         1766    CL$$btod_d2e_norm_op1  c_w.l(btod.o)
    0x080098ae   0x080098ae   0x00000338   Code   RO         1775    CL$$btod_div_common  c_w.l(btod.o)
    0x08009be6   0x08009be6   0x00000002   PAD
    0x08009be8   0x08009be8   0x00000084   Code   RO         1773    CL$$btod_e2d        c_w.l(btod.o)
    0x08009c6c   0x08009c6c   0x000000dc   Code   RO         1772    CL$$btod_e2e        c_w.l(btod.o)
    0x08009d48   0x08009d48   0x0000002a   Code   RO         1769    CL$$btod_ediv       c_w.l(btod.o)
    0x08009d72   0x08009d72   0x0000002a   Code   RO         1771    CL$$btod_edivd      c_w.l(btod.o)
    0x08009d9c   0x08009d9c   0x0000002a   Code   RO         1768    CL$$btod_emul       c_w.l(btod.o)
    0x08009dc6   0x08009dc6   0x0000002a   Code   RO         1770    CL$$btod_emuld      c_w.l(btod.o)
    0x08009df0   0x08009df0   0x00000244   Code   RO         1774    CL$$btod_mult_common  c_w.l(btod.o)
    0x0800a034   0x0800a034   0x00000030   Code   RO         1814    i.__ARM_fpclassify  m_wm.l(fpclassify.o)
    0x0800a064   0x0800a064   0x00000004   PAD
    0x0800a068   0x0800a068   0x000000f8   Code   RO         1901    i.__hardfp___mathlib_tofloat  m_wm.l(narrow.o)
    0x0800a160   0x0800a160   0x00000038   Code   RO         1626    i.__hardfp_atof     m_wm.l(atof.o)
    0x0800a198   0x0800a198   0x000000c8   Code   RO         1632    i.__hardfp_cos      m_wm.l(cos.o)
    0x0800a260   0x0800a260   0x000000d0   Code   RO         1949    i.__hardfp_ldexp    m_wm.l(ldexp.o)
    0x0800a330   0x0800a330   0x000000c8   Code   RO         1644    i.__hardfp_sin      m_wm.l(sin.o)
    0x0800a3f8   0x0800a3f8   0x0000007a   Code   RO         1656    i.__hardfp_sqrt     m_wm.l(sqrt.o)
    0x0800a472   0x0800a472   0x00000006   PAD
    0x0800a478   0x0800a478   0x00000438   Code   RO         1716    i.__ieee754_rem_pio2  m_wm.l(rred.o)
    0x0800a8b0   0x0800a8b0   0x00000170   Code   RO         1699    i.__kernel_cos      m_wm.l(cos_i.o)
    0x0800aa20   0x0800aa20   0x000000f8   Code   RO         1816    i.__kernel_poly     m_wm.l(poly.o)
    0x0800ab18   0x0800ab18   0x00000130   Code   RO         1721    i.__kernel_sin      m_wm.l(sin_i.o)
    0x0800ac48   0x0800ac48   0x00000014   Code   RO         1703    i.__mathlib_dbl_infnan  m_wm.l(dunder.o)
    0x0800ac5c   0x0800ac5c   0x00000004   PAD
    0x0800ac60   0x0800ac60   0x00000020   Code   RO         1705    i.__mathlib_dbl_invalid  m_wm.l(dunder.o)
    0x0800ac80   0x0800ac80   0x00000020   Code   RO         1706    i.__mathlib_dbl_overflow  m_wm.l(dunder.o)
    0x0800aca0   0x0800aca0   0x00000020   Code   RO         1708    i.__mathlib_dbl_underflow  m_wm.l(dunder.o)
    0x0800acc0   0x0800acc0   0x00000012   Code   RO         1902    i.__mathlib_narrow  m_wm.l(narrow.o)
    0x0800acd2   0x0800acd2   0x00000014   Code   RO         1951    i.__support_ldexp   m_wm.l(ldexp.o)
    0x0800ace6   0x0800ace6   0x0000000e   Code   RO         1581    i._is_digit         c_w.l(__printf_wp.o)
    0x0800acf4   0x0800acf4   0x00000018   Code   RO         1810    i.fabs              m_wm.l(fabs.o)
    0x0800ad0c   0x0800ad0c   0x00000004   PAD
    0x0800ad10   0x0800ad10   0x0000008c   Code   RO         1930    i.frexp             m_wm.l(frexp.o)
    0x0800ad9c   0x0800ad9c   0x0000002c   Code   RO         1792    locale$$code        c_w.l(lc_numeric_c.o)
    0x0800adc8   0x0800adc8   0x0000002c   Code   RO         1885    locale$$code        c_w.l(lc_ctype_c.o)
    0x0800adf4   0x0800adf4   0x00000018   Code   RO         1684    x$fpl$basic         fz_wm.l(basic.o)
    0x0800ae0c   0x0800ae0c   0x00000062   Code   RO         1602    x$fpl$d2f           fz_wm.l(d2f.o)
    0x0800ae6e   0x0800ae6e   0x00000002   PAD
    0x0800ae70   0x0800ae70   0x00000150   Code   RO         1604    x$fpl$dadd          fz_wm.l(daddsub_clz.o)
    0x0800afc0   0x0800afc0   0x00000010   Code   RO         1995    x$fpl$dcheck1       fz_wm.l(dcheck1.o)
    0x0800afd0   0x0800afd0   0x00000018   Code   RO         1794    x$fpl$dcmpinf       fz_wm.l(dcmpi.o)
    0x0800afe8   0x0800afe8   0x000002b0   Code   RO         1797    x$fpl$ddiv          fz_wm.l(ddiv.o)
    0x0800b298   0x0800b298   0x00000078   Code   RO         1924    x$fpl$deqf          fz_wm.l(deqf.o)
    0x0800b310   0x0800b310   0x0000005e   Code   RO         1800    x$fpl$dfix          fz_wm.l(dfix.o)
    0x0800b36e   0x0800b36e   0x00000002   PAD
    0x0800b370   0x0800b370   0x0000005a   Code   RO         1610    x$fpl$dfixu         fz_wm.l(dfixu.o)
    0x0800b3ca   0x0800b3ca   0x0000002e   Code   RO         1615    x$fpl$dflt          fz_wm.l(dflt_clz.o)
    0x0800b3f8   0x0800b3f8   0x00000026   Code   RO         1614    x$fpl$dfltu         fz_wm.l(dflt_clz.o)
    0x0800b41e   0x0800b41e   0x00000002   PAD
    0x0800b420   0x0800b420   0x00000078   Code   RO         1686    x$fpl$dleqf         fz_wm.l(dleqf.o)
    0x0800b498   0x0800b498   0x00000154   Code   RO         1620    x$fpl$dmul          fz_wm.l(dmul.o)
    0x0800b5ec   0x0800b5ec   0x0000009c   Code   RO         1688    x$fpl$dnaninf       fz_wm.l(dnaninf.o)
    0x0800b688   0x0800b688   0x0000000c   Code   RO         1690    x$fpl$dretinf       fz_wm.l(dretinf.o)
    0x0800b694   0x0800b694   0x0000006c   Code   RO         1926    x$fpl$drleqf        fz_wm.l(drleqf.o)
    0x0800b700   0x0800b700   0x00000016   Code   RO         1605    x$fpl$drsb          fz_wm.l(daddsub_clz.o)
    0x0800b716   0x0800b716   0x00000002   PAD
    0x0800b718   0x0800b718   0x00000198   Code   RO         1692    x$fpl$dsqrt         fz_wm.l(dsqrt_umaal.o)
    0x0800b8b0   0x0800b8b0   0x000001d4   Code   RO         1606    x$fpl$dsub          fz_wm.l(daddsub_clz.o)
    0x0800ba84   0x0800ba84   0x00000056   Code   RO         1622    x$fpl$f2d           fz_wm.l(f2d.o)
    0x0800bada   0x0800bada   0x0000008c   Code   RO         1694    x$fpl$fnaninf       fz_wm.l(fnaninf.o)
    0x0800bb66   0x0800bb66   0x0000000a   Code   RO         1893    x$fpl$fpinit        fz_wm.l(fpinit.o)
    0x0800bb70   0x0800bb70   0x0000000a   Code   RO         1696    x$fpl$fretinf       fz_wm.l(fretinf.o)
    0x0800bb7a   0x0800bb7a   0x00000006   Code   RO         1804    x$fpl$ieeestatus    fz_wm.l(istatus.o)
    0x0800bb80   0x0800bb80   0x00000004   Code   RO         1624    x$fpl$printf1       fz_wm.l(printf1.o)
    0x0800bb84   0x0800bb84   0x00000064   Code   RO         2001    x$fpl$retnan        fz_wm.l(retnan.o)
    0x0800bbe8   0x0800bbe8   0x0000005c   Code   RO         1988    x$fpl$scalbn        fz_wm.l(scalbn.o)
    0x0800bc44   0x0800bc44   0x00000004   Code   RO         1806    x$fpl$scanf1        fz_wm.l(scanf1.o)
    0x0800bc48   0x0800bc48   0x00000008   Code   RO         1895    x$fpl$scanf2        fz_wm.l(scanf2.o)
    0x0800bc50   0x0800bc50   0x00000030   Code   RO         2019    x$fpl$trapveneer    fz_wm.l(trapv.o)
    0x0800bc80   0x0800bc80   0x00000000   Code   RO         1698    x$fpl$usenofp       fz_wm.l(usenofp.o)
    0x0800bc80   0x0800bc80   0x00000302   Data   RO          267    .constdata          crc.o
    0x0800bf82   0x0800bf82   0x00000002   PAD
    0x0800bf84   0x0800bf84   0x00000010   Data   RO          432    .constdata          imu.o
    0x0800bf94   0x0800bf94   0x00000004   PAD
    0x0800bf98   0x0800bf98   0x00000030   Data   RO         1700    .constdata          m_wm.l(cos_i.o)
    0x0800bfc8   0x0800bfc8   0x000000c8   Data   RO         1718    .constdata          m_wm.l(rred.o)
    0x0800c090   0x0800c090   0x00000028   Data   RO         1722    .constdata          m_wm.l(sin_i.o)
    0x0800c0b8   0x0800c0b8   0x00000094   Data   RO         1763    .constdata          c_w.l(bigflt0.o)
    0x0800c14c   0x0800c14c   0x00000020   Data   RO         2021    Region$$Table       anon$$obj.o
    0x0800c16c   0x0800c16c   0x00000008   Data   RO         1889    c$$dinf             fz_wm.l(fpconst.o)
    0x0800c174   0x0800c174   0x00000008   Data   RO         1892    c$$dmax             fz_wm.l(fpconst.o)
    0x0800c17c   0x0800c17c   0x0000001c   Data   RO         1791    locale$$data        c_w.l(lc_numeric_c.o)
    0x0800c198   0x0800c198   0x00000110   Data   RO         1884    locale$$data        c_w.l(lc_ctype_c.o)


    Execution Region RW_IRAM1 (Exec base: 0x20000000, Load base: 0x0800c2a8, Size: 0x00001928, Max: 0x00030000, ABSOLUTE, COMPRESSED[0x000000e4])

    Exec Addr    Load Addr    Size         Type   Attr      Idx    E Section Name        Object

    0x20000000   COMPRESSED   0x0000000c   Data   RW            4    .data               ammunition_feed_ctrl.o
    0x2000000c   COMPRESSED   0x00000008   Data   RW          175    .data               chassis_power.o
    0x20000014   COMPRESSED   0x00000025   Data   RW          222    .data               chassis_ctrl.o
    0x20000039   COMPRESSED   0x00000001   PAD
    0x2000003a   COMPRESSED   0x00000002   Data   RW          268    .data               crc.o
    0x2000003c   COMPRESSED   0x00000010   Data   RW          295    .data               gimbal_ctrl.o
    0x2000004c   COMPRESSED   0x00000008   Data   RW          351    .data               shooter_heat.o
    0x20000054   COMPRESSED   0x00000004   Data   RW          377    .data               ramp.o
    0x20000058   COMPRESSED   0x00000018   Data   RW          433    .data               imu.o
    0x20000070   COMPRESSED   0x00000002   Data   RW          492    .data               report.o
    0x20000072   COMPRESSED   0x00000002   PAD
    0x20000074   COMPRESSED   0x00000024   Data   RW          515    .data               beep.o
    0x20000098   COMPRESSED   0x00000008   Data   RW          538    .data               key.o
    0x200000a0   COMPRESSED   0x00000002   Data   RW          563    .data               led.o
    0x200000a2   COMPRESSED   0x00000008   Data   RW          586    .data               can.o
    0x200000aa   COMPRESSED   0x00000002   PAD
    0x200000ac   COMPRESSED   0x00000104   Data   RW          709    .data               tim.o
    0x200001b0   COMPRESSED   0x00000008   Data   RW          744    .data               usart.o
    0x200001b8   COMPRESSED   0x0000000c   Data   RW          802    .data               ammunition_feed.o
    0x200001c4   COMPRESSED   0x00000004   Data   RW          833    .data               chassis.o
    0x200001c8   COMPRESSED   0x00000010   Data   RW          861    .data               dr16.o
    0x200001d8   COMPRESSED   0x00000004   Data   RW          917    .data               gimbal.o
    0x200001dc   COMPRESSED   0x00000006   Data   RW          945    .data               judge_data.o
    0x200001e2   COMPRESSED   0x00000002   PAD
    0x200001e4   COMPRESSED   0x00000004   Data   RW          979    .data               laser.o
    0x200001e8   COMPRESSED   0x00000018   Data   RW         1041    .data               mpu6050_driver.o
    0x20000200   COMPRESSED   0x00000001   Data   RW         1112    .data               watch_dog.o
    0x20000201   COMPRESSED   0x00000010   Data   RW         1318    .data               stm32f4xx_rcc.o
    0x20000211   COMPRESSED   0x00000003   PAD
    0x20000214   COMPRESSED   0x00000014   Data   RW         1455    .data               system_stm32f4xx.o
    0x20000228   COMPRESSED   0x00000004   Data   RW         1501    .data               delay.o
    0x2000022c        -       0x00000064   Zero   RW          221    .bss                chassis_ctrl.o
    0x20000290        -       0x0000012c   Zero   RW          294    .bss                gimbal_ctrl.o
    0x200003bc        -       0x0000000c   Zero   RW          350    .bss                shooter_heat.o
    0x200003c8        -       0x00000028   Zero   RW          491    .bss                report.o
    0x200003f0        -       0x00000028   Zero   RW          514    .bss                beep.o
    0x20000418        -       0x00000226   Zero   RW          616    .bss                dma.o
    0x2000063e   COMPRESSED   0x00000002   PAD
    0x20000640        -       0x00000024   Zero   RW          708    .bss                tim.o
    0x20000664        -       0x000000d4   Zero   RW          743    .bss                usart.o
    0x20000738        -       0x000000e0   Zero   RW          801    .bss                ammunition_feed.o
    0x20000818        -       0x00000390   Zero   RW          832    .bss                chassis.o
    0x20000ba8        -       0x00000028   Zero   RW          860    .bss                dr16.o
    0x20000bd0        -       0x000001c0   Zero   RW          916    .bss                gimbal.o
    0x20000d90        -       0x0000044c   Zero   RW          944    .bss                judge_data.o
    0x200011dc        -       0x00000016   Zero   RW         1005    .bss                uwb.o
    0x200011f2   COMPRESSED   0x00000002   PAD
    0x200011f4        -       0x000000d4   Zero   RW         1040    .bss                mpu6050_driver.o
    0x200012c8        -       0x00000060   Zero   RW         1819    .bss                c_w.l(libspace.o)
    0x20001328        -       0x00000200   Zero   RW         1133    HEAP                startup_stm32f427_437xx.o
    0x20001528        -       0x00000400   Zero   RW         1132    STACK               startup_stm32f427_437xx.o


==============================================================================

Image component sizes


      Code (inc. data)   RO Data    RW Data    ZI Data      Debug   Object Name

       404         42          0         12        224       2655   ammunition_feed.o
       196         32          0         12          0     295854   ammunition_feed_ctrl.o
       716         34          0         36         40       3038   beep.o
       444         14          0          8          0       2355   can.o
       708         48          0          4        912       2871   chassis.o
      2224        148          0         37        100       3223   chassis_ctrl.o
       400         26          0          8          0       1022   chassis_power.o
       276         14        770          2          0       3062   crc.o
       260          8          0          4          0       1469   delay.o
       496         40          0          0        550       2014   dma.o
       656         30          0         16         40       4580   dr16.o
       138          0          0          0          0        980   friction.o
        68          6          0          0          0        520   friction_ctrl.o
       732         74          0          4        448       2989   gimbal.o
       644        104          0         16        300       1802   gimbal_ctrl.o
      1748         48          0          0          0       1631   gpio.o
       720         50         16         24          0       2023   imu.o
      1492        102          0          6       1100       5511   judge_data.o
        80         12          0          8          0        937   key.o
       100          8          0          4          0       1039   laser.o
       236         18          0          2          0       1280   led.o
       236         10          0          0          0        715   main.o
       224         20          0          0          0      18813   misc.o
      1512        200          0         24        212       7343   mpu6050_driver.o
       948         92          0          0          0       3836   mpu6050_i2c.o
       780         42          0          0          0       2440   pid.o
       628        156          0          0          0       1082   pid_set.o
      1472         98          0          0          0       2407   pwm.o
       192         10          0          4          0       1840   ramp.o
       300         14          0          2         40       2310   report.o
       172         18          0          8         12       1719   shooter_heat.o
        64         26        428          0       1536        852   startup_stm32f427_437xx.o
      2544         38          0          0          0      16468   stm32f4xx_can.o
       936         32          0          0          0      19037   stm32f4xx_dma.o
       660         44          0          0          0      11389   stm32f4xx_gpio.o
        26          0          0          0          0       1246   stm32f4xx_it.o
        64          6          0          0          0       1361   stm32f4xx_iwdg.o
      1632         54          0         16          0      28448   stm32f4xx_rcc.o
      3234         60          0          0          0      42820   stm32f4xx_tim.o
      1108         34          0          0          0      13932   stm32f4xx_usart.o
       144         10          0          0          0       2444   stm32f4xx_wwdg.o
        52         10          0          0          0      28478   system_reset.o
       580         46          0         20          0       1875   system_stm32f4xx.o
      1108         82          0        260         36       3053   tim.o
       972         54          0          8        212       5031   usart.o
       136          4          0          0         22       1838   uwb.o
       152          6          0          1          0       1367   watch_dog.o

    ----------------------------------------------------------------------
     32620       2024       1252        556       5788     562999   Object Totals
         0          0         32          0          0          0   (incl. Generated)
         6          0          6         10          4          0   (incl. Padding)

    ----------------------------------------------------------------------

      Code (inc. data)   RO Data    RW Data    ZI Data      Debug   Library Member Name

        90          0          0          0          0          0   __dczerorl2.o
         8          0          0          0          0         68   __main.o
       284          0          0          0          0        156   __printf_wp.o
         0          0          0          0          0          0   __rtentry.o
        12          0          0          0          0          0   __rtentry2.o
         6          0          0          0          0          0   __rtentry4.o
        52          8          0          0          0          0   __scatter.o
        28          0          0          0          0          0   __scatter_zi.o
        28          0          0          0          0         68   _chval.o
        48          6          0          0          0         96   _printf_char_common.o
        36          4          0          0          0         80   _printf_char_file.o
         6          0          0          0          0          0   _printf_d.o
       120         16          0          0          0         92   _printf_dec.o
         6          0          0          0          0          0   _printf_f.o
      1054          0          0          0          0        216   _printf_fp_dec.o
       128         16          0          0          0         84   _printf_fp_infnan.o
       178          0          0          0          0         88   _printf_intcommon.o
        78          0          0          0          0        108   _printf_pad.o
         0          0          0          0          0          0   _printf_percent.o
         4          0          0          0          0          0   _printf_percent_end.o
        22          0          0          0          0        100   _rserrno.o
        64          0          0          0          0         84   _sgetc.o
       228          4        148          0          0         96   bigflt0.o
      2152        136          0          0          0        960   btod.o
        18          0          0          0          0         80   exit.o
         8          0          0          0          0         68   ferror.o
         6          0          0          0          0        152   heapauxi.o
        18          0          0          0          0         76   isspace.o
        44         10        272          0          0         76   lc_ctype_c.o
        44         10         28          0          0         76   lc_numeric_c.o
         2          0          0          0          0          0   libinit.o
        34          0          0          0          0          0   libinit2.o
         2          0          0          0          0          0   libshutdown.o
         2          0          0          0          0          0   libshutdown2.o
         8          4          0          0         96         68   libspace.o
        38          0          0          0          0         68   llshl.o
       138          0          0          0          0         80   lludiv10.o
        24          4          0          0          0         84   noretval__2printf.o
        16          4          0          0          0         76   rt_ctype_table.o
         8          4          0          0          0         68   rt_errno_addr_intlibspace.o
         8          4          0          0          0         68   rt_locale_intlibspace.o
       138          0          0          0          0         68   rt_memcpy_v6.o
       100          0          0          0          0         80   rt_memcpy_w.o
         2          0          0          0          0          0   rtexit.o
        10          0          0          0          0          0   rtexit2.o
      1272         16          0          0          0        168   scanf_fp.o
       800         14          0          0          0        100   scanf_hexfp.o
       308         16          0          0          0        100   scanf_infnan.o
       128          0          0          0          0         68   strcmpv7m.o
       164         14          0          0          0        120   strtod.o
        74          0          0          0          0         80   sys_stackheap_outer.o
         2          0          0          0          0         68   use_no_semi.o
         2          0          0          0          0         68   use_no_semi_2.o
        24          0          0          0          0        164   basic.o
        98          4          0          0          0        140   d2f.o
       826         16          0          0          0        492   daddsub_clz.o
        16          4          0          0          0        116   dcheck1.o
        24          0          0          0          0        116   dcmpi.o
       688        140          0          0          0        256   ddiv.o
       120          4          0          0          0        140   deqf.o
        94          4          0          0          0        140   dfix.o
        90          4          0          0          0        140   dfixu.o
        84          0          0          0          0        232   dflt_clz.o
       120          4          0          0          0        140   dleqf.o
       340         12          0          0          0        152   dmul.o
       156          4          0          0          0        140   dnaninf.o
        12          0          0          0          0        116   dretinf.o
       108          0          0          0          0        128   drleqf.o
       408         56          0          0          0        168   dsqrt_umaal.o
        86          4          0          0          0        132   f2d.o
       140          4          0          0          0        132   fnaninf.o
         0          0         16          0          0          0   fpconst.o
        10          0          0          0          0        116   fpinit.o
        10          0          0          0          0        116   fretinf.o
         6          0          0          0          0        116   istatus.o
         4          0          0          0          0        116   printf1.o
       100          0          0          0          0        116   retnan.o
        92          0          0          0          0        116   scalbn.o
         4          0          0          0          0        116   scanf1.o
         8          0          0          0          0        132   scanf2.o
        48          0          0          0          0        116   trapv.o
         0          0          0          0          0          0   usenofp.o
        56         12          0          0          0        132   atof.o
       200         20          0          0          0        164   cos.o
       368         46         48          0          0        200   cos_i.o
       116         24          0          0          0        496   dunder.o
        24          0          0          0          0        124   fabs.o
        48          0          0          0          0        124   fpclassify.o
       140         22          0          0          0        132   frexp.o
       228          8          0          0          0        308   ldexp.o
       266         16          0          0          0        308   narrow.o
       248          0          0          0          0        152   poly.o
      1080        142        200          0          0        188   rred.o
       200         20          0          0          0        164   sin.o
       304         24         40          0          0        208   sin_i.o
       122          0          0          0          0        148   sqrt.o

    ----------------------------------------------------------------------
     15208        886        752          0         96      11208   Library Totals
        42          2          0          0          0          0   (incl. Padding)

    ----------------------------------------------------------------------

      Code (inc. data)   RO Data    RW Data    ZI Data      Debug   Library Name

      8050        290        448          0         96       4256   c_w.l
      3716        260         16          0          0       4104   fz_wm.l
      3400        334        288          0          0       2848   m_wm.l

    ----------------------------------------------------------------------
     15208        886        752          0         96      11208   Library Totals

    ----------------------------------------------------------------------

==============================================================================


      Code (inc. data)   RO Data    RW Data    ZI Data      Debug   

     47828       2910       2004        556       5884     559267   Grand Totals
     47828       2910       2004        228       5884     559267   ELF Image Totals (compressed)
     47828       2910       2004        228          0          0   ROM Totals

==============================================================================

    Total RO  Size (Code + RO Data)                49832 (  48.66kB)
    Total RW  Size (RW Data + ZI Data)              6440 (   6.29kB)
    Total ROM Size (Code + RO Data + RW Data)      50060 (  48.89kB)

==============================================================================

